Archive member included to satisfy reference by file (symbol)

app/libapp.a(main.c.obj)      (--whole-archive)
app/libapp.a(my_lbs.c.obj)    (--whole-archive)
zephyr/libzephyr.a(cbprintf_packaged.c.obj)
                              (--whole-archive)
zephyr/libzephyr.a(dec.c.obj)
                              (--whole-archive)
zephyr/libzephyr.a(fdtable.c.obj)
                              (--whole-archive)
zephyr/libzephyr.a(hex.c.obj)
                              (--whole-archive)
zephyr/libzephyr.a(printk.c.obj)
                              (--whole-archive)
zephyr/libzephyr.a(rb.c.obj)  (--whole-archive)
zephyr/libzephyr.a(sem.c.obj)
                              (--whole-archive)
zephyr/libzephyr.a(thread_entry.c.obj)
                              (--whole-archive)
zephyr/libzephyr.a(timeutil.c.obj)
                              (--whole-archive)
zephyr/libzephyr.a(heap.c.obj)
                              (--whole-archive)
zephyr/libzephyr.a(heap-validate.c.obj)
                              (--whole-archive)
zephyr/libzephyr.a(bitarray.c.obj)
                              (--whole-archive)
zephyr/libzephyr.a(multi_heap.c.obj)
                              (--whole-archive)
zephyr/libzephyr.a(onoff.c.obj)
                              (--whole-archive)
zephyr/libzephyr.a(notify.c.obj)
                              (--whole-archive)
zephyr/libzephyr.a(crc32c_sw.c.obj)
                              (--whole-archive)
zephyr/libzephyr.a(crc32_sw.c.obj)
                              (--whole-archive)
zephyr/libzephyr.a(crc16_sw.c.obj)
                              (--whole-archive)
zephyr/libzephyr.a(crc8_sw.c.obj)
                              (--whole-archive)
zephyr/libzephyr.a(crc7_sw.c.obj)
                              (--whole-archive)
zephyr/libzephyr.a(cbprintf_complete.c.obj)
                              (--whole-archive)
zephyr/libzephyr.a(cbprintf.c.obj)
                              (--whole-archive)
zephyr/libzephyr.a(assert.c.obj)
                              (--whole-archive)
zephyr/libzephyr.a(mpsc_pbuf.c.obj)
                              (--whole-archive)
zephyr/libzephyr.a(reboot.c.obj)
                              (--whole-archive)
zephyr/libzephyr.a(configs.c.obj)
                              (--whole-archive)
zephyr/libzephyr.a(soc.c.obj)
                              (--whole-archive)
zephyr/libzephyr.a(power.c.obj)
                              (--whole-archive)
zephyr/libzephyr.a(sync_rtc.c.obj)
                              (--whole-archive)
zephyr/libzephyr.a(soc_nrf_common.S.obj)
                              (--whole-archive)
zephyr/libzephyr.a(soc_secure.c.obj)
                              (--whole-archive)
zephyr/libzephyr.a(validate_base_addresses.c.obj)
                              (--whole-archive)
zephyr/libzephyr.a(validate_enabled_instances.c.obj)
                              (--whole-archive)
zephyr/libzephyr.a(ipc_service.c.obj)
                              (--whole-archive)
zephyr/libzephyr.a(ipc_rpmsg_static_vrings.c.obj)
                              (--whole-archive)
zephyr/libzephyr.a(ipc_rpmsg.c.obj)
                              (--whole-archive)
zephyr/libzephyr.a(ipc_static_vrings.c.obj)
                              (--whole-archive)
zephyr/libzephyr.a(log_core.c.obj)
                              (--whole-archive)
zephyr/libzephyr.a(log_mgmt.c.obj)
                              (--whole-archive)
zephyr/libzephyr.a(log_cache.c.obj)
                              (--whole-archive)
zephyr/libzephyr.a(log_msg.c.obj)
                              (--whole-archive)
zephyr/libzephyr.a(log_output.c.obj)
                              (--whole-archive)
zephyr/libzephyr.a(log_backend_uart.c.obj)
                              (--whole-archive)
zephyr/libzephyr.a(pm.c.obj)  (--whole-archive)
zephyr/libzephyr.a(policy.c.obj)
                              (--whole-archive)
zephyr/libzephyr.a(state.c.obj)
                              (--whole-archive)
zephyr/libzephyr.a(tracing_none.c.obj)
                              (--whole-archive)
zephyr/libzephyr.a(addr_utils.c.obj)
                              (--whole-archive)
zephyr/libzephyr.a(flash_map_partition_manager.c.obj)
                              (--whole-archive)
zephyr/libzephyr.a(utils.c.obj)
                              (--whole-archive)
zephyr/libzephyr.a(aes_decrypt.c.obj)
                              (--whole-archive)
zephyr/libzephyr.a(aes_encrypt.c.obj)
                              (--whole-archive)
zephyr/libzephyr.a(cmac_mode.c.obj)
                              (--whole-archive)
zephyr/libzephyr.a(sha256.c.obj)
                              (--whole-archive)
zephyr/libzephyr.a(hmac.c.obj)
                              (--whole-archive)
zephyr/libzephyr.a(hmac_prng.c.obj)
                              (--whole-archive)
zephyr/arch/common/libarch__common.a(sw_isr_common.c.obj)
                              (--whole-archive)
[...]
Memory Configuration

Name             Origin             Length             Attributes
FLASH            0x0000000000008000 0x00000000000f8000 xr
RAM              0x0000000020008000 0x0000000000068000 xw
IDT_LIST         0x00000000fffff7ff 0x0000000000000800 xw
*default*        0x0000000000000000 0xffffffffffffffff

Linker script and memory map

LOAD zephyr/CMakeFiles/zephyr_pre1.dir/misc/empty_file.c.obj
LOAD zephyr/CMakeFiles/zephyr_pre1.dir/dev_handles.c.obj
LOAD app/libapp.a
LOAD zephyr/libzephyr.a
LOAD zephyr/arch/common/libarch__common.a
LOAD zephyr/arch/arch/arm/core/aarch32/libarch__arm__core__aarch32.a
LOAD zephyr/arch/arch/arm/core/aarch32/cortex_m/libarch__arm__core__aarch32__cortex_m.a
LOAD zephyr/arch/arch/arm/core/aarch32/cortex_m/cmse/libarch__arm__core__aarch32__cortex_m__cmse.a
LOAD zephyr/arch/arch/arm/core/aarch32/mpu/libarch__arm__core__aarch32__mpu.a
LOAD zephyr/lib/libc/minimal/liblib__libc__minimal.a
LOAD zephyr/soc/arm/common/cortex_m/libsoc__arm__common__cortex_m.a
LOAD zephyr/boards/arm/nrf5340dk_nrf5340/libboards__arm__nrf5340dk_nrf5340.a
LOAD zephyr/subsys/random/libsubsys__random.a
LOAD zephyr/subsys/bluetooth/common/libsubsys__bluetooth__common.a
LOAD zephyr/subsys/bluetooth/host/libsubsys__bluetooth__host.a
LOAD zephyr/subsys/net/libsubsys__net.a
LOAD zephyr/drivers/bluetooth/libdrivers__bluetooth.a
LOAD zephyr/drivers/clock_control/libdrivers__clock_control.a
LOAD zephyr/drivers/console/libdrivers__console.a
LOAD zephyr/drivers/entropy/libdrivers__entropy.a
LOAD zephyr/drivers/gpio/libdrivers__gpio.a
LOAD zephyr/drivers/mbox/libdrivers__mbox.a
LOAD zephyr/drivers/pinctrl/libdrivers__pinctrl.a
LOAD zephyr/drivers/serial/libdrivers__serial.a
LOAD zephyr/drivers/timer/libdrivers__timer.a
LOAD modules/nrf/lib/dk_buttons_and_leds/lib..__nrf__lib__dk_buttons_and_leds.a
LOAD modules/nrf/lib/fatal_error/lib..__nrf__lib__fatal_error.a
LOAD modules/nrf/modules/tfm/zephyr/libtfm_api_nrf.a
LOAD modules/trusted-firmware-m/libtfm_api.a
LOAD modules/hal_nordic/nrfx/libmodules__hal_nordic__nrfx.a
LOAD modules/libmetal/libmetal/lib/libmetal.a
LOAD modules/open-amp/open-amp/lib/libopen_amp.a
LOAD modules/nrfxlib/nrfxlib/nrf_security/src/zephyr/libmbedtls_zephyr.a
LOAD zephyr/kernel/libkernel.a
LOAD zephyr/CMakeFiles/offsets.dir/./arch/arm/core/offsets/offsets.c.obj
LOAD c:/ncs/toolchains/31f4403e35/opt/zephyr-sdk/arm-zephyr-eabi/bin/../lib/gcc/arm-zephyr-eabi/12.2.0/thumb/v8-m.main/nofp\libgcc.a
LOAD zephyr/arch/common/libisr_tables.a
LOAD tfm/secure_fw/s_veneers.o
LOAD modules/nrfxlib/nrfxlib/nrf_security/src/libmbedcrypto.a
LOAD C:/ncs/v2.4.2/nrfxlib/crypto/nrf_oberon/lib/cortex-m33/soft-float/liboberon_mbedtls_3.0.13.a
LOAD modules/nrfxlib/nrfxlib/nrf_security/src/libmbedcrypto_base.a
LOAD C:/ncs/v2.4.2/nrfxlib/crypto/nrf_oberon/lib/cortex-m33/soft-float/liboberon_3.0.13.a
                0x0000000000000020                _region_min_align = 0x20

.rel.plt        0x0000000000008000        0x0
 *(SORT_BY_ALIGNMENT(.rel.plt))
                [!provide]                        PROVIDE (__rel_iplt_start = .)
 *(SORT_BY_ALIGNMENT(.rel.iplt))
 .rel.iplt      0x0000000000008000        0x0 app/libapp.a(main.c.obj)
                [!provide]                        PROVIDE (__rel_iplt_end = .)

.rela.plt       0x0000000000000000        0x0
 *(SORT_BY_ALIGNMENT(.rela.plt))
                [!provide]                        PROVIDE (__rela_iplt_start = .)
 *(SORT_BY_ALIGNMENT(.rela.iplt))
                [!provide]                        PROVIDE (__rela_iplt_end = .)

.rel.dyn
 *(SORT_BY_ALIGNMENT(.rel.*))

.rela.dyn
 *(SORT_BY_ALIGNMENT(.rela.*))

/DISCARD/
 *(SORT_BY_ALIGNMENT(.plt))

/DISCARD/
 *(SORT_BY_ALIGNMENT(.iplt))
                0x0000000000008000                __rom_region_start = 0x8000

rom_start       0x0000000000008000      0x154
                0x0000000000000000                . = 0x0
                0x0000000000000000                . = ALIGN (0x4)
                0x0000000000000000                . = ALIGN (0x80)
                0x0000000000000000                . = ALIGN (0x200)
                0x0000000000008000                _vector_start = .
 *(SORT_BY_ALIGNMENT(.exc_vector_table))
 *(SORT_BY_ALIGNMENT(.exc_vector_table.*))
 .exc_vector_table._vector_table_section
                0x0000000000008000       0x40 zephyr/arch/arch/arm/core/aarch32/cortex_m/libarch__arm__core__aarch32__cortex_m.a(vector_table.S.obj)
                0x0000000000008000                _vector_table
 *(SORT_BY_ALIGNMENT(.vectors))
                0x0000000000008154                _vector_end = .
                0x0000000000008040                . = ALIGN (0x4)
 *(SORT_BY_ALIGNMENT(.gnu.linkonce.irq_vector_table*))
 .gnu.linkonce.irq_vector_table
                0x0000000000008040      0x114 zephyr/arch/common/libisr_tables.a(isr_tables.c.obj)
                0x0000000000008040                _irq_vector_table
                0x0000000000008154                _vector_end = .

text            0x0000000000008154    0x12c10
                0x0000000000008154                __text_region_start = .
 *(SORT_BY_ALIGNMENT(.text))
 .text          0x0000000000008154       0x30 c:/ncs/toolchains/31f4403e35/opt/zephyr-sdk/arm-zephyr-eabi/bin/../lib/gcc/arm-zephyr-eabi/12.2.0/thumb/v8-m.main/nofp\libgcc.a(_aeabi_uldivmod.o)
                0x0000000000008154                __aeabi_uldivmod
 .text          0x0000000000008184        0x4 c:/ncs/toolchains/31f4403e35/opt/zephyr-sdk/arm-zephyr-eabi/bin/../lib/gcc/arm-zephyr-eabi/12.2.0/thumb/v8-m.main/nofp\libgcc.a(_dvmd_tls.o)
                0x0000000000008184                __aeabi_idiv0
                0x0000000000008184                __aeabi_ldiv0
 .text          0x0000000000008188      0x29c c:/ncs/toolchains/31f4403e35/opt/zephyr-sdk/arm-zephyr-eabi/bin/../lib/gcc/arm-zephyr-eabi/12.2.0/thumb/v8-m.main/nofp\libgcc.a(_udivmoddi4.o)
                0x0000000000008188                __udivmoddi4
 *(SORT_BY_ALIGNMENT(.text.*))
 .text.app_button_cb
                0x0000000000008424        0xc app/libapp.a(main.c.obj)
 .text.on_disconnected
                0x0000000000008430       0x18 app/libapp.a(main.c.obj)
 .text.on_connected
                0x0000000000008448       0x28 app/libapp.a(main.c.obj)
 .text.button_changed
                0x0000000000008470       0x1c app/libapp.a(main.c.obj)
 .text.send_data_thread
                0x000000000000848c       0x28 app/libapp.a(main.c.obj)
                0x000000000000848c                send_data_thread
 .text.main     0x00000000000084b4      0x140 app/libapp.a(main.c.obj)
                0x00000000000084b4                main
 .text.mylbsbc_ccc_cfg_changed
                0x00000000000085f4       0x10 app/libapp.a(my_lbs.c.obj)
 .text.mylbsbc_ccc_mysensor_cfg_changed
                0x0000000000008604       0x10 app/libapp.a(my_lbs.c.obj)
 .text.write_led
                0x0000000000008614       0x3c app/libapp.a(my_lbs.c.obj)
 .text.read_button
                0x0000000000008650       0x44 app/libapp.a(my_lbs.c.obj)
 .text.my_lbs_init
                0x0000000000008694       0x14 app/libapp.a(my_lbs.c.obj)
                0x0000000000008694                my_lbs_init
 .text.my_lbs_send_button_state_indicate
                0x00000000000086a8       0x44 app/libapp.a(my_lbs.c.obj)
                0x00000000000086a8                my_lbs_send_button_state_indicate
 .text.my_lbs_send_sensor_notify
                0x00000000000086ec       0x40 app/libapp.a(my_lbs.c.obj)
                0x00000000000086ec                my_lbs_send_sensor_notify
 .text.cbvprintf_package
                0x000000000000872c      0x3a8 zephyr/libzephyr.a(cbprintf_packaged.c.obj)
                0x000000000000872c                cbvprintf_package
 .text.cbprintf_package_convert
                0x0000000000008ad4      0x3c0 zephyr/libzephyr.a(cbprintf_packaged.c.obj)
                0x0000000000008ad4                cbprintf_package_convert
 .text.__printk_hook_install
                0x0000000000008e94        0xc zephyr/libzephyr.a(printk.c.obj)
                0x0000000000008e94                __printk_hook_install
 .text.vsnprintk
                0x0000000000008ea0       0x2c zephyr/libzephyr.a(printk.c.obj)
                0x0000000000008ea0                vsnprintk
 .text.process_event
                0x0000000000008ecc      0x21c zephyr/libzephyr.a(onoff.c.obj)
 .text.z_cbvprintf_impl
                0x00000000000090e8      0x764 zephyr/libzephyr.a(cbprintf_complete.c.obj)
                0x00000000000090e8                z_cbvprintf_impl
 .text.z_arm_on_enter_cpu_idle
                0x000000000000984c       0x68 zephyr/libzephyr.a(soc.c.obj)
                0x000000000000984c                z_arm_on_enter_cpu_idle
 .text.arch_busy_wait
                0x00000000000098b4       0x24 zephyr/libzephyr.a(soc.c.obj)
                0x00000000000098b4                arch_busy_wait
 .text.sync_rtc_setup
                0x00000000000098d8       0xc8 zephyr/libzephyr.a(sync_rtc.c.obj)
 .text.rtc_cb   0x00000000000099a0       0x44 zephyr/libzephyr.a(sync_rtc.c.obj)
 .text.mbox_callback
                0x00000000000099e4       0x70 zephyr/libzephyr.a(sync_rtc.c.obj)
 .text.z_arm_platform_init
                0x0000000000009a54        0x4 zephyr/libzephyr.a(soc_nrf_common.S.obj)
                0x0000000000009a54                z_arm_platform_init
 .text.ipc_service_open_instance
                0x0000000000009a58       0x5c zephyr/libzephyr.a(ipc_service.c.obj)
                0x0000000000009a58                ipc_service_open_instance
 .text.ipc_service_register_endpoint
                0x0000000000009ab4       0x64 zephyr/libzephyr.a(ipc_service.c.obj)
                0x0000000000009ab4                ipc_service_register_endpoint
 .text.ipc_service_send
                0x0000000000009b18       0x84 zephyr/libzephyr.a(ipc_service.c.obj)
                0x0000000000009b18                ipc_service_send
 .text.shared_memory_prepare
                0x0000000000009b9c       0x14 zephyr/libzephyr.a(ipc_rpmsg_static_vrings.c.obj)
 .text.advertise_ept
                0x0000000000009bb0       0x44 zephyr/libzephyr.a(ipc_rpmsg_static_vrings.c.obj)
 .text.get_ept  0x0000000000009bf4       0x28 zephyr/libzephyr.a(ipc_rpmsg_static_vrings.c.obj)
 .text.open     0x0000000000009c1c      0x1b8 zephyr/libzephyr.a(ipc_rpmsg_static_vrings.c.obj)
 .text.close    0x0000000000009dd4       0xc4 zephyr/libzephyr.a(ipc_rpmsg_static_vrings.c.obj)
 .text.bound_cb
                0x0000000000009e98       0x30 zephyr/libzephyr.a(ipc_rpmsg_static_vrings.c.obj)
 .text.send     0x0000000000009ec8       0x4c zephyr/libzephyr.a(ipc_rpmsg_static_vrings.c.obj)
 .text.register_ept
                0x0000000000009f14       0xe0 zephyr/libzephyr.a(ipc_rpmsg_static_vrings.c.obj)
 .text.ns_bind_cb
                0x0000000000009ff4       0x6c zephyr/libzephyr.a(ipc_rpmsg.c.obj)
 .text.ipc_rpmsg_register_ept
                0x000000000000a060       0x3c zephyr/libzephyr.a(ipc_rpmsg.c.obj)
                0x000000000000a060                ipc_rpmsg_register_ept
 .text.ipc_rpmsg_init
                0x000000000000a09c       0x70 zephyr/libzephyr.a(ipc_rpmsg.c.obj)
                0x000000000000a09c                ipc_rpmsg_init
 .text.ipc_static_vrings_init
                0x000000000000a10c      0x104 zephyr/libzephyr.a(ipc_static_vrings.c.obj)
                0x000000000000a10c                ipc_static_vrings_init
 .text.activate_foreach_backend
                0x000000000000a210       0x64 zephyr/libzephyr.a(log_core.c.obj)
 .text.enable_logger
                0x000000000000a274       0x5c zephyr/libzephyr.a(log_core.c.obj)
 .text.log_process_thread_timer_expiry_fn
                0x000000000000a2d0        0xc zephyr/libzephyr.a(log_core.c.obj)
 .text.z_log_init
                0x000000000000a2dc       0x90 zephyr/libzephyr.a(log_core.c.obj)
 .text.log_format_func_t_get
                0x000000000000a36c        0xc zephyr/libzephyr.a(log_core.c.obj)
                0x000000000000a36c                log_format_func_t_get
 .text.log_set_timestamp_func
                0x000000000000a378       0x20 zephyr/libzephyr.a(log_core.c.obj)
                0x000000000000a378                log_set_timestamp_func
 .text.z_log_notify_backend_enabled
                0x000000000000a398       0x1c zephyr/libzephyr.a(log_core.c.obj)
                0x000000000000a398                z_log_notify_backend_enabled
 .text.z_log_dropped
                0x000000000000a3b4       0x28 zephyr/libzephyr.a(log_core.c.obj)
                0x000000000000a3b4                z_log_dropped
 .text.z_log_dropped_read_and_clear
                0x000000000000a3dc       0x18 zephyr/libzephyr.a(log_core.c.obj)
                0x000000000000a3dc                z_log_dropped_read_and_clear
 .text.dropped_notify
                0x000000000000a3f4       0x30 zephyr/libzephyr.a(log_core.c.obj)
                0x000000000000a3f4                dropped_notify
 .text.z_log_msg_init
                0x000000000000a424       0x20 zephyr/libzephyr.a(log_core.c.obj)
                0x000000000000a424                z_log_msg_init
 .text.log_core_init
                0x000000000000a444       0x34 zephyr/libzephyr.a(log_core.c.obj)
                0x000000000000a444                log_core_init
 .text.z_log_msg_alloc
                0x000000000000a478       0x10 zephyr/libzephyr.a(log_core.c.obj)
                0x000000000000a478                z_log_msg_alloc
 .text.z_log_msg_local_claim
                0x000000000000a488        0xc zephyr/libzephyr.a(log_core.c.obj)
                0x000000000000a488                z_log_msg_local_claim
 .text.z_log_msg_free
                0x000000000000a494       0x10 zephyr/libzephyr.a(log_core.c.obj)
                0x000000000000a494                z_log_msg_free
 .text.z_log_msg_pending
                0x000000000000a4a4        0xc zephyr/libzephyr.a(log_core.c.obj)
                0x000000000000a4a4                z_log_msg_pending
 .text.z_impl_log_process
                0x000000000000a4b0       0xb4 zephyr/libzephyr.a(log_core.c.obj)
                0x000000000000a4b0                z_impl_log_process
 .text.z_impl_log_panic
                0x000000000000a564       0x44 zephyr/libzephyr.a(log_core.c.obj)
                0x000000000000a564                z_impl_log_panic
 .text.log_process_thread_func
                0x000000000000a5a8       0x9c zephyr/libzephyr.a(log_core.c.obj)
 .text.z_log_msg_post_finalize
                0x000000000000a644       0x78 zephyr/libzephyr.a(log_core.c.obj)
 .text.z_log_msg_commit
                0x000000000000a6bc       0x24 zephyr/libzephyr.a(log_core.c.obj)
                0x000000000000a6bc                z_log_msg_commit
 .text.log_source_name_get
                0x000000000000a6e0       0x1c zephyr/libzephyr.a(log_mgmt.c.obj)
                0x000000000000a6e0                log_source_name_get
 .text.log_backend_enable
                0x000000000000a6fc       0x28 zephyr/libzephyr.a(log_mgmt.c.obj)
                0x000000000000a6fc                log_backend_enable
 .text.z_impl_z_log_msg_static_create
                0x000000000000a724      0x108 zephyr/libzephyr.a(log_msg.c.obj)
                0x000000000000a724                z_impl_z_log_msg_static_create
 .text.z_impl_z_log_msg_runtime_vcreate
                0x000000000000a82c       0x8c zephyr/libzephyr.a(log_msg.c.obj)
                0x000000000000a82c                z_impl_z_log_msg_runtime_vcreate
 .text.print_formatted
                0x000000000000a8b8       0x24 zephyr/libzephyr.a(log_output.c.obj)
 .text.newline_print
                0x000000000000a8dc       0x1c zephyr/libzephyr.a(log_output.c.obj)
 .text.log_output_process
                0x000000000000a8f8      0x2a4 zephyr/libzephyr.a(log_output.c.obj)
                0x000000000000a8f8                log_output_process
 .text.log_output_msg_process
                0x000000000000ab9c       0x6c zephyr/libzephyr.a(log_output.c.obj)
                0x000000000000ab9c                log_output_msg_process
 .text.log_output_dropped_process
                0x000000000000ac08       0x58 zephyr/libzephyr.a(log_output.c.obj)
                0x000000000000ac08                log_output_dropped_process
 .text.log_output_timestamp_freq_set
                0x000000000000ac60       0x2c zephyr/libzephyr.a(log_output.c.obj)
                0x000000000000ac60                log_output_timestamp_freq_set
 .text.format_set
                0x000000000000ac8c        0xc zephyr/libzephyr.a(log_backend_uart.c.obj)
 .text.panic    0x000000000000ac98       0x14 zephyr/libzephyr.a(log_backend_uart.c.obj)
 .text.dropped  0x000000000000acac        0xc zephyr/libzephyr.a(log_backend_uart.c.obj)
 .text.process  0x000000000000acb8       0x24 zephyr/libzephyr.a(log_backend_uart.c.obj)
 .text.char_out
                0x000000000000acdc       0x24 zephyr/libzephyr.a(log_backend_uart.c.obj)
 .text.pm_state_notify
                0x000000000000ad00       0x5c zephyr/libzephyr.a(pm.c.obj)
 .text.pm_system_resume
                0x000000000000ad5c       0x70 zephyr/libzephyr.a(pm.c.obj)
                0x000000000000ad5c                pm_system_resume
 .text.pm_system_suspend
                0x000000000000adcc       0xec zephyr/libzephyr.a(pm.c.obj)
                0x000000000000adcc                pm_system_suspend
 .text.pm_policy_next_state
                0x000000000000aeb8       0x94 zephyr/libzephyr.a(policy.c.obj)
                0x000000000000aeb8                pm_policy_next_state
 .text.pm_state_cpu_get_all
                0x000000000000af4c       0x10 zephyr/libzephyr.a(state.c.obj)
                0x000000000000af4c                pm_state_cpu_get_all
 .text.sub_bytes
                0x000000000000af5c       0x18 zephyr/libzephyr.a(aes_encrypt.c.obj)
 .text.tc_aes128_set_encrypt_key
                0x000000000000af74       0xa8 zephyr/libzephyr.a(aes_encrypt.c.obj)
                0x000000000000af74                tc_aes128_set_encrypt_key
 .text.compress
                0x000000000000b01c      0x1d4 zephyr/libzephyr.a(sha256.c.obj)
 .text.tc_sha256_init
                0x000000000000b1f0       0x58 zephyr/libzephyr.a(sha256.c.obj)
                0x000000000000b1f0                tc_sha256_init
 .text.z_arm_cpu_idle_init
                0x000000000000b248        0xc zephyr/arch/arch/arm/core/aarch32/libarch__arm__core__aarch32.a(cpu_idle.S.obj)
                0x000000000000b248                z_arm_cpu_idle_init
 .text.arch_cpu_idle
                0x000000000000b254       0x28 zephyr/arch/arch/arm/core/aarch32/libarch__arm__core__aarch32.a(cpu_idle.S.obj)
                0x000000000000b254                arch_cpu_idle
 .text.arch_cpu_atomic_idle
                0x000000000000b27c       0x24 zephyr/arch/arch/arm/core/aarch32/libarch__arm__core__aarch32.a(cpu_idle.S.obj)
                0x000000000000b27c                arch_cpu_atomic_idle
 .text.z_arm_fatal_error
                0x000000000000b2a0       0xcc zephyr/arch/arch/arm/core/aarch32/libarch__arm__core__aarch32.a(fatal.c.obj)
                0x000000000000b2a0                z_arm_fatal_error
 .text.arch_irq_enable
                0x000000000000b36c       0x1c zephyr/arch/arch/arm/core/aarch32/libarch__arm__core__aarch32.a(irq_manage.c.obj)
                0x000000000000b36c                arch_irq_enable
 .text.arch_irq_disable
                0x000000000000b388       0x28 zephyr/arch/arch/arm/core/aarch32/libarch__arm__core__aarch32.a(irq_manage.c.obj)
                0x000000000000b388                arch_irq_disable
 .text.arch_irq_is_enabled
                0x000000000000b3b0       0x1c zephyr/arch/arch/arm/core/aarch32/libarch__arm__core__aarch32.a(irq_manage.c.obj)
                0x000000000000b3b0                arch_irq_is_enabled
 .text.z_arm_irq_priority_set
                0x000000000000b3cc       0x2c zephyr/arch/arch/arm/core/aarch32/libarch__arm__core__aarch32.a(irq_manage.c.obj)
                0x000000000000b3cc                z_arm_irq_priority_set
 .text.z_SysNmiOnReset
                0x000000000000b3f8        0x8 zephyr/arch/arch/arm/core/aarch32/libarch__arm__core__aarch32.a(nmi_on_reset.S.obj)
                0x000000000000b3f8                z_SysNmiOnReset
 .text.z_arm_prep_c
                0x000000000000b400       0x38 zephyr/arch/arch/arm/core/aarch32/libarch__arm__core__aarch32.a(prep_c.c.obj)
                0x000000000000b400                z_arm_prep_c
 .text.arch_swap
                0x000000000000b438       0x34 zephyr/arch/arch/arm/core/aarch32/libarch__arm__core__aarch32.a(swap.c.obj)
                0x000000000000b438                arch_swap
 .text.z_arm_pendsv
                0x000000000000b46c       0x60 zephyr/arch/arch/arm/core/aarch32/libarch__arm__core__aarch32.a(swap_helper.S.obj)
                0x000000000000b46c                z_arm_pendsv
 .text.z_arm_svc
                0x000000000000b4cc       0x20 zephyr/arch/arch/arm/core/aarch32/libarch__arm__core__aarch32.a(swap_helper.S.obj)
                0x000000000000b4cc                z_arm_svc
 .text.arch_new_thread
                0x000000000000b4ec       0x40 zephyr/arch/arch/arm/core/aarch32/libarch__arm__core__aarch32.a(thread.c.obj)
                0x000000000000b4ec                arch_new_thread
 .text.arch_switch_to_main_thread
                0x000000000000b52c       0x28 zephyr/arch/arch/arm/core/aarch32/libarch__arm__core__aarch32.a(thread.c.obj)
                0x000000000000b52c                arch_switch_to_main_thread
 .text._isr_wrapper
                0x000000000000b554       0x40 zephyr/arch/arch/arm/core/aarch32/libarch__arm__core__aarch32.a(isr_wrapper.S.obj)
                0x000000000000b554                _isr_wrapper
 .text._HandlerModeExit
                0x000000000000b594       0x1c zephyr/arch/arch/arm/core/aarch32/cortex_m/libarch__arm__core__aarch32__cortex_m.a(exc_exit.S.obj)
                0x000000000000b594                z_arm_int_exit
                0x000000000000b594                z_arm_exc_exit
 .text.mem_manage_fault.constprop.0
                0x000000000000b5b0      0x144 zephyr/arch/arch/arm/core/aarch32/cortex_m/libarch__arm__core__aarch32__cortex_m.a(fault.c.obj)
 .text.bus_fault.constprop.0
                0x000000000000b6f4      0x154 zephyr/arch/arch/arm/core/aarch32/cortex_m/libarch__arm__core__aarch32__cortex_m.a(fault.c.obj)
 .text.usage_fault.constprop.0
                0x000000000000b848      0x128 zephyr/arch/arch/arm/core/aarch32/cortex_m/libarch__arm__core__aarch32__cortex_m.a(fault.c.obj)
 .text.z_arm_fault
                0x000000000000b970      0x224 zephyr/arch/arch/arm/core/aarch32/cortex_m/libarch__arm__core__aarch32__cortex_m.a(fault.c.obj)
                0x000000000000b970                z_arm_fault
 .text.z_arm_fault_init
                0x000000000000bb94       0x18 zephyr/arch/arch/arm/core/aarch32/cortex_m/libarch__arm__core__aarch32__cortex_m.a(fault.c.obj)
                0x000000000000bb94                z_arm_fault_init
 .text.__fault  0x000000000000bbac       0x14 zephyr/arch/arch/arm/core/aarch32/cortex_m/libarch__arm__core__aarch32__cortex_m.a(fault_s.S.obj)
                0x000000000000bbac                z_arm_usage_fault
                0x000000000000bbac                z_arm_mpu_fault
                0x000000000000bbac                z_arm_exc_spurious
                0x000000000000bbac                z_arm_debug_monitor
                0x000000000000bbac                z_arm_hard_fault
                0x000000000000bbac                z_arm_bus_fault
 .text.z_arm_interrupt_init
                0x000000000000bbc0       0x18 zephyr/arch/arch/arm/core/aarch32/cortex_m/libarch__arm__core__aarch32__cortex_m.a(irq_init.c.obj)
                0x000000000000bbc0                z_arm_interrupt_init
 .text._reset_section
                0x000000000000bbd8       0x60 zephyr/arch/arch/arm/core/aarch32/cortex_m/libarch__arm__core__aarch32__cortex_m.a(reset.S.obj)
                0x000000000000bbd8                __start
                0x000000000000bbd8                z_arm_reset
 .text.sys_arch_reboot
                0x000000000000bc38       0x24 zephyr/arch/arch/arm/core/aarch32/cortex_m/libarch__arm__core__aarch32__cortex_m.a(scb.c.obj)
                0x000000000000bc38                sys_arch_reboot
 .text.z_arm_clear_arm_mpu_config
                0x000000000000bc5c       0x24 zephyr/arch/arch/arm/core/aarch32/cortex_m/libarch__arm__core__aarch32__cortex_m.a(scb.c.obj)
                0x000000000000bc5c                z_arm_clear_arm_mpu_config
 .text.z_arm_init_arch_hw_at_boot
                0x000000000000bc80       0x4c zephyr/arch/arch/arm/core/aarch32/cortex_m/libarch__arm__core__aarch32__cortex_m.a(scb.c.obj)
                0x000000000000bc80                z_arm_init_arch_hw_at_boot
 .text.z_impl_k_thread_abort
                0x000000000000bccc       0x2c zephyr/arch/arch/arm/core/aarch32/cortex_m/libarch__arm__core__aarch32__cortex_m.a(thread_abort.c.obj)
                0x000000000000bccc                z_impl_k_thread_abort
 .text.z_arm_configure_static_mpu_regions
                0x000000000000bcf8       0x38 zephyr/arch/arch/arm/core/aarch32/mpu/libarch__arm__core__aarch32__mpu.a(arm_core_mpu.c.obj)
                0x000000000000bcf8                z_arm_configure_static_mpu_regions
 .text.region_init
                0x000000000000bd30       0x34 zephyr/arch/arch/arm/core/aarch32/mpu/libarch__arm__core__aarch32__mpu.a(arm_mpu.c.obj)
 .text.region_allocate_and_init.part.0
                0x000000000000bd64       0x30 zephyr/arch/arch/arm/core/aarch32/mpu/libarch__arm__core__aarch32__mpu.a(arm_mpu.c.obj)
 .text.mpu_configure_regions_and_partition.constprop.0
                0x000000000000bd94      0x19c zephyr/arch/arch/arm/core/aarch32/mpu/libarch__arm__core__aarch32__mpu.a(arm_mpu.c.obj)
 .text.arm_core_mpu_enable
                0x000000000000bf30       0x18 zephyr/arch/arch/arm/core/aarch32/mpu/libarch__arm__core__aarch32__mpu.a(arm_mpu.c.obj)
                0x000000000000bf30                arm_core_mpu_enable
 .text.arm_core_mpu_disable
                0x000000000000bf48       0x14 zephyr/arch/arch/arm/core/aarch32/mpu/libarch__arm__core__aarch32__mpu.a(arm_mpu.c.obj)
                0x000000000000bf48                arm_core_mpu_disable
 .text.arm_core_mpu_configure_static_mpu_regions
                0x000000000000bf5c       0x14 zephyr/arch/arch/arm/core/aarch32/mpu/libarch__arm__core__aarch32__mpu.a(arm_mpu.c.obj)
                0x000000000000bf5c                arm_core_mpu_configure_static_mpu_regions
 .text.arm_core_mpu_mark_areas_for_dynamic_regions
                0x000000000000bf70       0xb8 zephyr/arch/arch/arm/core/aarch32/mpu/libarch__arm__core__aarch32__mpu.a(arm_mpu.c.obj)
                0x000000000000bf70                arm_core_mpu_mark_areas_for_dynamic_regions
 .text.z_arm_mpu_init
                0x000000000000c028       0x4c zephyr/arch/arch/arm/core/aarch32/mpu/libarch__arm__core__aarch32__mpu.a(arm_mpu.c.obj)
                0x000000000000c028                z_arm_mpu_init
 .text.__stdout_hook_install
                0x000000000000c074        0xc zephyr/lib/libc/minimal/liblib__libc__minimal.a(stdout_console.c.obj)
                0x000000000000c074                __stdout_hook_install
 .text.remoteproc_mgr_boot
                0x000000000000c080       0x10 zephyr/boards/arm/nrf5340dk_nrf5340/libboards__arm__nrf5340dk_nrf5340.a(nrf5340_cpunet_reset.c.obj)
 .text.xoshiro128_initialize
                0x000000000000c090       0x18 zephyr/subsys/random/libsubsys__random.a(rand32_xoshiro128.c.obj)
 .text.bt_hex   0x000000000000c0a8       0x44 zephyr/subsys/bluetooth/common/libsubsys__bluetooth__common.a(bt_str.c.obj)
                0x000000000000c0a8                bt_hex
 .text.bt_addr_le_str
                0x000000000000c0ec       0x7c zephyr/subsys/bluetooth/common/libsubsys__bluetooth__common.a(bt_str.c.obj)
                0x000000000000c0ec                bt_addr_le_str
 .text.long_wq_init
                0x000000000000c168       0x38 zephyr/subsys/bluetooth/host/libsubsys__bluetooth__host.a(long_wq.c.obj)
 .text.bt_long_wq_schedule
                0x000000000000c1a0        0xc zephyr/subsys/bluetooth/host/libsubsys__bluetooth__host.a(long_wq.c.obj)
                0x000000000000c1a0                bt_long_wq_schedule
 .text.uuid_to_uuid128
                0x000000000000c1ac       0x6c zephyr/subsys/bluetooth/host/libsubsys__bluetooth__host.a(uuid.c.obj)
 .text.bt_buf_get_rx
                0x000000000000c218       0x2c zephyr/subsys/bluetooth/host/libsubsys__bluetooth__host.a(buf.c.obj)
                0x000000000000c218                bt_buf_get_rx
 .text.bt_buf_get_cmd_complete
                0x000000000000c244       0x38 zephyr/subsys/bluetooth/host/libsubsys__bluetooth__host.a(buf.c.obj)
                0x000000000000c244                bt_buf_get_cmd_complete
 .text.bt_buf_get_evt
                0x000000000000c27c       0x58 zephyr/subsys/bluetooth/host/libsubsys__bluetooth__host.a(buf.c.obj)
                0x000000000000c27c                bt_buf_get_evt
 .text.ver_str  0x000000000000c2d4       0x3c zephyr/subsys/bluetooth/host/libsubsys__bluetooth__host.a(hci_core.c.obj)
 .text.hci_disconn_complete_prio
                0x000000000000c310       0x3c zephyr/subsys/bluetooth/host/libsubsys__bluetooth__host.a(hci_core.c.obj)
 .text.find_pending_connect.part.0
                0x000000000000c34c       0x2c zephyr/subsys/bluetooth/host/libsubsys__bluetooth__host.a(hci_core.c.obj)
 .text.hci_data_buf_overflow
                0x000000000000c378       0x30 zephyr/subsys/bluetooth/host/libsubsys__bluetooth__host.a(hci_core.c.obj)
 .text.le_conn_param_neg_reply.part.0
                0x000000000000c3a8       0x24 zephyr/subsys/bluetooth/host/libsubsys__bluetooth__host.a(hci_core.c.obj)
 .text.rx_queue_put
                0x000000000000c3cc       0x50 zephyr/subsys/bluetooth/host/libsubsys__bluetooth__host.a(hci_core.c.obj)
 .text.handle_event.part.0
                0x000000000000c41c       0x48 zephyr/subsys/bluetooth/host/libsubsys__bluetooth__host.a(hci_core.c.obj)
 .text.hci_hardware_error
                0x000000000000c464       0x34 zephyr/subsys/bluetooth/host/libsubsys__bluetooth__host.a(hci_core.c.obj)
 .text.le_data_len_change
                0x000000000000c498       0x40 zephyr/subsys/bluetooth/host/libsubsys__bluetooth__host.a(hci_core.c.obj)
 .text.le_phy_update_complete
                0x000000000000c4d8       0x44 zephyr/subsys/bluetooth/host/libsubsys__bluetooth__host.a(hci_core.c.obj)
 .text.hci_disconn_complete
                0x000000000000c51c       0x58 zephyr/subsys/bluetooth/host/libsubsys__bluetooth__host.a(hci_core.c.obj)
 .text.handle_event
                0x000000000000c574       0x60 zephyr/subsys/bluetooth/host/libsubsys__bluetooth__host.a(hci_core.c.obj)
 .text.rx_work_handler
                0x000000000000c5d4      0x190 zephyr/subsys/bluetooth/host/libsubsys__bluetooth__host.a(hci_core.c.obj)
 .text.hci_le_meta_event
                0x000000000000c764       0x20 zephyr/subsys/bluetooth/host/libsubsys__bluetooth__host.a(hci_core.c.obj)
 .text.le_remote_feat_complete
                0x000000000000c784       0x60 zephyr/subsys/bluetooth/host/libsubsys__bluetooth__host.a(hci_core.c.obj)
 .text.hci_cmd_done
                0x000000000000c7e4      0x130 zephyr/subsys/bluetooth/host/libsubsys__bluetooth__host.a(hci_core.c.obj)
 .text.hci_cmd_status
                0x000000000000c914       0x2c zephyr/subsys/bluetooth/host/libsubsys__bluetooth__host.a(hci_core.c.obj)
 .text.hci_cmd_complete
                0x000000000000c940       0x30 zephyr/subsys/bluetooth/host/libsubsys__bluetooth__host.a(hci_core.c.obj)
 .text.hci_num_completed_packets
                0x000000000000c970      0x150 zephyr/subsys/bluetooth/host/libsubsys__bluetooth__host.a(hci_core.c.obj)
 .text.le_conn_update_complete
                0x000000000000cac0       0xd4 zephyr/subsys/bluetooth/host/libsubsys__bluetooth__host.a(hci_core.c.obj)
 .text.bt_hci_cmd_state_set_init
                0x000000000000cb94       0x24 zephyr/subsys/bluetooth/host/libsubsys__bluetooth__host.a(hci_core.c.obj)
                0x000000000000cb94                bt_hci_cmd_state_set_init
 .text.bt_hci_cmd_create
                0x000000000000cbb8       0x74 zephyr/subsys/bluetooth/host/libsubsys__bluetooth__host.a(hci_core.c.obj)
                0x000000000000cbb8                bt_hci_cmd_create
 .text.bt_hci_cmd_send_sync
                0x000000000000cc2c      0x100 zephyr/subsys/bluetooth/host/libsubsys__bluetooth__host.a(hci_core.c.obj)
                0x000000000000cc2c                bt_hci_cmd_send_sync
 .text.hci_le_read_max_data_len
                0x000000000000cd2c       0x50 zephyr/subsys/bluetooth/host/libsubsys__bluetooth__host.a(hci_core.c.obj)
 .text.bt_hci_le_rand
                0x000000000000cd7c       0x58 zephyr/subsys/bluetooth/host/libsubsys__bluetooth__host.a(hci_core.c.obj)
                0x000000000000cd7c                bt_hci_le_rand
 .text.bt_hci_le_enh_conn_complete
                0x000000000000cdd4      0x2e4 zephyr/subsys/bluetooth/host/libsubsys__bluetooth__host.a(hci_core.c.obj)
                0x000000000000cdd4                bt_hci_le_enh_conn_complete
 .text.le_legacy_conn_complete
                0x000000000000d0b8       0x6c zephyr/subsys/bluetooth/host/libsubsys__bluetooth__host.a(hci_core.c.obj)
 .text.bt_send  0x000000000000d124       0x10 zephyr/subsys/bluetooth/host/libsubsys__bluetooth__host.a(hci_core.c.obj)
                0x000000000000d124                bt_send
 .text.bt_hci_cmd_send
                0x000000000000d134       0x6c zephyr/subsys/bluetooth/host/libsubsys__bluetooth__host.a(hci_core.c.obj)
                0x000000000000d134                bt_hci_cmd_send
 .text.bt_hci_host_num_completed_packets
                0x000000000000d1a0       0xe4 zephyr/subsys/bluetooth/host/libsubsys__bluetooth__host.a(hci_core.c.obj)
                0x000000000000d1a0                bt_hci_host_num_completed_packets
 .text.le_conn_param_req
                0x000000000000d284       0xd4 zephyr/subsys/bluetooth/host/libsubsys__bluetooth__host.a(hci_core.c.obj)
 .text.hci_tx_thread
                0x000000000000d358      0x194 zephyr/subsys/bluetooth/host/libsubsys__bluetooth__host.a(hci_core.c.obj)
 .text.hci_event_prio
                0x000000000000d4ec       0xa4 zephyr/subsys/bluetooth/host/libsubsys__bluetooth__host.a(hci_core.c.obj)
                0x000000000000d4ec                hci_event_prio
 .text.bt_recv  0x000000000000d590       0x68 zephyr/subsys/bluetooth/host/libsubsys__bluetooth__host.a(hci_core.c.obj)
                0x000000000000d590                bt_recv
 .text.bt_hci_driver_register
                0x000000000000d5f8       0x28 zephyr/subsys/bluetooth/host/libsubsys__bluetooth__host.a(hci_core.c.obj)
                0x000000000000d5f8                bt_hci_driver_register
 .text.bt_finalize_init
                0x000000000000d620      0x154 zephyr/subsys/bluetooth/host/libsubsys__bluetooth__host.a(hci_core.c.obj)
                0x000000000000d620                bt_finalize_init
 .text.bt_init  0x000000000000d774      0x598 zephyr/subsys/bluetooth/host/libsubsys__bluetooth__host.a(hci_core.c.obj)
 .text.init_work
                0x000000000000dd0c       0x18 zephyr/subsys/bluetooth/host/libsubsys__bluetooth__host.a(hci_core.c.obj)
 .text.bt_enable
                0x000000000000dd24      0x124 zephyr/subsys/bluetooth/host/libsubsys__bluetooth__host.a(hci_core.c.obj)
                0x000000000000dd24                bt_enable
 .text.bt_is_ready
                0x000000000000de48       0x10 zephyr/subsys/bluetooth/host/libsubsys__bluetooth__host.a(hci_core.c.obj)
                0x000000000000de48                bt_is_ready
 .text.bt_get_name
                0x000000000000de58        0x8 zephyr/subsys/bluetooth/host/libsubsys__bluetooth__host.a(hci_core.c.obj)
                0x000000000000de58                bt_get_name
 .text.id_find  0x000000000000de60       0x30 zephyr/subsys/bluetooth/host/libsubsys__bluetooth__host.a(id.c.obj)
 .text.set_random_address
                0x000000000000de90       0x58 zephyr/subsys/bluetooth/host/libsubsys__bluetooth__host.a(id.c.obj)
 .text.id_create.constprop.0
                0x000000000000dee8       0x64 zephyr/subsys/bluetooth/host/libsubsys__bluetooth__host.a(id.c.obj)
 .text.bt_id_create
                0x000000000000df4c       0xa8 zephyr/subsys/bluetooth/host/libsubsys__bluetooth__host.a(id.c.obj)
                0x000000000000df4c                bt_id_create
 .text.bt_id_read_public_addr
                0x000000000000dff4       0x88 zephyr/subsys/bluetooth/host/libsubsys__bluetooth__host.a(id.c.obj)
                0x000000000000dff4                bt_id_read_public_addr
 .text.bt_setup_public_id_addr
                0x000000000000e07c       0x20 zephyr/subsys/bluetooth/host/libsubsys__bluetooth__host.a(id.c.obj)
                0x000000000000e07c                bt_setup_public_id_addr
 .text.bt_read_static_addr
                0x000000000000e09c       0xa4 zephyr/subsys/bluetooth/host/libsubsys__bluetooth__host.a(id.c.obj)
                0x000000000000e09c                bt_read_static_addr
 .text.bt_setup_random_id_addr
                0x000000000000e140       0x5c zephyr/subsys/bluetooth/host/libsubsys__bluetooth__host.a(id.c.obj)
                0x000000000000e140                bt_setup_random_id_addr
 .text.bt_id_set_adv_own_addr
                0x000000000000e19c       0xb4 zephyr/subsys/bluetooth/host/libsubsys__bluetooth__host.a(id.c.obj)
                0x000000000000e19c                bt_id_set_adv_own_addr
 .text.bt_id_init
                0x000000000000e250       0x60 zephyr/subsys/bluetooth/host/libsubsys__bluetooth__host.a(id.c.obj)
                0x000000000000e250                bt_id_init
 .text.hci_set_ad
                0x000000000000e2b0       0xe0 zephyr/subsys/bluetooth/host/libsubsys__bluetooth__host.a(adv.c.obj)
 .text.adv_is_directed
                0x000000000000e390       0x18 zephyr/subsys/bluetooth/host/libsubsys__bluetooth__host.a(adv.c.obj)
 .text.le_adv_start_add_conn
                0x000000000000e3a8       0x60 zephyr/subsys/bluetooth/host/libsubsys__bluetooth__host.a(adv.c.obj)
 .text.valid_adv_param
                0x000000000000e408       0x84 zephyr/subsys/bluetooth/host/libsubsys__bluetooth__host.a(adv.c.obj)
 .text.bt_le_adv_lookup_legacy
                0x000000000000e48c        0x8 zephyr/subsys/bluetooth/host/libsubsys__bluetooth__host.a(adv.c.obj)
                0x000000000000e48c                bt_le_adv_lookup_legacy
 .text.bt_le_adv_start_legacy
                0x000000000000e494      0x274 zephyr/subsys/bluetooth/host/libsubsys__bluetooth__host.a(adv.c.obj)
                0x000000000000e494                bt_le_adv_start_legacy
 .text.bt_le_adv_start
                0x000000000000e708       0x64 zephyr/subsys/bluetooth/host/libsubsys__bluetooth__host.a(adv.c.obj)
                0x000000000000e708                bt_le_adv_start
 .text.bt_le_adv_stop
                0x000000000000e76c       0x78 zephyr/subsys/bluetooth/host/libsubsys__bluetooth__host.a(adv.c.obj)
                0x000000000000e76c                bt_le_adv_stop
 .text.adv_timeout
                0x000000000000e7e4       0x38 zephyr/subsys/bluetooth/host/libsubsys__bluetooth__host.a(adv.c.obj)
 .text.bt_le_adv_resume
                0x000000000000e81c       0xf4 zephyr/subsys/bluetooth/host/libsubsys__bluetooth__host.a(adv.c.obj)
                0x000000000000e81c                bt_le_adv_resume
 .text.prng_reseed.constprop.0
                0x000000000000e910       0x6c zephyr/subsys/bluetooth/host/libsubsys__bluetooth__host.a(crypto.c.obj)
 .text.prng_init
                0x000000000000e97c       0x50 zephyr/subsys/bluetooth/host/libsubsys__bluetooth__host.a(crypto.c.obj)
                0x000000000000e97c                prng_init
 .text.bt_rand  0x000000000000e9cc       0x3c zephyr/subsys/bluetooth/host/libsubsys__bluetooth__host.a(crypto.c.obj)
                0x000000000000e9cc                bt_rand
 .text.notify_connected
                0x000000000000ea08       0x3c zephyr/subsys/bluetooth/host/libsubsys__bluetooth__host.a(conn.c.obj)
 .text.bt_conn_create_pdu_timeout.part.0
                0x000000000000ea44       0x28 zephyr/subsys/bluetooth/host/libsubsys__bluetooth__host.a(conn.c.obj)
 .text.tx_notify
                0x000000000000ea6c       0x60 zephyr/subsys/bluetooth/host/libsubsys__bluetooth__host.a(conn.c.obj)
 .text.conn_tx_destroy
                0x000000000000eacc       0x2c zephyr/subsys/bluetooth/host/libsubsys__bluetooth__host.a(conn.c.obj)
 .text.send_frag
                0x000000000000eaf8      0x1c0 zephyr/subsys/bluetooth/host/libsubsys__bluetooth__host.a(conn.c.obj)
 .text.bt_conn_get_pkts
                0x000000000000ecb8       0x18 zephyr/subsys/bluetooth/host/libsubsys__bluetooth__host.a(conn.c.obj)
                0x000000000000ecb8                bt_conn_get_pkts
 .text.bt_conn_new
                0x000000000000ecd0       0x5c zephyr/subsys/bluetooth/host/libsubsys__bluetooth__host.a(conn.c.obj)
                0x000000000000ecd0                bt_conn_new
 .text.bt_conn_recv
                0x000000000000ed2c      0x138 zephyr/subsys/bluetooth/host/libsubsys__bluetooth__host.a(conn.c.obj)
                0x000000000000ed2c                bt_conn_recv
 .text.bt_conn_send_cb
                0x000000000000ee64       0xe0 zephyr/subsys/bluetooth/host/libsubsys__bluetooth__host.a(conn.c.obj)
                0x000000000000ee64                bt_conn_send_cb
 .text.bt_conn_prepare_events
                0x000000000000ef44       0x94 zephyr/subsys/bluetooth/host/libsubsys__bluetooth__host.a(conn.c.obj)
                0x000000000000ef44                bt_conn_prepare_events
 .text.bt_conn_lookup_handle
                0x000000000000efd8       0x10 zephyr/subsys/bluetooth/host/libsubsys__bluetooth__host.a(conn.c.obj)
                0x000000000000efd8                bt_conn_lookup_handle
 .text.bt_conn_set_state
                0x000000000000efe8      0x1fc zephyr/subsys/bluetooth/host/libsubsys__bluetooth__host.a(conn.c.obj)
                0x000000000000efe8                bt_conn_set_state
 .text.bt_conn_index
                0x000000000000f1e4       0x18 zephyr/subsys/bluetooth/host/libsubsys__bluetooth__host.a(conn.c.obj)
                0x000000000000f1e4                bt_conn_index
 .text.bt_conn_create_pdu_timeout
                0x000000000000f1fc       0x2c zephyr/subsys/bluetooth/host/libsubsys__bluetooth__host.a(conn.c.obj)
                0x000000000000f1fc                bt_conn_create_pdu_timeout
 .text.notify_le_param_updated
                0x000000000000f228       0x88 zephyr/subsys/bluetooth/host/libsubsys__bluetooth__host.a(conn.c.obj)
                0x000000000000f228                notify_le_param_updated
 .text.le_param_req
                0x000000000000f2b0       0x74 zephyr/subsys/bluetooth/host/libsubsys__bluetooth__host.a(conn.c.obj)
                0x000000000000f2b0                le_param_req
 .text.bt_conn_cb_register
                0x000000000000f324       0x10 zephyr/subsys/bluetooth/host/libsubsys__bluetooth__host.a(conn.c.obj)
                0x000000000000f324                bt_conn_cb_register
 .text.bt_conn_add_le
                0x000000000000f334       0x34 zephyr/subsys/bluetooth/host/libsubsys__bluetooth__host.a(conn.c.obj)
                0x000000000000f334                bt_conn_add_le
 .text.bt_conn_lookup_addr_le
                0x000000000000f368       0x34 zephyr/subsys/bluetooth/host/libsubsys__bluetooth__host.a(conn.c.obj)
                0x000000000000f368                bt_conn_lookup_addr_le
 .text.bt_conn_exists_le
                0x000000000000f39c       0x60 zephyr/subsys/bluetooth/host/libsubsys__bluetooth__host.a(conn.c.obj)
                0x000000000000f39c                bt_conn_exists_le
 .text.bt_conn_lookup_state_le
                0x000000000000f3fc       0x44 zephyr/subsys/bluetooth/host/libsubsys__bluetooth__host.a(conn.c.obj)
                0x000000000000f3fc                bt_conn_lookup_state_le
 .text.send_conn_le_param_update
                0x000000000000f440       0x68 zephyr/subsys/bluetooth/host/libsubsys__bluetooth__host.a(conn.c.obj)
 .text.deferred_work
                0x000000000000f4a8      0x118 zephyr/subsys/bluetooth/host/libsubsys__bluetooth__host.a(conn.c.obj)
 .text.bt_conn_create_frag_timeout
                0x000000000000f5c0        0xc zephyr/subsys/bluetooth/host/libsubsys__bluetooth__host.a(conn.c.obj)
                0x000000000000f5c0                bt_conn_create_frag_timeout
 .text.bt_conn_process_tx
                0x000000000000f5cc      0x114 zephyr/subsys/bluetooth/host/libsubsys__bluetooth__host.a(conn.c.obj)
                0x000000000000f5cc                bt_conn_process_tx
 .text.bt_conn_lookup_index
                0x000000000000f6e0       0x10 zephyr/subsys/bluetooth/host/libsubsys__bluetooth__host.a(conn.c.obj)
                0x000000000000f6e0                bt_conn_lookup_index
 .text.bt_conn_init
                0x000000000000f6f0       0x44 zephyr/subsys/bluetooth/host/libsubsys__bluetooth__host.a(conn.c.obj)
                0x000000000000f6f0                bt_conn_init
 .text.l2cap_create_le_sig_pdu.part.0
                0x000000000000f734       0x2c zephyr/subsys/bluetooth/host/libsubsys__bluetooth__host.a(l2cap.c.obj)
 .text.l2cap_accept.part.0
                0x000000000000f760       0x30 zephyr/subsys/bluetooth/host/libsubsys__bluetooth__host.a(l2cap.c.obj)
 .text.l2cap_accept
                0x000000000000f790       0x1c zephyr/subsys/bluetooth/host/libsubsys__bluetooth__host.a(l2cap.c.obj)
 .text.bt_l2cap_connected
                0x000000000000f7ac       0x8c zephyr/subsys/bluetooth/host/libsubsys__bluetooth__host.a(l2cap.c.obj)
                0x000000000000f7ac                bt_l2cap_connected
 .text.l2cap_recv
                0x000000000000f838       0xec zephyr/subsys/bluetooth/host/libsubsys__bluetooth__host.a(l2cap.c.obj)
 .text.bt_l2cap_recv
                0x000000000000f924       0x7c zephyr/subsys/bluetooth/host/libsubsys__bluetooth__host.a(l2cap.c.obj)
                0x000000000000f924                bt_l2cap_recv
 .text.bt_l2cap_update_conn_param
                0x000000000000f9a0       0x64 zephyr/subsys/bluetooth/host/libsubsys__bluetooth__host.a(l2cap.c.obj)
                0x000000000000f9a0                bt_l2cap_update_conn_param
 .text.att_op_get_type
                0x000000000000fa04       0x74 zephyr/subsys/bluetooth/host/libsubsys__bluetooth__host.a(att.c.obj)
 .text.bt_att_released
                0x000000000000fa78       0x18 zephyr/subsys/bluetooth/host/libsubsys__bluetooth__host.a(att.c.obj)
 .text.tx_meta_data_free
                0x000000000000fa90       0x1c zephyr/subsys/bluetooth/host/libsubsys__bluetooth__host.a(att.c.obj)
 .text.find_type_cb
                0x000000000000faac      0x180 zephyr/subsys/bluetooth/host/libsubsys__bluetooth__host.a(att.c.obj)
 .text.chan_send
                0x000000000000fc2c       0xf0 zephyr/subsys/bluetooth/host/libsubsys__bluetooth__host.a(att.c.obj)
 .text.att_get  0x000000000000fd1c       0x68 zephyr/subsys/bluetooth/host/libsubsys__bluetooth__host.a(att.c.obj)
 .text.bt_att_connected
                0x000000000000fd84       0x3c zephyr/subsys/bluetooth/host/libsubsys__bluetooth__host.a(att.c.obj)
 .text.read_group_cb
                0x000000000000fdc0       0xac zephyr/subsys/bluetooth/host/libsubsys__bluetooth__host.a(att.c.obj)
 .text.read_type_cb
                0x000000000000fe6c       0xa0 zephyr/subsys/bluetooth/host/libsubsys__bluetooth__host.a(att.c.obj)
 .text.bt_att_accept
                0x000000000000ff0c      0x110 zephyr/subsys/bluetooth/host/libsubsys__bluetooth__host.a(att.c.obj)
 .text.bt_att_chan_create_pdu
                0x000000000001001c       0xe8 zephyr/subsys/bluetooth/host/libsubsys__bluetooth__host.a(att.c.obj)
                0x000000000001001c                bt_att_chan_create_pdu
 .text.bt_att_recv
                0x0000000000010104      0x160 zephyr/subsys/bluetooth/host/libsubsys__bluetooth__host.a(att.c.obj)
 .text.att_write_rsp.constprop.0
                0x0000000000010264       0xc8 zephyr/subsys/bluetooth/host/libsubsys__bluetooth__host.a(att.c.obj)
 .text.bt_att_create_pdu
                0x000000000001032c       0x74 zephyr/subsys/bluetooth/host/libsubsys__bluetooth__host.a(att.c.obj)
                0x000000000001032c                bt_att_create_pdu
 .text.att_read_group_req
                0x00000000000103a0       0xfc zephyr/subsys/bluetooth/host/libsubsys__bluetooth__host.a(att.c.obj)
 .text.att_read_mult_vl_req
                0x000000000001049c       0xa8 zephyr/subsys/bluetooth/host/libsubsys__bluetooth__host.a(att.c.obj)
 .text.att_read_mult_req
                0x0000000000010544       0xa8 zephyr/subsys/bluetooth/host/libsubsys__bluetooth__host.a(att.c.obj)
 .text.att_read_rsp
                0x00000000000105ec       0xa0 zephyr/subsys/bluetooth/host/libsubsys__bluetooth__host.a(att.c.obj)
 .text.att_read_type_req
                0x000000000001068c       0xc4 zephyr/subsys/bluetooth/host/libsubsys__bluetooth__host.a(att.c.obj)
 .text.att_find_type_req
                0x0000000000010750       0xd0 zephyr/subsys/bluetooth/host/libsubsys__bluetooth__host.a(att.c.obj)
 .text.att_find_info_req
                0x0000000000010820       0x78 zephyr/subsys/bluetooth/host/libsubsys__bluetooth__host.a(att.c.obj)
 .text.bt_att_init
                0x0000000000010898       0x38 zephyr/subsys/bluetooth/host/libsubsys__bluetooth__host.a(att.c.obj)
                0x0000000000010898                bt_att_init
 .text.bt_att_req_alloc
                0x00000000000108d0       0x44 zephyr/subsys/bluetooth/host/libsubsys__bluetooth__host.a(att.c.obj)
                0x00000000000108d0                bt_att_req_alloc
 .text.bt_att_req_free
                0x0000000000010914       0x30 zephyr/subsys/bluetooth/host/libsubsys__bluetooth__host.a(att.c.obj)
                0x0000000000010914                bt_att_req_free
 .text.att_handle_rsp
                0x0000000000010944       0x8c zephyr/subsys/bluetooth/host/libsubsys__bluetooth__host.a(att.c.obj)
 .text.bt_att_disconnected
                0x00000000000109d0       0xd0 zephyr/subsys/bluetooth/host/libsubsys__bluetooth__host.a(att.c.obj)
 .text.att_timeout
                0x0000000000010aa0       0x30 zephyr/subsys/bluetooth/host/libsubsys__bluetooth__host.a(att.c.obj)
 .text.find_cf_cfg
                0x0000000000010ad0       0x30 zephyr/subsys/bluetooth/host/libsubsys__bluetooth__host.a(gatt.c.obj)
 .text.find_sc_cfg
                0x0000000000010b00       0x20 zephyr/subsys/bluetooth/host/libsubsys__bluetooth__host.a(gatt.c.obj)
 .text.find_ccc_cfg
                0x0000000000010b20       0x28 zephyr/subsys/bluetooth/host/libsubsys__bluetooth__host.a(gatt.c.obj)
 .text.bt_gatt_attr_write_ccc
                0x0000000000010b48       0xc8 zephyr/subsys/bluetooth/host/libsubsys__bluetooth__host.a(gatt.c.obj)
                0x0000000000010b48                bt_gatt_attr_write_ccc
 .text.clear_cf_cfg
                0x0000000000010c10       0x30 zephyr/subsys/bluetooth/host/libsubsys__bluetooth__host.a(gatt.c.obj)
 .text.sc_save  0x0000000000010c40       0x6c zephyr/subsys/bluetooth/host/libsubsys__bluetooth__host.a(gatt.c.obj)
 .text.disconnected_cb
                0x0000000000010cac       0xa0 zephyr/subsys/bluetooth/host/libsubsys__bluetooth__host.a(gatt.c.obj)
 .text.read_ppcp
                0x0000000000010d4c       0x38 zephyr/subsys/bluetooth/host/libsubsys__bluetooth__host.a(gatt.c.obj)
 .text.cf_write
                0x0000000000010d84       0xa4 zephyr/subsys/bluetooth/host/libsubsys__bluetooth__host.a(gatt.c.obj)
 .text.sc_indicate_rsp
                0x0000000000010e28       0x4c zephyr/subsys/bluetooth/host/libsubsys__bluetooth__host.a(gatt.c.obj)
 .text.bt_gatt_init
                0x0000000000010e74       0x84 zephyr/subsys/bluetooth/host/libsubsys__bluetooth__host.a(gatt.c.obj)
                0x0000000000010e74                bt_gatt_init
 .text.bt_gatt_attr_get_handle
                0x0000000000010ef8       0x60 zephyr/subsys/bluetooth/host/libsubsys__bluetooth__host.a(gatt.c.obj)
                0x0000000000010ef8                bt_gatt_attr_get_handle
 .text.bt_gatt_foreach_attr_type
                0x0000000000010f58       0xb4 zephyr/subsys/bluetooth/host/libsubsys__bluetooth__host.a(gatt.c.obj)
                0x0000000000010f58                bt_gatt_foreach_attr_type
 .text.db_hash_gen
                0x000000000001100c       0x88 zephyr/subsys/bluetooth/host/libsubsys__bluetooth__host.a(gatt.c.obj)
 .text.db_hash_read
                0x0000000000011094       0x74 zephyr/subsys/bluetooth/host/libsubsys__bluetooth__host.a(gatt.c.obj)
 .text.db_hash_process
                0x0000000000011108       0x14 zephyr/subsys/bluetooth/host/libsubsys__bluetooth__host.a(gatt.c.obj)
 .text.bt_gatt_attr_next
                0x000000000001111c       0x24 zephyr/subsys/bluetooth/host/libsubsys__bluetooth__host.a(gatt.c.obj)
                0x000000000001111c                bt_gatt_attr_next
 .text.gatt_indicate
                0x0000000000011140       0xf8 zephyr/subsys/bluetooth/host/libsubsys__bluetooth__host.a(gatt.c.obj)
 .text.bt_gatt_indicate
                0x0000000000011238       0xf0 zephyr/subsys/bluetooth/host/libsubsys__bluetooth__host.a(gatt.c.obj)
                0x0000000000011238                bt_gatt_indicate
 .text.sc_process
                0x0000000000011328       0x60 zephyr/subsys/bluetooth/host/libsubsys__bluetooth__host.a(gatt.c.obj)
 .text.update_ccc
                0x0000000000011388       0xec zephyr/subsys/bluetooth/host/libsubsys__bluetooth__host.a(gatt.c.obj)
 .text.gatt_notify
                0x0000000000011474       0xd0 zephyr/subsys/bluetooth/host/libsubsys__bluetooth__host.a(gatt.c.obj)
 .text.bt_gatt_notify_cb
                0x0000000000011544       0xe8 zephyr/subsys/bluetooth/host/libsubsys__bluetooth__host.a(gatt.c.obj)
                0x0000000000011544                bt_gatt_notify_cb
 .text.notify_cb
                0x000000000001162c      0x110 zephyr/subsys/bluetooth/host/libsubsys__bluetooth__host.a(gatt.c.obj)
 .text.bt_gatt_connected
                0x000000000001173c       0x20 zephyr/subsys/bluetooth/host/libsubsys__bluetooth__host.a(gatt.c.obj)
                0x000000000001173c                bt_gatt_connected
 .text.bt_gatt_att_max_mtu_changed
                0x000000000001175c       0x28 zephyr/subsys/bluetooth/host/libsubsys__bluetooth__host.a(gatt.c.obj)
                0x000000000001175c                bt_gatt_att_max_mtu_changed
 .text.bt_gatt_disconnected
                0x0000000000011784       0x48 zephyr/subsys/bluetooth/host/libsubsys__bluetooth__host.a(gatt.c.obj)
                0x0000000000011784                bt_gatt_disconnected
 .text.bt_smp_accept.part.0
                0x00000000000117cc       0x30 zephyr/subsys/bluetooth/host/libsubsys__bluetooth__host.a(smp_null.c.obj)
 .text.bt_smp_accept
                0x00000000000117fc       0x1c zephyr/subsys/bluetooth/host/libsubsys__bluetooth__host.a(smp_null.c.obj)
 .text.net_buf_pool_get
                0x0000000000011818       0x10 zephyr/subsys/net/libsubsys__net.a(buf.c.obj)
                0x0000000000011818                net_buf_pool_get
 .text.net_buf_id
                0x0000000000011828       0x20 zephyr/subsys/net/libsubsys__net.a(buf.c.obj)
                0x0000000000011828                net_buf_id
 .text.fixed_data_alloc
                0x0000000000011848       0x30 zephyr/subsys/net/libsubsys__net.a(buf.c.obj)
 .text.net_buf_alloc_len
                0x0000000000011878      0x124 zephyr/subsys/net/libsubsys__net.a(buf.c.obj)
                0x0000000000011878                net_buf_alloc_len
 .text.net_buf_unref
                0x000000000001199c       0x64 zephyr/subsys/net/libsubsys__net.a(buf.c.obj)
                0x000000000001199c                net_buf_unref
 .text.bt_rpmsg_send
                0x0000000000011a00       0x78 zephyr/drivers/bluetooth/libdrivers__bluetooth.a(rpmsg.c.obj)
 .text.bt_rpmsg_init
                0x0000000000011a78       0x40 zephyr/drivers/bluetooth/libdrivers__bluetooth.a(rpmsg.c.obj)
 .text.hci_ept_bound
                0x0000000000011ab8        0xc zephyr/drivers/bluetooth/libdrivers__bluetooth.a(rpmsg.c.obj)
 .text.bt_rpmsg_open
                0x0000000000011ac4       0x8c zephyr/drivers/bluetooth/libdrivers__bluetooth.a(rpmsg.c.obj)
 .text.hci_ept_recv
                0x0000000000011b50      0x214 zephyr/drivers/bluetooth/libdrivers__bluetooth.a(rpmsg.c.obj)
 .text.onoff_stop
                0x0000000000011d64       0x30 zephyr/drivers/clock_control/libdrivers__clock_control.a(clock_control_nrf.c.obj)
 .text.onoff_start
                0x0000000000011d94       0x44 zephyr/drivers/clock_control/libdrivers__clock_control.a(clock_control_nrf.c.obj)
 .text.clk_init
                0x0000000000011dd8       0x64 zephyr/drivers/clock_control/libdrivers__clock_control.a(clock_control_nrf.c.obj)
 .text.clkstarted_handle.constprop.0
                0x0000000000011e3c       0x34 zephyr/drivers/clock_control/libdrivers__clock_control.a(clock_control_nrf.c.obj)
 .text.clock_event_handler
                0x0000000000011e70       0x30 zephyr/drivers/clock_control/libdrivers__clock_control.a(clock_control_nrf.c.obj)
 .text.generic_hfclk_start
                0x0000000000011ea0       0x64 zephyr/drivers/clock_control/libdrivers__clock_control.a(clock_control_nrf.c.obj)
 .text.api_blocking_start
                0x0000000000011f04       0x3c zephyr/drivers/clock_control/libdrivers__clock_control.a(clock_control_nrf.c.obj)
 .text.generic_hfclk_stop
                0x0000000000011f40       0x34 zephyr/drivers/clock_control/libdrivers__clock_control.a(clock_control_nrf.c.obj)
 .text.z_nrf_clock_control_lf_on
                0x0000000000011f74       0xf8 zephyr/drivers/clock_control/libdrivers__clock_control.a(clock_control_nrf.c.obj)
                0x0000000000011f74                z_nrf_clock_control_lf_on
 .text.uart_console_init
                0x000000000001206c       0x28 zephyr/drivers/console/libdrivers__console.a(uart_console.c.obj)
 .text.console_out
                0x0000000000012094       0x28 zephyr/drivers/console/libdrivers__console.a(uart_console.c.obj)
 .text.gpio_nrfx_pin_interrupt_configure
                0x00000000000120bc       0xd8 zephyr/drivers/gpio/libdrivers__gpio.a(gpio_nrfx.c.obj)
 .text.gpio_nrfx_init
                0x0000000000012194       0x38 zephyr/drivers/gpio/libdrivers__gpio.a(gpio_nrfx.c.obj)
 .text.nrfx_gpio_handler
                0x00000000000121cc       0x4c zephyr/drivers/gpio/libdrivers__gpio.a(gpio_nrfx.c.obj)
 .text.gpio_nrfx_pin_configure
                0x0000000000012218      0x124 zephyr/drivers/gpio/libdrivers__gpio.a(gpio_nrfx.c.obj)
 .text.mbox_nrf_init
                0x000000000001233c       0xb4 zephyr/drivers/mbox/libdrivers__mbox.a(mbox_nrfx_ipc.c.obj)
 .text.mbox_nrf_set_enabled
                0x00000000000123f0       0xa0 zephyr/drivers/mbox/libdrivers__mbox.a(mbox_nrfx_ipc.c.obj)
 .text.mbox_nrf_send
                0x0000000000012490       0x54 zephyr/drivers/mbox/libdrivers__mbox.a(mbox_nrfx_ipc.c.obj)
 .text.mbox_dispatcher
                0x00000000000124e4       0x7c zephyr/drivers/mbox/libdrivers__mbox.a(mbox_nrfx_ipc.c.obj)
 .text.pinctrl_configure_pins
                0x0000000000012560      0x180 zephyr/drivers/pinctrl/libdrivers__pinctrl.a(pinctrl_nrf.c.obj)
                0x0000000000012560                pinctrl_configure_pins
 .text.uarte_nrfx_configure
                0x00000000000126e0      0x17c zephyr/drivers/serial/libdrivers__serial.a(uart_nrfx_uarte.c.obj)
 .text.uarte_0_init
                0x000000000001285c      0x10c zephyr/drivers/serial/libdrivers__serial.a(uart_nrfx_uarte.c.obj)
 .text.uarte_nrfx_poll_out
                0x0000000000012968       0xcc zephyr/drivers/serial/libdrivers__serial.a(uart_nrfx_uarte.c.obj)
 .text.compare_int_lock
                0x0000000000012a34       0x40 zephyr/drivers/timer/libdrivers__timer.a(nrf_rtc_timer.c.obj)
 .text.sys_clock_timeout_handler
                0x0000000000012a74       0x48 zephyr/drivers/timer/libdrivers__timer.a(nrf_rtc_timer.c.obj)
 .text.compare_int_unlock
                0x0000000000012abc       0x4c zephyr/drivers/timer/libdrivers__timer.a(nrf_rtc_timer.c.obj)
 .text.z_nrf_rtc_timer_compare_evt_address_get
                0x0000000000012b08       0x10 zephyr/drivers/timer/libdrivers__timer.a(nrf_rtc_timer.c.obj)
                0x0000000000012b08                z_nrf_rtc_timer_compare_evt_address_get
 .text.z_nrf_rtc_timer_compare_read
                0x0000000000012b18       0x10 zephyr/drivers/timer/libdrivers__timer.a(nrf_rtc_timer.c.obj)
                0x0000000000012b18                z_nrf_rtc_timer_compare_read
 .text.z_nrf_rtc_timer_read
                0x0000000000012b28       0x44 zephyr/drivers/timer/libdrivers__timer.a(nrf_rtc_timer.c.obj)
                0x0000000000012b28                z_nrf_rtc_timer_read
 .text.compare_set
                0x0000000000012b6c      0x114 zephyr/drivers/timer/libdrivers__timer.a(nrf_rtc_timer.c.obj)
 .text.sys_clock_driver_init
                0x0000000000012c80       0xa4 zephyr/drivers/timer/libdrivers__timer.a(nrf_rtc_timer.c.obj)
 .text.rtc_nrf_isr
                0x0000000000012d24      0x100 zephyr/drivers/timer/libdrivers__timer.a(nrf_rtc_timer.c.obj)
                0x0000000000012d24                rtc_nrf_isr
 .text.z_nrf_rtc_timer_chan_alloc
                0x0000000000012e24       0x3c zephyr/drivers/timer/libdrivers__timer.a(nrf_rtc_timer.c.obj)
                0x0000000000012e24                z_nrf_rtc_timer_chan_alloc
 .text.z_nrf_rtc_timer_chan_free
                0x0000000000012e60       0x1c zephyr/drivers/timer/libdrivers__timer.a(nrf_rtc_timer.c.obj)
                0x0000000000012e60                z_nrf_rtc_timer_chan_free
 .text.sys_clock_set_timeout
                0x0000000000012e7c       0x64 zephyr/drivers/timer/libdrivers__timer.a(nrf_rtc_timer.c.obj)
                0x0000000000012e7c                sys_clock_set_timeout
 .text.sys_clock_elapsed
                0x0000000000012ee0       0x14 zephyr/drivers/timer/libdrivers__timer.a(nrf_rtc_timer.c.obj)
                0x0000000000012ee0                sys_clock_elapsed
 .text.get_buttons.part.0
                0x0000000000012ef4       0x28 modules/nrf/lib/dk_buttons_and_leds/lib..__nrf__lib__dk_buttons_and_leds.a(dk_buttons_and_leds.c.obj)
 .text.get_buttons
                0x0000000000012f1c       0x5c modules/nrf/lib/dk_buttons_and_leds/lib..__nrf__lib__dk_buttons_and_leds.a(dk_buttons_and_leds.c.obj)
 .text.dk_set_leds_state.part.0
                0x0000000000012f78       0x68 modules/nrf/lib/dk_buttons_and_leds/lib..__nrf__lib__dk_buttons_and_leds.a(dk_buttons_and_leds.c.obj)
 .text.callback_ctrl
                0x0000000000012fe0       0xa4 modules/nrf/lib/dk_buttons_and_leds/lib..__nrf__lib__dk_buttons_and_leds.a(dk_buttons_and_leds.c.obj)
 .text.button_pressed
                0x0000000000013084       0x80 modules/nrf/lib/dk_buttons_and_leds/lib..__nrf__lib__dk_buttons_and_leds.a(dk_buttons_and_leds.c.obj)
 .text.buttons_scan_fn
                0x0000000000013104      0x114 modules/nrf/lib/dk_buttons_and_leds/lib..__nrf__lib__dk_buttons_and_leds.a(dk_buttons_and_leds.c.obj)
 .text.dk_leds_init
                0x0000000000013218       0x54 modules/nrf/lib/dk_buttons_and_leds/lib..__nrf__lib__dk_buttons_and_leds.a(dk_buttons_and_leds.c.obj)
                0x0000000000013218                dk_leds_init
 .text.dk_read_buttons
                0x000000000001326c       0x20 modules/nrf/lib/dk_buttons_and_leds/lib..__nrf__lib__dk_buttons_and_leds.a(dk_buttons_and_leds.c.obj)
                0x000000000001326c                dk_read_buttons
 .text.dk_buttons_init
                0x000000000001328c      0x124 modules/nrf/lib/dk_buttons_and_leds/lib..__nrf__lib__dk_buttons_and_leds.a(dk_buttons_and_leds.c.obj)
                0x000000000001328c                dk_buttons_init
 .text.dk_set_led
                0x00000000000133b0       0x64 modules/nrf/lib/dk_buttons_and_leds/lib..__nrf__lib__dk_buttons_and_leds.a(dk_buttons_and_leds.c.obj)
                0x00000000000133b0                dk_set_led
 .text.k_sys_fatal_error_handler
                0x0000000000013414       0x2c modules/nrf/lib/fatal_error/lib..__nrf__lib__fatal_error.a(fatal_error.c.obj)
                0x0000000000013414                k_sys_fatal_error_handler
 .text.tfm_ns_interface_dispatch
                0x0000000000013440       0x64 modules/trusted-firmware-m/libtfm_api.a(interface.c.obj)
                0x0000000000013440                tfm_ns_interface_dispatch
 .text.tfm_platform_ioctl
                0x00000000000134a4       0x4c modules/trusted-firmware-m/libtfm_api.a(tfm_platform_api.c.obj)
                0x00000000000134a4                tfm_platform_ioctl
 .text.psa_generate_random
                0x00000000000134f0       0x40 modules/trusted-firmware-m/libtfm_api.a(tfm_crypto_api.c.obj)
                0x00000000000134f0                psa_generate_random
 .text.psa_call
                0x0000000000013530       0x38 modules/trusted-firmware-m/libtfm_api.a(tfm_psa_ns_api.c.obj)
                0x0000000000013530                psa_call
 .text.nrfx_flag32_alloc
                0x0000000000013568       0x38 modules/hal_nordic/nrfx/libmodules__hal_nordic__nrfx.a(nrfx_flag32_allocator.c.obj)
                0x0000000000013568                nrfx_flag32_alloc
 .text.nrfx_flag32_free
                0x00000000000135a0       0x38 modules/hal_nordic/nrfx/libmodules__hal_nordic__nrfx.a(nrfx_flag32_allocator.c.obj)
                0x00000000000135a0                nrfx_flag32_free
 .text.clock_stop
                0x00000000000135d8      0x17c modules/hal_nordic/nrfx/libmodules__hal_nordic__nrfx.a(nrfx_clock.c.obj)
 .text.nrfx_clock_init
                0x0000000000013754       0x20 modules/hal_nordic/nrfx/libmodules__hal_nordic__nrfx.a(nrfx_clock.c.obj)
                0x0000000000013754                nrfx_clock_init
 .text.nrfx_clock_enable
                0x0000000000013774       0x28 modules/hal_nordic/nrfx/libmodules__hal_nordic__nrfx.a(nrfx_clock.c.obj)
                0x0000000000013774                nrfx_clock_enable
 .text.nrfx_clock_start
                0x000000000001379c       0xb8 modules/hal_nordic/nrfx/libmodules__hal_nordic__nrfx.a(nrfx_clock.c.obj)
                0x000000000001379c                nrfx_clock_start
 .text.nrfx_power_clock_irq_handler
                0x0000000000013854       0xac modules/hal_nordic/nrfx/libmodules__hal_nordic__nrfx.a(nrfx_clock.c.obj)
                0x0000000000013854                nrfx_power_clock_irq_handler
 .text.nrfx_dppi_channel_alloc
                0x0000000000013900        0xc modules/hal_nordic/nrfx/libmodules__hal_nordic__nrfx.a(nrfx_dppi.c.obj)
                0x0000000000013900                nrfx_dppi_channel_alloc
 .text.nrfx_dppi_channel_free
                0x000000000001390c       0x1c modules/hal_nordic/nrfx/libmodules__hal_nordic__nrfx.a(nrfx_dppi.c.obj)
                0x000000000001390c                nrfx_dppi_channel_free
 .text.nrf_gpio_pin_port_decode
                0x0000000000013928       0x20 modules/hal_nordic/nrfx/libmodules__hal_nordic__nrfx.a(nrfx_gpiote.c.obj)
 .text.pin_in_use_by_te
                0x0000000000013948       0x14 modules/hal_nordic/nrfx/libmodules__hal_nordic__nrfx.a(nrfx_gpiote.c.obj)
 .text.call_handler
                0x000000000001395c       0x3c modules/hal_nordic/nrfx/libmodules__hal_nordic__nrfx.a(nrfx_gpiote.c.obj)
 .text.release_handler
                0x0000000000013998       0x54 modules/hal_nordic/nrfx/libmodules__hal_nordic__nrfx.a(nrfx_gpiote.c.obj)
 .text.pin_handler_trigger_uninit
                0x00000000000139ec       0x3c modules/hal_nordic/nrfx/libmodules__hal_nordic__nrfx.a(nrfx_gpiote.c.obj)
 .text.nrfx_gpiote_input_configure
                0x0000000000013a28      0x15c modules/hal_nordic/nrfx/libmodules__hal_nordic__nrfx.a(nrfx_gpiote.c.obj)
                0x0000000000013a28                nrfx_gpiote_input_configure
 .text.nrfx_gpiote_output_configure
                0x0000000000013b84       0xe8 modules/hal_nordic/nrfx/libmodules__hal_nordic__nrfx.a(nrfx_gpiote.c.obj)
                0x0000000000013b84                nrfx_gpiote_output_configure
 .text.nrfx_gpiote_global_callback_set
                0x0000000000013c6c        0xc modules/hal_nordic/nrfx/libmodules__hal_nordic__nrfx.a(nrfx_gpiote.c.obj)
                0x0000000000013c6c                nrfx_gpiote_global_callback_set
 .text.nrfx_gpiote_channel_get
                0x0000000000013c78       0x2c modules/hal_nordic/nrfx/libmodules__hal_nordic__nrfx.a(nrfx_gpiote.c.obj)
                0x0000000000013c78                nrfx_gpiote_channel_get
 .text.nrfx_gpiote_init
                0x0000000000013ca4       0x50 modules/hal_nordic/nrfx/libmodules__hal_nordic__nrfx.a(nrfx_gpiote.c.obj)
                0x0000000000013ca4                nrfx_gpiote_init
 .text.nrfx_gpiote_is_init
                0x0000000000013cf4       0x14 modules/hal_nordic/nrfx/libmodules__hal_nordic__nrfx.a(nrfx_gpiote.c.obj)
                0x0000000000013cf4                nrfx_gpiote_is_init
 .text.nrfx_gpiote_channel_free
                0x0000000000013d08        0xc modules/hal_nordic/nrfx/libmodules__hal_nordic__nrfx.a(nrfx_gpiote.c.obj)
                0x0000000000013d08                nrfx_gpiote_channel_free
 .text.nrfx_gpiote_channel_alloc
                0x0000000000013d14        0xc modules/hal_nordic/nrfx/libmodules__hal_nordic__nrfx.a(nrfx_gpiote.c.obj)
                0x0000000000013d14                nrfx_gpiote_channel_alloc
 .text.nrfx_gpiote_trigger_enable
                0x0000000000013d20       0x8c modules/hal_nordic/nrfx/libmodules__hal_nordic__nrfx.a(nrfx_gpiote.c.obj)
                0x0000000000013d20                nrfx_gpiote_trigger_enable
 .text.nrfx_gpiote_trigger_disable
                0x0000000000013dac       0x50 modules/hal_nordic/nrfx/libmodules__hal_nordic__nrfx.a(nrfx_gpiote.c.obj)
                0x0000000000013dac                nrfx_gpiote_trigger_disable
 .text.nrfx_gpiote_pin_uninit
                0x0000000000013dfc       0x50 modules/hal_nordic/nrfx/libmodules__hal_nordic__nrfx.a(nrfx_gpiote.c.obj)
                0x0000000000013dfc                nrfx_gpiote_pin_uninit
 .text.nrfx_gpiote_irq_handler
                0x0000000000013e4c      0x1b0 modules/hal_nordic/nrfx/libmodules__hal_nordic__nrfx.a(nrfx_gpiote.c.obj)
                0x0000000000013e4c                nrfx_gpiote_irq_handler
 .text.nrfx_ipc_init
                0x0000000000013ffc       0x30 modules/hal_nordic/nrfx/libmodules__hal_nordic__nrfx.a(nrfx_ipc.c.obj)
                0x0000000000013ffc                nrfx_ipc_init
 .text.nrfx_ipc_config_load
                0x000000000001402c       0x40 modules/hal_nordic/nrfx/libmodules__hal_nordic__nrfx.a(nrfx_ipc.c.obj)
                0x000000000001402c                nrfx_ipc_config_load
 .text.nrfx_ipc_receive_event_enable
                0x000000000001406c       0x10 modules/hal_nordic/nrfx/libmodules__hal_nordic__nrfx.a(nrfx_ipc.c.obj)
                0x000000000001406c                nrfx_ipc_receive_event_enable
 .text.nrfx_ipc_receive_event_disable
                0x000000000001407c       0x10 modules/hal_nordic/nrfx/libmodules__hal_nordic__nrfx.a(nrfx_ipc.c.obj)
                0x000000000001407c                nrfx_ipc_receive_event_disable
 .text.nrfx_ipc_irq_handler
                0x000000000001408c       0x40 modules/hal_nordic/nrfx/libmodules__hal_nordic__nrfx.a(nrfx_ipc.c.obj)
                0x000000000001408c                nrfx_ipc_irq_handler
 .text.metal_generic_dev_open
                0x00000000000140cc       0x40 modules/libmetal/libmetal/lib/libmetal.a(device.c.obj)
                0x00000000000140cc                metal_generic_dev_open
 .text.metal_bus_unregister
                0x000000000001410c       0x3c modules/libmetal/libmetal/lib/libmetal.a(device.c.obj)
                0x000000000001410c                metal_bus_unregister
 .text.metal_bus_find
                0x0000000000014148       0x3c modules/libmetal/libmetal/lib/libmetal.a(device.c.obj)
                0x0000000000014148                metal_bus_find
 .text.metal_bus_register
                0x0000000000014184       0x68 modules/libmetal/libmetal/lib/libmetal.a(device.c.obj)
                0x0000000000014184                metal_bus_register
 .text.metal_register_generic_device
                0x00000000000141ec       0x40 modules/libmetal/libmetal/lib/libmetal.a(device.c.obj)
                0x00000000000141ec                metal_register_generic_device
 .text.metal_init
                0x000000000001422c       0x40 modules/libmetal/libmetal/lib/libmetal.a(init.c.obj)
                0x000000000001422c                metal_init
 .text.metal_finish
                0x000000000001426c       0x18 modules/libmetal/libmetal/lib/libmetal.a(init.c.obj)
                0x000000000001426c                metal_finish
 .text.metal_sys_init
                0x0000000000014284       0x10 modules/libmetal/libmetal/lib/libmetal.a(init.c.obj)
                0x0000000000014284                metal_sys_init
 .text.metal_sys_finish
                0x0000000000014294        0xc modules/libmetal/libmetal/lib/libmetal.a(init.c.obj)
                0x0000000000014294                metal_sys_finish
 .text.metal_zephyr_log_handler
                0x00000000000142a0       0x3c modules/libmetal/libmetal/lib/libmetal.a(log.c.obj)
                0x00000000000142a0                metal_zephyr_log_handler
 .text.virtio_create_virtqueues
                0x00000000000142dc       0xa0 modules/open-amp/open-amp/lib/libopen_amp.a(virtio.c.obj)
                0x00000000000142dc                virtio_create_virtqueues
 .text.virtqueue_free
                0x000000000001437c       0x38 modules/open-amp/open-amp/lib/libopen_amp.a(virtqueue.c.obj)
                0x000000000001437c                virtqueue_free
 .text.virtqueue_add_consumed_buffer
                0x00000000000143b4       0x38 modules/open-amp/open-amp/lib/libopen_amp.a(virtqueue.c.obj)
                0x00000000000143b4                virtqueue_add_consumed_buffer
 .text.rpmsg_send_offchannel_raw
                0x00000000000143ec       0x2c modules/open-amp/open-amp/lib/libopen_amp.a(rpmsg.c.obj)
                0x00000000000143ec                rpmsg_send_offchannel_raw
 .text.rpmsg_send_offchannel_nocopy
                0x0000000000014418       0x2c modules/open-amp/open-amp/lib/libopen_amp.a(rpmsg.c.obj)
                0x0000000000014418                rpmsg_send_offchannel_nocopy
 .text.rpmsg_register_endpoint
                0x0000000000014444       0x40 modules/open-amp/open-amp/lib/libopen_amp.a(rpmsg.c.obj)
                0x0000000000014444                rpmsg_register_endpoint
 .text.rpmsg_create_ept
                0x0000000000014484      0x100 modules/open-amp/open-amp/lib/libopen_amp.a(rpmsg.c.obj)
                0x0000000000014484                rpmsg_create_ept
 .text.rpmsg_virtio_send_offchannel_raw
                0x0000000000014584       0x5c modules/open-amp/open-amp/lib/libopen_amp.a(rpmsg_virtio.c.obj)
 .text.rpmsg_virtio_get_buffer_size
                0x00000000000145e0       0x4c modules/open-amp/open-amp/lib/libopen_amp.a(rpmsg_virtio.c.obj)
                0x00000000000145e0                rpmsg_virtio_get_buffer_size
 .text.rpmsg_init_vdev_with_config
                0x000000000001462c      0x254 modules/open-amp/open-amp/lib/libopen_amp.a(rpmsg_virtio.c.obj)
                0x000000000001462c                rpmsg_init_vdev_with_config
 .text.rpmsg_init_vdev
                0x0000000000014880       0x2c modules/open-amp/open-amp/lib/libopen_amp.a(rpmsg_virtio.c.obj)
                0x0000000000014880                rpmsg_init_vdev
 .text.z_fatal_error
                0x00000000000148ac       0xfc zephyr/kernel/libkernel.a(fatal.c.obj)
                0x00000000000148ac                z_fatal_error
 .text.z_sys_init_run_level
                0x00000000000149a8       0x48 zephyr/kernel/libkernel.a(init.c.obj)
 .text.bg_thread_main
                0x00000000000149f0       0x34 zephyr/kernel/libkernel.a(init.c.obj)
 .text.z_bss_zero
                0x0000000000014a24       0x18 zephyr/kernel/libkernel.a(init.c.obj)
                0x0000000000014a24                z_bss_zero
 .text.z_init_cpu
                0x0000000000014a3c       0x68 zephyr/kernel/libkernel.a(init.c.obj)
                0x0000000000014a3c                z_init_cpu
 .text.z_cstart
                0x0000000000014aa4       0xe4 zephyr/kernel/libkernel.a(init.c.obj)
                0x0000000000014aa4                z_cstart
 .text.statics_init
                0x0000000000014b88       0x24 zephyr/kernel/libkernel.a(kheap.c.obj)
 .text.init_mem_slab_module
                0x0000000000014bac       0x24 zephyr/kernel/libkernel.a(mem_slab.c.obj)
 .text.k_mem_slab_alloc
                0x0000000000014bd0       0x5c zephyr/kernel/libkernel.a(mem_slab.c.obj)
                0x0000000000014bd0                k_mem_slab_alloc
 .text.z_setup_new_thread
                0x0000000000014c2c       0x60 zephyr/kernel/libkernel.a(thread.c.obj)
                0x0000000000014c2c                z_setup_new_thread
 .text.z_impl_k_thread_create
                0x0000000000014c8c       0x58 zephyr/kernel/libkernel.a(thread.c.obj)
                0x0000000000014c8c                z_impl_k_thread_create
 .text.z_init_static_threads
                0x0000000000014ce4       0xb8 zephyr/kernel/libkernel.a(thread.c.obj)
                0x0000000000014ce4                z_init_static_threads
 .text.idle     0x0000000000014d9c       0x38 zephyr/kernel/libkernel.a(idle.c.obj)
                0x0000000000014d9c                idle
 .text.z_impl_k_mutex_lock
                0x0000000000014dd4       0xf4 zephyr/kernel/libkernel.a(mutex.c.obj)
                0x0000000000014dd4                z_impl_k_mutex_lock
 .text.z_impl_k_mutex_unlock
                0x0000000000014ec8       0x78 zephyr/kernel/libkernel.a(mutex.c.obj)
                0x0000000000014ec8                z_impl_k_mutex_unlock
 .text.z_impl_k_queue_get
                0x0000000000014f40       0x68 zephyr/kernel/libkernel.a(queue.c.obj)
                0x0000000000014f40                z_impl_k_queue_get
 .text.z_impl_k_sem_give
                0x0000000000014fa8       0x4c zephyr/kernel/libkernel.a(sem.c.obj)
                0x0000000000014fa8                z_impl_k_sem_give
 .text.z_impl_k_sem_take
                0x0000000000014ff4       0x50 zephyr/kernel/libkernel.a(sem.c.obj)
                0x0000000000014ff4                z_impl_k_sem_take
 .text.k_sys_work_q_init
                0x0000000000015044       0x34 zephyr/kernel/libkernel.a(system_work_q.c.obj)
 .text.work_queue_main
                0x0000000000015078      0x138 zephyr/kernel/libkernel.a(work.c.obj)
 .text.cancel_sync_locked
                0x00000000000151b0       0x3c zephyr/kernel/libkernel.a(work.c.obj)
 .text.submit_to_queue_locked
                0x00000000000151ec       0xb4 zephyr/kernel/libkernel.a(work.c.obj)
 .text.k_work_submit
                0x00000000000152a0        0xc zephyr/kernel/libkernel.a(work.c.obj)
                0x00000000000152a0                k_work_submit
 .text.k_work_queue_start
                0x00000000000152ac       0x70 zephyr/kernel/libkernel.a(work.c.obj)
                0x00000000000152ac                k_work_queue_start
 .text.k_work_queue_drain
                0x000000000001531c       0x7c zephyr/kernel/libkernel.a(work.c.obj)
                0x000000000001531c                k_work_queue_drain
 .text.k_work_schedule_for_queue
                0x0000000000015398       0x54 zephyr/kernel/libkernel.a(work.c.obj)
                0x0000000000015398                k_work_schedule_for_queue
 .text.k_work_schedule
                0x00000000000153ec        0xc zephyr/kernel/libkernel.a(work.c.obj)
                0x00000000000153ec                k_work_schedule
 .text.k_work_reschedule_for_queue
                0x00000000000153f8       0x5c zephyr/kernel/libkernel.a(work.c.obj)
                0x00000000000153f8                k_work_reschedule_for_queue
 .text.k_work_reschedule
                0x0000000000015454        0xc zephyr/kernel/libkernel.a(work.c.obj)
                0x0000000000015454                k_work_reschedule
 .text.sliceable
                0x0000000000015460       0x3c zephyr/kernel/libkernel.a(sched.c.obj)
 .text.slice_timeout
                0x000000000001549c       0x20 zephyr/kernel/libkernel.a(sched.c.obj)
 .text.z_reset_time_slice
                0x00000000000154bc       0x50 zephyr/kernel/libkernel.a(sched.c.obj)
                0x00000000000154bc                z_reset_time_slice
 .text.update_cache
                0x000000000001550c       0x3c zephyr/kernel/libkernel.a(sched.c.obj)
 .text.move_thread_to_end_of_prio_q
                0x0000000000015548       0x74 zephyr/kernel/libkernel.a(sched.c.obj)
 .text.ready_thread
                0x00000000000155bc       0x68 zephyr/kernel/libkernel.a(sched.c.obj)
 .text.unready_thread
                0x0000000000015624       0x30 zephyr/kernel/libkernel.a(sched.c.obj)
 .text.pend_locked
                0x0000000000015654       0x30 zephyr/kernel/libkernel.a(sched.c.obj)
 .text.z_time_slice
                0x0000000000015684       0x60 zephyr/kernel/libkernel.a(sched.c.obj)
                0x0000000000015684                z_time_slice
 .text.z_pend_curr
                0x00000000000156e4       0x3c zephyr/kernel/libkernel.a(sched.c.obj)
                0x00000000000156e4                z_pend_curr
 .text.z_set_prio
                0x0000000000015720       0x8c zephyr/kernel/libkernel.a(sched.c.obj)
                0x0000000000015720                z_set_prio
 .text.z_reschedule
                0x00000000000157ac       0x24 zephyr/kernel/libkernel.a(sched.c.obj)
                0x00000000000157ac                z_reschedule
 .text.z_sched_start
                0x00000000000157d0       0x3c zephyr/kernel/libkernel.a(sched.c.obj)
                0x00000000000157d0                z_sched_start
 .text.z_impl_k_thread_suspend
                0x000000000001580c       0x64 zephyr/kernel/libkernel.a(sched.c.obj)
                0x000000000001580c                z_impl_k_thread_suspend
 .text.k_sched_lock
                0x0000000000015870       0x28 zephyr/kernel/libkernel.a(sched.c.obj)
                0x0000000000015870                k_sched_lock
 .text.k_sched_unlock
                0x0000000000015898       0x38 zephyr/kernel/libkernel.a(sched.c.obj)
                0x0000000000015898                k_sched_unlock
 .text.z_sched_init
                0x00000000000158d0       0x10 zephyr/kernel/libkernel.a(sched.c.obj)
                0x00000000000158d0                z_sched_init
 .text.z_impl_k_yield
                0x00000000000158e0       0x7c zephyr/kernel/libkernel.a(sched.c.obj)
                0x00000000000158e0                z_impl_k_yield
 .text.z_tick_sleep
                0x000000000001595c       0x88 zephyr/kernel/libkernel.a(sched.c.obj)
 .text.z_impl_k_sleep
                0x00000000000159e4       0x34 zephyr/kernel/libkernel.a(sched.c.obj)
                0x00000000000159e4                z_impl_k_sleep
 .text.z_impl_z_current_get
                0x0000000000015a18        0xc zephyr/kernel/libkernel.a(sched.c.obj)
                0x0000000000015a18                z_impl_z_current_get
 .text.z_thread_abort
                0x0000000000015a24       0xc0 zephyr/kernel/libkernel.a(sched.c.obj)
                0x0000000000015a24                z_thread_abort
 .text.z_sched_wait
                0x0000000000015ae4       0x24 zephyr/kernel/libkernel.a(sched.c.obj)
                0x0000000000015ae4                z_sched_wait
 .text.z_data_copy
                0x0000000000015b08       0x34 zephyr/kernel/libkernel.a(xip.c.obj)
                0x0000000000015b08                z_data_copy
 .text.elapsed  0x0000000000015b3c       0x14 zephyr/kernel/libkernel.a(timeout.c.obj)
 .text.next_timeout
                0x0000000000015b50       0x40 zephyr/kernel/libkernel.a(timeout.c.obj)
 .text.remove_timeout
                0x0000000000015b90       0x38 zephyr/kernel/libkernel.a(timeout.c.obj)
 .text.z_add_timeout
                0x0000000000015bc8       0xec zephyr/kernel/libkernel.a(timeout.c.obj)
                0x0000000000015bc8                z_add_timeout
 .text.sys_clock_announce
                0x0000000000015cb4       0xd4 zephyr/kernel/libkernel.a(timeout.c.obj)
                0x0000000000015cb4                sys_clock_announce
 .text.sys_clock_tick_get
                0x0000000000015d88       0x34 zephyr/kernel/libkernel.a(timeout.c.obj)
                0x0000000000015d88                sys_clock_tick_get
 .text.z_timer_expiration_handler
                0x0000000000015dbc       0xe4 zephyr/kernel/libkernel.a(timer.c.obj)
                0x0000000000015dbc                z_timer_expiration_handler
 .text.z_impl_k_timer_start
                0x0000000000015ea0       0x60 zephyr/kernel/libkernel.a(timer.c.obj)
                0x0000000000015ea0                z_impl_k_timer_start
 .text.z_impl_k_poll
                0x0000000000015f00       0xb8 zephyr/kernel/libkernel.a(poll.c.obj)
                0x0000000000015f00                z_impl_k_poll
 .text.z_impl_k_poll_signal_raise
                0x0000000000015fb8       0x50 zephyr/kernel/libkernel.a(poll.c.obj)
                0x0000000000015fb8                z_impl_k_poll_signal_raise
 .text.k_aligned_alloc
                0x0000000000016008       0x10 zephyr/kernel/libkernel.a(mempool.c.obj)
                0x0000000000016008                k_aligned_alloc
 .text.k_thread_system_pool_assign
                0x0000000000016018        0xc zephyr/kernel/libkernel.a(mempool.c.obj)
                0x0000000000016018                k_thread_system_pool_assign
 .text.z_thread_aligned_alloc
                0x0000000000016024       0x30 zephyr/kernel/libkernel.a(mempool.c.obj)
                0x0000000000016024                z_thread_aligned_alloc
 .text.boot_banner
                0x0000000000016054        0xc zephyr/kernel/libkernel.a(banner.c.obj)
                0x0000000000016054                boot_banner
 .text.app_led_cb
                0x0000000000016060        0x8 app/libapp.a(main.c.obj)
 .text.indicate_cb
                0x0000000000016068        0x2 app/libapp.a(my_lbs.c.obj)
 .text.cbpprintf_external
                0x000000000001606a       0x62 zephyr/libzephyr.a(cbprintf_packaged.c.obj)
                0x000000000001606a                cbpprintf_external
 .text.is_ptr   0x00000000000160cc       0x4a zephyr/libzephyr.a(cbprintf_packaged.c.obj)
                0x00000000000160cc                is_ptr
 .text.arch_printk_char_out
                0x0000000000016116        0x4 zephyr/libzephyr.a(printk.c.obj)
                0x0000000000016116                arch_printk_char_out
 .text.str_out  0x000000000001611a       0x26 zephyr/libzephyr.a(printk.c.obj)
 .text.vprintk  0x0000000000016140        0x4 zephyr/libzephyr.a(printk.c.obj)
                0x0000000000016140                vprintk
 .text.printk   0x0000000000016144       0x1a zephyr/libzephyr.a(printk.c.obj)
                0x0000000000016144                printk
 .text.snprintk
                0x000000000001615e       0x1a zephyr/libzephyr.a(printk.c.obj)
                0x000000000001615e                snprintk
 .text.z_thread_entry
                0x0000000000016178       0x14 zephyr/libzephyr.a(thread_entry.c.obj)
                0x0000000000016178                z_thread_entry
 .text.chunk_size
                0x000000000001618c        0xa zephyr/libzephyr.a(heap.c.obj)
 .text.free_list_add
                0x0000000000016196       0x4e zephyr/libzephyr.a(heap.c.obj)
 .text.free_list_remove_bidx
                0x00000000000161e4       0x3a zephyr/libzephyr.a(heap.c.obj)
 .text.free_list_remove
                0x000000000001621e       0x1a zephyr/libzephyr.a(heap.c.obj)
 .text.alloc_chunk
                0x0000000000016238       0x6e zephyr/libzephyr.a(heap.c.obj)
 .text.merge_chunks
                0x00000000000162a6       0x2c zephyr/libzephyr.a(heap.c.obj)
 .text.split_chunks
                0x00000000000162d2       0x34 zephyr/libzephyr.a(heap.c.obj)
 .text.free_chunk
                0x0000000000016306       0x62 zephyr/libzephyr.a(heap.c.obj)
 .text.sys_heap_free
                0x0000000000016368       0x1e zephyr/libzephyr.a(heap.c.obj)
                0x0000000000016368                sys_heap_free
 .text.sys_heap_alloc
                0x0000000000016386       0x52 zephyr/libzephyr.a(heap.c.obj)
                0x0000000000016386                sys_heap_alloc
 .text.sys_heap_aligned_alloc
                0x00000000000163d8       0xce zephyr/libzephyr.a(heap.c.obj)
                0x00000000000163d8                sys_heap_aligned_alloc
 .text.sys_heap_init
                0x00000000000164a6       0x70 zephyr/libzephyr.a(heap.c.obj)
                0x00000000000164a6                sys_heap_init
 .text.process_recheck
                0x0000000000016516       0x38 zephyr/libzephyr.a(onoff.c.obj)
 .text.validate_args
                0x000000000001654e       0x20 zephyr/libzephyr.a(onoff.c.obj)
 .text.notify_one
                0x000000000001656e       0x2c zephyr/libzephyr.a(onoff.c.obj)
 .text.transition_complete
                0x000000000001659a       0x1c zephyr/libzephyr.a(onoff.c.obj)
 .text.onoff_manager_init
                0x00000000000165b6       0x26 zephyr/libzephyr.a(onoff.c.obj)
                0x00000000000165b6                onoff_manager_init
 .text.onoff_request
                0x00000000000165dc       0xb0 zephyr/libzephyr.a(onoff.c.obj)
                0x00000000000165dc                onoff_request
 .text.sys_notify_validate
                0x000000000001668c       0x28 zephyr/libzephyr.a(notify.c.obj)
                0x000000000001668c                sys_notify_validate
 .text.sys_notify_finalize
                0x00000000000166b4       0x32 zephyr/libzephyr.a(notify.c.obj)
                0x00000000000166b4                sys_notify_finalize
 .text.encode_uint
                0x00000000000166e6       0x8c zephyr/libzephyr.a(cbprintf_complete.c.obj)
 .text.outs     0x0000000000016772       0x2e zephyr/libzephyr.a(cbprintf_complete.c.obj)
 .text.assert_print
                0x00000000000167a0       0x1a zephyr/libzephyr.a(assert.c.obj)
                0x00000000000167a0                assert_print
 .text.free_space
                0x00000000000167ba       0x26 zephyr/libzephyr.a(mpsc_pbuf.c.obj)
 .text.get_usage
                0x00000000000167e0       0x22 zephyr/libzephyr.a(mpsc_pbuf.c.obj)
 .text.idx_inc  0x0000000000016802       0x1c zephyr/libzephyr.a(mpsc_pbuf.c.obj)
 .text.rd_idx_inc
                0x000000000001681e       0x18 zephyr/libzephyr.a(mpsc_pbuf.c.obj)
 .text.add_skip_item
                0x0000000000016836       0x3e zephyr/libzephyr.a(mpsc_pbuf.c.obj)
 .text.drop_item_locked
                0x0000000000016874       0xee zephyr/libzephyr.a(mpsc_pbuf.c.obj)
 .text.post_drop_action
                0x0000000000016962       0x36 zephyr/libzephyr.a(mpsc_pbuf.c.obj)
 .text.max_utilization_update
                0x0000000000016998       0x1a zephyr/libzephyr.a(mpsc_pbuf.c.obj)
 .text.mpsc_pbuf_init
                0x00000000000169b2       0x42 zephyr/libzephyr.a(mpsc_pbuf.c.obj)
                0x00000000000169b2                mpsc_pbuf_init
 .text.mpsc_pbuf_alloc
                0x00000000000169f4       0xfc zephyr/libzephyr.a(mpsc_pbuf.c.obj)
                0x00000000000169f4                mpsc_pbuf_alloc
 .text.mpsc_pbuf_commit
                0x0000000000016af0       0x40 zephyr/libzephyr.a(mpsc_pbuf.c.obj)
                0x0000000000016af0                mpsc_pbuf_commit
 .text.mpsc_pbuf_claim
                0x0000000000016b30       0xa4 zephyr/libzephyr.a(mpsc_pbuf.c.obj)
                0x0000000000016b30                mpsc_pbuf_claim
 .text.mpsc_pbuf_free
                0x0000000000016bd4       0x78 zephyr/libzephyr.a(mpsc_pbuf.c.obj)
                0x0000000000016bd4                mpsc_pbuf_free
 .text.mpsc_pbuf_is_pending
                0x0000000000016c4c       0x1a zephyr/libzephyr.a(mpsc_pbuf.c.obj)
                0x0000000000016c4c                mpsc_pbuf_is_pending
 .text._ConfigAbsSyms
                0x0000000000016c66        0x2 zephyr/libzephyr.a(configs.c.obj)
                0x0000000000016c66                _ConfigAbsSyms
 .text.nordicsemi_nrf53_init
                0x0000000000016c68       0x56 zephyr/libzephyr.a(soc.c.obj)
 .text.pm_state_set
                0x0000000000016cbe       0x18 zephyr/libzephyr.a(power.c.obj)
                0x0000000000016cbe                pm_state_set
 .text.pm_state_exit_post_ops
                0x0000000000016cd6        0xc zephyr/libzephyr.a(power.c.obj)
                0x0000000000016cd6                pm_state_exit_post_ops
 .text.soc_secure_gpio_pin_mcu_select
                0x0000000000016ce2        0xe zephyr/libzephyr.a(soc_secure.c.obj)
                0x0000000000016ce2                soc_secure_gpio_pin_mcu_select
 .text.z_log_msg_static_create.constprop.0
                0x0000000000016cf0        0x6 zephyr/libzephyr.a(ipc_service.c.obj)
 .text.get_tx_buffer_size
                0x0000000000016cf6        0x8 zephyr/libzephyr.a(ipc_rpmsg_static_vrings.c.obj)
 .text.drop_tx_buffer
                0x0000000000016cfe        0x6 zephyr/libzephyr.a(ipc_rpmsg_static_vrings.c.obj)
 .text.release_rx_buffer
                0x0000000000016d04       0x16 zephyr/libzephyr.a(ipc_rpmsg_static_vrings.c.obj)
 .text.hold_rx_buffer
                0x0000000000016d1a       0x16 zephyr/libzephyr.a(ipc_rpmsg_static_vrings.c.obj)
 .text.send_nocopy
                0x0000000000016d30       0x3a zephyr/libzephyr.a(ipc_rpmsg_static_vrings.c.obj)
 .text.get_tx_buffer
                0x0000000000016d6a       0x7c zephyr/libzephyr.a(ipc_rpmsg_static_vrings.c.obj)
 .text.rpmsg_service_unbind
                0x0000000000016de6        0x4 zephyr/libzephyr.a(ipc_rpmsg_static_vrings.c.obj)
 .text.get_ept_slot_with_name
                0x0000000000016dea       0x2c zephyr/libzephyr.a(ipc_rpmsg_static_vrings.c.obj)
 .text.mbox_callback
                0x0000000000016e16        0xc zephyr/libzephyr.a(ipc_rpmsg_static_vrings.c.obj)
 .text.mbox_callback_process