Archive member included to satisfy reference by file (symbol)

app/libapp.a(main.c.obj)      (--whole-archive)
app/libapp.a(my_lbs.c.obj)    (--whole-archive)
app/libapp.a(adc.c.obj)       (--whole-archive)
zephyr/libzephyr.a(cbprintf_packaged.c.obj)
                              (--whole-archive)
zephyr/libzephyr.a(dec.c.obj)
                              (--whole-archive)
zephyr/libzephyr.a(fdtable.c.obj)
                              (--whole-archive)
zephyr/libzephyr.a(hex.c.obj)
                              (--whole-archive)
zephyr/libzephyr.a(printk.c.obj)
                              (--whole-archive)
zephyr/libzephyr.a(rb.c.obj)  (--whole-archive)
zephyr/libzephyr.a(sem.c.obj)
                              (--whole-archive)
zephyr/libzephyr.a(thread_entry.c.obj)
                              (--whole-archive)
zephyr/libzephyr.a(timeutil.c.obj)
                              (--whole-archive)
zephyr/libzephyr.a(heap.c.obj)
                              (--whole-archive)
zephyr/libzephyr.a(heap-validate.c.obj)
                              (--whole-archive)
zephyr/libzephyr.a(bitarray.c.obj)
                              (--whole-archive)
zephyr/libzephyr.a(multi_heap.c.obj)
                              (--whole-archive)
zephyr/libzephyr.a(onoff.c.obj)
                              (--whole-archive)
zephyr/libzephyr.a(notify.c.obj)
                              (--whole-archive)
zephyr/libzephyr.a(crc32c_sw.c.obj)
                              (--whole-archive)
zephyr/libzephyr.a(crc32_sw.c.obj)
                              (--whole-archive)
zephyr/libzephyr.a(crc16_sw.c.obj)
                              (--whole-archive)
zephyr/libzephyr.a(crc8_sw.c.obj)
                              (--whole-archive)
zephyr/libzephyr.a(crc7_sw.c.obj)
                              (--whole-archive)
zephyr/libzephyr.a(cbprintf_complete.c.obj)
                              (--whole-archive)
zephyr/libzephyr.a(cbprintf.c.obj)
                              (--whole-archive)
zephyr/libzephyr.a(assert.c.obj)
                              (--whole-archive)
zephyr/libzephyr.a(mpsc_pbuf.c.obj)
                              (--whole-archive)
zephyr/libzephyr.a(reboot.c.obj)
                              (--whole-archive)
zephyr/libzephyr.a(configs.c.obj)
                              (--whole-archive)
zephyr/libzephyr.a(soc.c.obj)
                              (--whole-archive)
zephyr/libzephyr.a(power.c.obj)
                              (--whole-archive)
zephyr/libzephyr.a(sync_rtc.c.obj)
                              (--whole-archive)
zephyr/libzephyr.a(soc_nrf_common.S.obj)
                              (--whole-archive)
zephyr/libzephyr.a(soc_secure.c.obj)
                              (--whole-archive)
zephyr/libzephyr.a(validate_base_addresses.c.obj)
                              (--whole-archive)
zephyr/libzephyr.a(validate_enabled_instances.c.obj)
                              (--whole-archive)
zephyr/libzephyr.a(ipc_service.c.obj)
                              (--whole-archive)
zephyr/libzephyr.a(ipc_rpmsg_static_vrings.c.obj)
                              (--whole-archive)
zephyr/libzephyr.a(ipc_rpmsg.c.obj)
                              (--whole-archive)
zephyr/libzephyr.a(ipc_static_vrings.c.obj)
                              (--whole-archive)
zephyr/libzephyr.a(log_core.c.obj)
                              (--whole-archive)
zephyr/libzephyr.a(log_mgmt.c.obj)
                              (--whole-archive)
zephyr/libzephyr.a(log_cache.c.obj)
                              (--whole-archive)
zephyr/libzephyr.a(log_msg.c.obj)
                              (--whole-archive)
zephyr/libzephyr.a(log_output.c.obj)
                              (--whole-archive)
zephyr/libzephyr.a(log_backend_uart.c.obj)
                              (--whole-archive)
zephyr/libzephyr.a(pm.c.obj)  (--whole-archive)
zephyr/libzephyr.a(policy.c.obj)
                              (--whole-archive)
zephyr/libzephyr.a(state.c.obj)
                              (--whole-archive)
zephyr/libzephyr.a(tracing_none.c.obj)
                              (--whole-archive)
zephyr/libzephyr.a(addr_utils.c.obj)
                              (--whole-archive)
zephyr/libzephyr.a(flash_map_partition_manager.c.obj)
                              (--whole-archive)
zephyr/libzephyr.a(utils.c.obj)
                              (--whole-archive)
zephyr/libzephyr.a(aes_decrypt.c.obj)
                              (--whole-archive)
zephyr/libzephyr.a(aes_encrypt.c.obj)
                              (--whole-archive)
zephyr/libzephyr.a(cmac_mode.c.obj)
                              (--whole-archive)
zephyr/libzephyr.a(sha256.c.obj)
                              (--whole-archive)
zephyr/libzephyr.a(hmac.c.obj)
                              (--whole-archive)
zephyr/libzephyr.a(hmac_prng.c.obj)
                              (--whole-archive)
zephyr/arch/common/libarch__common.a(sw_isr_common.c.obj)
                              (--whole-archive)
[...]
Memory Configuration

Name             Origin             Length             Attributes
FLASH            0x0000000000008000 0x00000000000f8000 xr
RAM              0x0000000020008000 0x0000000000068000 xw
IDT_LIST         0x00000000fffff7ff 0x0000000000000800 xw
*default*        0x0000000000000000 0xffffffffffffffff

Linker script and memory map

LOAD zephyr/CMakeFiles/zephyr_pre1.dir/misc/empty_file.c.obj
LOAD zephyr/CMakeFiles/zephyr_pre1.dir/dev_handles.c.obj
LOAD app/libapp.a
LOAD zephyr/libzephyr.a
LOAD zephyr/arch/common/libarch__common.a
LOAD zephyr/arch/arch/arm/core/aarch32/libarch__arm__core__aarch32.a
LOAD zephyr/arch/arch/arm/core/aarch32/cortex_m/libarch__arm__core__aarch32__cortex_m.a
LOAD zephyr/arch/arch/arm/core/aarch32/cortex_m/cmse/libarch__arm__core__aarch32__cortex_m__cmse.a
LOAD zephyr/arch/arch/arm/core/aarch32/mpu/libarch__arm__core__aarch32__mpu.a
LOAD zephyr/lib/libc/minimal/liblib__libc__minimal.a
LOAD zephyr/soc/arm/common/cortex_m/libsoc__arm__common__cortex_m.a
LOAD zephyr/boards/arm/nrf5340dk_nrf5340/libboards__arm__nrf5340dk_nrf5340.a
LOAD zephyr/subsys/random/libsubsys__random.a
LOAD zephyr/subsys/bluetooth/common/libsubsys__bluetooth__common.a
LOAD zephyr/subsys/bluetooth/host/libsubsys__bluetooth__host.a
LOAD zephyr/subsys/net/libsubsys__net.a
LOAD zephyr/drivers/adc/libdrivers__adc.a
LOAD zephyr/drivers/bluetooth/libdrivers__bluetooth.a
LOAD zephyr/drivers/clock_control/libdrivers__clock_control.a
LOAD zephyr/drivers/console/libdrivers__console.a
LOAD zephyr/drivers/entropy/libdrivers__entropy.a
LOAD zephyr/drivers/gpio/libdrivers__gpio.a
LOAD zephyr/drivers/mbox/libdrivers__mbox.a
LOAD zephyr/drivers/pinctrl/libdrivers__pinctrl.a
LOAD zephyr/drivers/serial/libdrivers__serial.a
LOAD zephyr/drivers/timer/libdrivers__timer.a
LOAD modules/nrf/lib/dk_buttons_and_leds/lib..__nrf__lib__dk_buttons_and_leds.a
LOAD modules/nrf/lib/fatal_error/lib..__nrf__lib__fatal_error.a
LOAD modules/nrf/modules/tfm/zephyr/libtfm_api_nrf.a
LOAD modules/trusted-firmware-m/libtfm_api.a
LOAD modules/hal_nordic/nrfx/libmodules__hal_nordic__nrfx.a
LOAD modules/libmetal/libmetal/lib/libmetal.a
LOAD modules/open-amp/open-amp/lib/libopen_amp.a
LOAD modules/nrfxlib/nrfxlib/nrf_security/src/zephyr/libmbedtls_zephyr.a
LOAD zephyr/kernel/libkernel.a
LOAD zephyr/CMakeFiles/offsets.dir/./arch/arm/core/offsets/offsets.c.obj
LOAD c:/ncs/toolchains/31f4403e35/opt/zephyr-sdk/arm-zephyr-eabi/bin/../lib/gcc/arm-zephyr-eabi/12.2.0/thumb/v8-m.main/nofp\libgcc.a
LOAD zephyr/arch/common/libisr_tables.a
LOAD tfm/secure_fw/s_veneers.o
LOAD modules/nrfxlib/nrfxlib/nrf_security/src/libmbedcrypto.a
LOAD C:/ncs/v2.4.2/nrfxlib/crypto/nrf_oberon/lib/cortex-m33/soft-float/liboberon_mbedtls_3.0.13.a
LOAD modules/nrfxlib/nrfxlib/nrf_security/src/libmbedcrypto_base.a
LOAD C:/ncs/v2.4.2/nrfxlib/crypto/nrf_oberon/lib/cortex-m33/soft-float/liboberon_3.0.13.a
                0x0000000000000020                _region_min_align = 0x20

.rel.plt        0x0000000000008000        0x0
 *(SORT_BY_ALIGNMENT(.rel.plt))
                [!provide]                        PROVIDE (__rel_iplt_start = .)
 *(SORT_BY_ALIGNMENT(.rel.iplt))
 .rel.iplt      0x0000000000008000        0x0 app/libapp.a(main.c.obj)
                [!provide]                        PROVIDE (__rel_iplt_end = .)

.rela.plt       0x0000000000000000        0x0
 *(SORT_BY_ALIGNMENT(.rela.plt))
                [!provide]                        PROVIDE (__rela_iplt_start = .)
 *(SORT_BY_ALIGNMENT(.rela.iplt))
                [!provide]                        PROVIDE (__rela_iplt_end = .)

.rel.dyn
 *(SORT_BY_ALIGNMENT(.rel.*))

.rela.dyn
 *(SORT_BY_ALIGNMENT(.rela.*))

/DISCARD/
 *(SORT_BY_ALIGNMENT(.plt))

/DISCARD/
 *(SORT_BY_ALIGNMENT(.iplt))
                0x0000000000008000                __rom_region_start = 0x8000

rom_start       0x0000000000008000      0x154
                0x0000000000000000                . = 0x0
                0x0000000000000000                . = ALIGN (0x4)
                0x0000000000000000                . = ALIGN (0x80)
                0x0000000000000000                . = ALIGN (0x200)
                0x0000000000008000                _vector_start = .
 *(SORT_BY_ALIGNMENT(.exc_vector_table))
 *(SORT_BY_ALIGNMENT(.exc_vector_table.*))
 .exc_vector_table._vector_table_section
                0x0000000000008000       0x40 zephyr/arch/arch/arm/core/aarch32/cortex_m/libarch__arm__core__aarch32__cortex_m.a(vector_table.S.obj)
                0x0000000000008000                _vector_table
 *(SORT_BY_ALIGNMENT(.vectors))
                0x0000000000008154                _vector_end = .
                0x0000000000008040                . = ALIGN (0x4)
 *(SORT_BY_ALIGNMENT(.gnu.linkonce.irq_vector_table*))
 .gnu.linkonce.irq_vector_table
                0x0000000000008040      0x114 zephyr/arch/common/libisr_tables.a(isr_tables.c.obj)
                0x0000000000008040                _irq_vector_table
                0x0000000000008154                _vector_end = .

text            0x0000000000008154    0x13290
                0x0000000000008154                __text_region_start = .
 *(SORT_BY_ALIGNMENT(.text))
 .text          0x0000000000008154       0x30 c:/ncs/toolchains/31f4403e35/opt/zephyr-sdk/arm-zephyr-eabi/bin/../lib/gcc/arm-zephyr-eabi/12.2.0/thumb/v8-m.main/nofp\libgcc.a(_aeabi_uldivmod.o)
                0x0000000000008154                __aeabi_uldivmod
 .text          0x0000000000008184        0x4 c:/ncs/toolchains/31f4403e35/opt/zephyr-sdk/arm-zephyr-eabi/bin/../lib/gcc/arm-zephyr-eabi/12.2.0/thumb/v8-m.main/nofp\libgcc.a(_dvmd_tls.o)
                0x0000000000008184                __aeabi_idiv0
                0x0000000000008184                __aeabi_ldiv0
 .text          0x0000000000008188      0x29c c:/ncs/toolchains/31f4403e35/opt/zephyr-sdk/arm-zephyr-eabi/bin/../lib/gcc/arm-zephyr-eabi/12.2.0/thumb/v8-m.main/nofp\libgcc.a(_udivmoddi4.o)
                0x0000000000008188                __udivmoddi4
 *(SORT_BY_ALIGNMENT(.text.*))
 .text.app_button_cb
                0x0000000000008424        0xc app/libapp.a(main.c.obj)
 .text.on_disconnected
                0x0000000000008430       0x18 app/libapp.a(main.c.obj)
 .text.on_connected
                0x0000000000008448       0x28 app/libapp.a(main.c.obj)
 .text.button_changed
                0x0000000000008470       0x38 app/libapp.a(main.c.obj)
 .text.send_data_thread
                0x00000000000084a8       0x64 app/libapp.a(main.c.obj)
                0x00000000000084a8                send_data_thread
 .text.main     0x000000000000850c      0x158 app/libapp.a(main.c.obj)
                0x000000000000850c                main
 .text.mylbsbc_ccc_cfg_changed
                0x0000000000008664       0x10 app/libapp.a(my_lbs.c.obj)
 .text.mylbsbc_ccc_mysensor_cfg_changed
                0x0000000000008674       0x10 app/libapp.a(my_lbs.c.obj)
 .text.write_led
                0x0000000000008684       0x3c app/libapp.a(my_lbs.c.obj)
 .text.read_button
                0x00000000000086c0       0x44 app/libapp.a(my_lbs.c.obj)
 .text.my_lbs_init
                0x0000000000008704       0x14 app/libapp.a(my_lbs.c.obj)
                0x0000000000008704                my_lbs_init
 .text.my_lbs_send_button_state_indicate
                0x0000000000008718       0x44 app/libapp.a(my_lbs.c.obj)
                0x0000000000008718                my_lbs_send_button_state_indicate
 .text.my_lbs_send_sensor_notify
                0x000000000000875c       0x40 app/libapp.a(my_lbs.c.obj)
                0x000000000000875c                my_lbs_send_sensor_notify
 .text.initializeADC
                0x000000000000879c       0x5c app/libapp.a(adc.c.obj)
                0x000000000000879c                initializeADC
 .text.readADCValue
                0x00000000000087f8      0x10c app/libapp.a(adc.c.obj)
                0x00000000000087f8                readADCValue
 .text.cbvprintf_package
                0x0000000000008904      0x3a8 zephyr/libzephyr.a(cbprintf_packaged.c.obj)
                0x0000000000008904                cbvprintf_package
 .text.cbprintf_package_convert
                0x0000000000008cac      0x3c0 zephyr/libzephyr.a(cbprintf_packaged.c.obj)
                0x0000000000008cac                cbprintf_package_convert
 .text.__printk_hook_install
                0x000000000000906c        0xc zephyr/libzephyr.a(printk.c.obj)
                0x000000000000906c                __printk_hook_install
 .text.vsnprintk
                0x0000000000009078       0x2c zephyr/libzephyr.a(printk.c.obj)
                0x0000000000009078                vsnprintk
 .text.process_event
                0x00000000000090a4      0x21c zephyr/libzephyr.a(onoff.c.obj)
 .text.z_cbvprintf_impl
                0x00000000000092c0      0x764 zephyr/libzephyr.a(cbprintf_complete.c.obj)
                0x00000000000092c0                z_cbvprintf_impl
 .text.z_arm_on_enter_cpu_idle
                0x0000000000009a24       0x68 zephyr/libzephyr.a(soc.c.obj)
                0x0000000000009a24                z_arm_on_enter_cpu_idle
 .text.arch_busy_wait
                0x0000000000009a8c       0x24 zephyr/libzephyr.a(soc.c.obj)
                0x0000000000009a8c                arch_busy_wait
 .text.sync_rtc_setup
                0x0000000000009ab0       0xc8 zephyr/libzephyr.a(sync_rtc.c.obj)
 .text.rtc_cb   0x0000000000009b78       0x44 zephyr/libzephyr.a(sync_rtc.c.obj)
 .text.mbox_callback
                0x0000000000009bbc       0x70 zephyr/libzephyr.a(sync_rtc.c.obj)
 .text.z_arm_platform_init
                0x0000000000009c2c        0x4 zephyr/libzephyr.a(soc_nrf_common.S.obj)
                0x0000000000009c2c                z_arm_platform_init
 .text.ipc_service_open_instance
                0x0000000000009c30       0x5c zephyr/libzephyr.a(ipc_service.c.obj)
                0x0000000000009c30                ipc_service_open_instance
 .text.ipc_service_register_endpoint
                0x0000000000009c8c       0x64 zephyr/libzephyr.a(ipc_service.c.obj)
                0x0000000000009c8c                ipc_service_register_endpoint
 .text.ipc_service_send
                0x0000000000009cf0       0x84 zephyr/libzephyr.a(ipc_service.c.obj)
                0x0000000000009cf0                ipc_service_send
 .text.shared_memory_prepare
                0x0000000000009d74       0x14 zephyr/libzephyr.a(ipc_rpmsg_static_vrings.c.obj)
 .text.advertise_ept
                0x0000000000009d88       0x44 zephyr/libzephyr.a(ipc_rpmsg_static_vrings.c.obj)
 .text.get_ept  0x0000000000009dcc       0x28 zephyr/libzephyr.a(ipc_rpmsg_static_vrings.c.obj)
 .text.open     0x0000000000009df4      0x1b8 zephyr/libzephyr.a(ipc_rpmsg_static_vrings.c.obj)
 .text.close    0x0000000000009fac       0xc4 zephyr/libzephyr.a(ipc_rpmsg_static_vrings.c.obj)
 .text.bound_cb
                0x000000000000a070       0x30 zephyr/libzephyr.a(ipc_rpmsg_static_vrings.c.obj)
 .text.send     0x000000000000a0a0       0x4c zephyr/libzephyr.a(ipc_rpmsg_static_vrings.c.obj)
 .text.register_ept
                0x000000000000a0ec       0xe0 zephyr/libzephyr.a(ipc_rpmsg_static_vrings.c.obj)
 .text.ns_bind_cb
                0x000000000000a1cc       0x6c zephyr/libzephyr.a(ipc_rpmsg.c.obj)
 .text.ipc_rpmsg_register_ept
                0x000000000000a238       0x3c zephyr/libzephyr.a(ipc_rpmsg.c.obj)
                0x000000000000a238                ipc_rpmsg_register_ept
 .text.ipc_rpmsg_init
                0x000000000000a274       0x70 zephyr/libzephyr.a(ipc_rpmsg.c.obj)
                0x000000000000a274                ipc_rpmsg_init
 .text.ipc_static_vrings_init
                0x000000000000a2e4      0x104 zephyr/libzephyr.a(ipc_static_vrings.c.obj)
                0x000000000000a2e4                ipc_static_vrings_init
 .text.activate_foreach_backend
                0x000000000000a3e8       0x64 zephyr/libzephyr.a(log_core.c.obj)
 .text.enable_logger
                0x000000000000a44c       0x5c zephyr/libzephyr.a(log_core.c.obj)
 .text.log_process_thread_timer_expiry_fn
                0x000000000000a4a8        0xc zephyr/libzephyr.a(log_core.c.obj)
 .text.z_log_init
                0x000000000000a4b4       0x90 zephyr/libzephyr.a(log_core.c.obj)
 .text.log_format_func_t_get
                0x000000000000a544        0xc zephyr/libzephyr.a(log_core.c.obj)
                0x000000000000a544                log_format_func_t_get
 .text.log_set_timestamp_func
                0x000000000000a550       0x20 zephyr/libzephyr.a(log_core.c.obj)
                0x000000000000a550                log_set_timestamp_func
 .text.z_log_notify_backend_enabled
                0x000000000000a570       0x1c zephyr/libzephyr.a(log_core.c.obj)
                0x000000000000a570                z_log_notify_backend_enabled
 .text.z_log_dropped
                0x000000000000a58c       0x28 zephyr/libzephyr.a(log_core.c.obj)
                0x000000000000a58c                z_log_dropped
 .text.z_log_dropped_read_and_clear
                0x000000000000a5b4       0x18 zephyr/libzephyr.a(log_core.c.obj)
                0x000000000000a5b4                z_log_dropped_read_and_clear
 .text.dropped_notify
                0x000000000000a5cc       0x30 zephyr/libzephyr.a(log_core.c.obj)
                0x000000000000a5cc                dropped_notify
 .text.z_log_msg_init
                0x000000000000a5fc       0x20 zephyr/libzephyr.a(log_core.c.obj)
                0x000000000000a5fc                z_log_msg_init
 .text.log_core_init
                0x000000000000a61c       0x34 zephyr/libzephyr.a(log_core.c.obj)
                0x000000000000a61c                log_core_init
 .text.z_log_msg_alloc
                0x000000000000a650       0x10 zephyr/libzephyr.a(log_core.c.obj)
                0x000000000000a650                z_log_msg_alloc
 .text.z_log_msg_local_claim
                0x000000000000a660        0xc zephyr/libzephyr.a(log_core.c.obj)
                0x000000000000a660                z_log_msg_local_claim
 .text.z_log_msg_free
                0x000000000000a66c       0x10 zephyr/libzephyr.a(log_core.c.obj)
                0x000000000000a66c                z_log_msg_free
 .text.z_log_msg_pending
                0x000000000000a67c        0xc zephyr/libzephyr.a(log_core.c.obj)
                0x000000000000a67c                z_log_msg_pending
 .text.z_impl_log_process
                0x000000000000a688       0xb4 zephyr/libzephyr.a(log_core.c.obj)
                0x000000000000a688                z_impl_log_process
 .text.z_impl_log_panic
                0x000000000000a73c       0x44 zephyr/libzephyr.a(log_core.c.obj)
                0x000000000000a73c                z_impl_log_panic
 .text.log_process_thread_func
                0x000000000000a780       0x9c zephyr/libzephyr.a(log_core.c.obj)
 .text.z_log_msg_post_finalize
                0x000000000000a81c       0x78 zephyr/libzephyr.a(log_core.c.obj)
 .text.z_log_msg_commit
                0x000000000000a894       0x24 zephyr/libzephyr.a(log_core.c.obj)
                0x000000000000a894                z_log_msg_commit
 .text.log_source_name_get
                0x000000000000a8b8       0x1c zephyr/libzephyr.a(log_mgmt.c.obj)
                0x000000000000a8b8                log_source_name_get
 .text.log_backend_enable
                0x000000000000a8d4       0x28 zephyr/libzephyr.a(log_mgmt.c.obj)
                0x000000000000a8d4                log_backend_enable
 .text.z_impl_z_log_msg_static_create
                0x000000000000a8fc      0x108 zephyr/libzephyr.a(log_msg.c.obj)
                0x000000000000a8fc                z_impl_z_log_msg_static_create
 .text.z_impl_z_log_msg_runtime_vcreate
                0x000000000000aa04       0x8c zephyr/libzephyr.a(log_msg.c.obj)
                0x000000000000aa04                z_impl_z_log_msg_runtime_vcreate
 .text.print_formatted
                0x000000000000aa90       0x24 zephyr/libzephyr.a(log_output.c.obj)
 .text.newline_print
                0x000000000000aab4       0x1c zephyr/libzephyr.a(log_output.c.obj)
 .text.log_output_process
                0x000000000000aad0      0x2a4 zephyr/libzephyr.a(log_output.c.obj)
                0x000000000000aad0                log_output_process
 .text.log_output_msg_process
                0x000000000000ad74       0x6c zephyr/libzephyr.a(log_output.c.obj)
                0x000000000000ad74                log_output_msg_process
 .text.log_output_dropped_process
                0x000000000000ade0       0x58 zephyr/libzephyr.a(log_output.c.obj)
                0x000000000000ade0                log_output_dropped_process
 .text.log_output_timestamp_freq_set
                0x000000000000ae38       0x2c zephyr/libzephyr.a(log_output.c.obj)
                0x000000000000ae38                log_output_timestamp_freq_set
 .text.format_set
                0x000000000000ae64        0xc zephyr/libzephyr.a(log_backend_uart.c.obj)
 .text.panic    0x000000000000ae70       0x14 zephyr/libzephyr.a(log_backend_uart.c.obj)
 .text.dropped  0x000000000000ae84        0xc zephyr/libzephyr.a(log_backend_uart.c.obj)
 .text.process  0x000000000000ae90       0x24 zephyr/libzephyr.a(log_backend_uart.c.obj)
 .text.char_out
                0x000000000000aeb4       0x24 zephyr/libzephyr.a(log_backend_uart.c.obj)
 .text.pm_state_notify
                0x000000000000aed8       0x5c zephyr/libzephyr.a(pm.c.obj)
 .text.pm_system_resume
                0x000000000000af34       0x70 zephyr/libzephyr.a(pm.c.obj)
                0x000000000000af34                pm_system_resume
 .text.pm_system_suspend
                0x000000000000afa4       0xec zephyr/libzephyr.a(pm.c.obj)
                0x000000000000afa4                pm_system_suspend
 .text.pm_policy_next_state
                0x000000000000b090       0x94 zephyr/libzephyr.a(policy.c.obj)
                0x000000000000b090                pm_policy_next_state
 .text.pm_state_cpu_get_all
                0x000000000000b124       0x10 zephyr/libzephyr.a(state.c.obj)
                0x000000000000b124                pm_state_cpu_get_all
 .text.sub_bytes
                0x000000000000b134       0x18 zephyr/libzephyr.a(aes_encrypt.c.obj)
 .text.tc_aes128_set_encrypt_key
                0x000000000000b14c       0xa8 zephyr/libzephyr.a(aes_encrypt.c.obj)
                0x000000000000b14c                tc_aes128_set_encrypt_key
 .text.compress
                0x000000000000b1f4      0x1d4 zephyr/libzephyr.a(sha256.c.obj)
 .text.tc_sha256_init
                0x000000000000b3c8       0x58 zephyr/libzephyr.a(sha256.c.obj)
                0x000000000000b3c8                tc_sha256_init
 .text.z_arm_cpu_idle_init
                0x000000000000b420        0xc zephyr/arch/arch/arm/core/aarch32/libarch__arm__core__aarch32.a(cpu_idle.S.obj)
                0x000000000000b420                z_arm_cpu_idle_init
 .text.arch_cpu_idle
                0x000000000000b42c       0x28 zephyr/arch/arch/arm/core/aarch32/libarch__arm__core__aarch32.a(cpu_idle.S.obj)
                0x000000000000b42c                arch_cpu_idle
 .text.arch_cpu_atomic_idle
                0x000000000000b454       0x24 zephyr/arch/arch/arm/core/aarch32/libarch__arm__core__aarch32.a(cpu_idle.S.obj)
                0x000000000000b454                arch_cpu_atomic_idle
 .text.z_arm_fatal_error
                0x000000000000b478       0xcc zephyr/arch/arch/arm/core/aarch32/libarch__arm__core__aarch32.a(fatal.c.obj)
                0x000000000000b478                z_arm_fatal_error
 .text.arch_irq_enable
                0x000000000000b544       0x1c zephyr/arch/arch/arm/core/aarch32/libarch__arm__core__aarch32.a(irq_manage.c.obj)
                0x000000000000b544                arch_irq_enable
 .text.arch_irq_disable
                0x000000000000b560       0x28 zephyr/arch/arch/arm/core/aarch32/libarch__arm__core__aarch32.a(irq_manage.c.obj)
                0x000000000000b560                arch_irq_disable
 .text.arch_irq_is_enabled
                0x000000000000b588       0x1c zephyr/arch/arch/arm/core/aarch32/libarch__arm__core__aarch32.a(irq_manage.c.obj)
                0x000000000000b588                arch_irq_is_enabled
 .text.z_arm_irq_priority_set
                0x000000000000b5a4       0x2c zephyr/arch/arch/arm/core/aarch32/libarch__arm__core__aarch32.a(irq_manage.c.obj)
                0x000000000000b5a4                z_arm_irq_priority_set
 .text.z_SysNmiOnReset
                0x000000000000b5d0        0x8 zephyr/arch/arch/arm/core/aarch32/libarch__arm__core__aarch32.a(nmi_on_reset.S.obj)
                0x000000000000b5d0                z_SysNmiOnReset
 .text.z_arm_prep_c
                0x000000000000b5d8       0x38 zephyr/arch/arch/arm/core/aarch32/libarch__arm__core__aarch32.a(prep_c.c.obj)
                0x000000000000b5d8                z_arm_prep_c
 .text.arch_swap
                0x000000000000b610       0x34 zephyr/arch/arch/arm/core/aarch32/libarch__arm__core__aarch32.a(swap.c.obj)
                0x000000000000b610                arch_swap
 .text.z_arm_pendsv
                0x000000000000b644       0x60 zephyr/arch/arch/arm/core/aarch32/libarch__arm__core__aarch32.a(swap_helper.S.obj)
                0x000000000000b644                z_arm_pendsv
 .text.z_arm_svc
                0x000000000000b6a4       0x20 zephyr/arch/arch/arm/core/aarch32/libarch__arm__core__aarch32.a(swap_helper.S.obj)
                0x000000000000b6a4                z_arm_svc
 .text.arch_new_thread
                0x000000000000b6c4       0x40 zephyr/arch/arch/arm/core/aarch32/libarch__arm__core__aarch32.a(thread.c.obj)
                0x000000000000b6c4                arch_new_thread
 .text.arch_switch_to_main_thread
                0x000000000000b704       0x28 zephyr/arch/arch/arm/core/aarch32/libarch__arm__core__aarch32.a(thread.c.obj)
                0x000000000000b704                arch_switch_to_main_thread
 .text._isr_wrapper
                0x000000000000b72c       0x40 zephyr/arch/arch/arm/core/aarch32/libarch__arm__core__aarch32.a(isr_wrapper.S.obj)
                0x000000000000b72c                _isr_wrapper
 .text._HandlerModeExit
                0x000000000000b76c       0x1c zephyr/arch/arch/arm/core/aarch32/cortex_m/libarch__arm__core__aarch32__cortex_m.a(exc_exit.S.obj)
                0x000000000000b76c                z_arm_int_exit
                0x000000000000b76c                z_arm_exc_exit
 .text.mem_manage_fault.constprop.0
                0x000000000000b788      0x144 zephyr/arch/arch/arm/core/aarch32/cortex_m/libarch__arm__core__aarch32__cortex_m.a(fault.c.obj)
 .text.bus_fault.constprop.0
                0x000000000000b8cc      0x154 zephyr/arch/arch/arm/core/aarch32/cortex_m/libarch__arm__core__aarch32__cortex_m.a(fault.c.obj)
 .text.usage_fault.constprop.0
                0x000000000000ba20      0x128 zephyr/arch/arch/arm/core/aarch32/cortex_m/libarch__arm__core__aarch32__cortex_m.a(fault.c.obj)
 .text.z_arm_fault
                0x000000000000bb48      0x224 zephyr/arch/arch/arm/core/aarch32/cortex_m/libarch__arm__core__aarch32__cortex_m.a(fault.c.obj)
                0x000000000000bb48                z_arm_fault
 .text.z_arm_fault_init
                0x000000000000bd6c       0x18 zephyr/arch/arch/arm/core/aarch32/cortex_m/libarch__arm__core__aarch32__cortex_m.a(fault.c.obj)
                0x000000000000bd6c                z_arm_fault_init
 .text.__fault  0x000000000000bd84       0x14 zephyr/arch/arch/arm/core/aarch32/cortex_m/libarch__arm__core__aarch32__cortex_m.a(fault_s.S.obj)
                0x000000000000bd84                z_arm_usage_fault
                0x000000000000bd84                z_arm_mpu_fault
                0x000000000000bd84                z_arm_exc_spurious
                0x000000000000bd84                z_arm_debug_monitor
                0x000000000000bd84                z_arm_hard_fault
                0x000000000000bd84                z_arm_bus_fault
 .text.z_arm_interrupt_init
                0x000000000000bd98       0x18 zephyr/arch/arch/arm/core/aarch32/cortex_m/libarch__arm__core__aarch32__cortex_m.a(irq_init.c.obj)
                0x000000000000bd98                z_arm_interrupt_init
 .text._reset_section
                0x000000000000bdb0       0x60 zephyr/arch/arch/arm/core/aarch32/cortex_m/libarch__arm__core__aarch32__cortex_m.a(reset.S.obj)
                0x000000000000bdb0                __start
                0x000000000000bdb0                z_arm_reset
 .text.sys_arch_reboot
                0x000000000000be10       0x24 zephyr/arch/arch/arm/core/aarch32/cortex_m/libarch__arm__core__aarch32__cortex_m.a(scb.c.obj)
                0x000000000000be10                sys_arch_reboot
 .text.z_arm_clear_arm_mpu_config
                0x000000000000be34       0x24 zephyr/arch/arch/arm/core/aarch32/cortex_m/libarch__arm__core__aarch32__cortex_m.a(scb.c.obj)
                0x000000000000be34                z_arm_clear_arm_mpu_config
 .text.z_arm_init_arch_hw_at_boot
                0x000000000000be58       0x4c zephyr/arch/arch/arm/core/aarch32/cortex_m/libarch__arm__core__aarch32__cortex_m.a(scb.c.obj)
                0x000000000000be58                z_arm_init_arch_hw_at_boot
 .text.z_impl_k_thread_abort
                0x000000000000bea4       0x2c zephyr/arch/arch/arm/core/aarch32/cortex_m/libarch__arm__core__aarch32__cortex_m.a(thread_abort.c.obj)
                0x000000000000bea4                z_impl_k_thread_abort
 .text.z_arm_configure_static_mpu_regions
                0x000000000000bed0       0x38 zephyr/arch/arch/arm/core/aarch32/mpu/libarch__arm__core__aarch32__mpu.a(arm_core_mpu.c.obj)
                0x000000000000bed0                z_arm_configure_static_mpu_regions
 .text.region_init
                0x000000000000bf08       0x34 zephyr/arch/arch/arm/core/aarch32/mpu/libarch__arm__core__aarch32__mpu.a(arm_mpu.c.obj)
 .text.region_allocate_and_init.part.0
                0x000000000000bf3c       0x30 zephyr/arch/arch/arm/core/aarch32/mpu/libarch__arm__core__aarch32__mpu.a(arm_mpu.c.obj)
 .text.mpu_configure_regions_and_partition.constprop.0
                0x000000000000bf6c      0x19c zephyr/arch/arch/arm/core/aarch32/mpu/libarch__arm__core__aarch32__mpu.a(arm_mpu.c.obj)
 .text.arm_core_mpu_enable
                0x000000000000c108       0x18 zephyr/arch/arch/arm/core/aarch32/mpu/libarch__arm__core__aarch32__mpu.a(arm_mpu.c.obj)
                0x000000000000c108                arm_core_mpu_enable
 .text.arm_core_mpu_disable
                0x000000000000c120       0x14 zephyr/arch/arch/arm/core/aarch32/mpu/libarch__arm__core__aarch32__mpu.a(arm_mpu.c.obj)
                0x000000000000c120                arm_core_mpu_disable
 .text.arm_core_mpu_configure_static_mpu_regions
                0x000000000000c134       0x14 zephyr/arch/arch/arm/core/aarch32/mpu/libarch__arm__core__aarch32__mpu.a(arm_mpu.c.obj)
                0x000000000000c134                arm_core_mpu_configure_static_mpu_regions
 .text.arm_core_mpu_mark_areas_for_dynamic_regions
                0x000000000000c148       0xb8 zephyr/arch/arch/arm/core/aarch32/mpu/libarch__arm__core__aarch32__mpu.a(arm_mpu.c.obj)
                0x000000000000c148                arm_core_mpu_mark_areas_for_dynamic_regions
 .text.z_arm_mpu_init
                0x000000000000c200       0x4c zephyr/arch/arch/arm/core/aarch32/mpu/libarch__arm__core__aarch32__mpu.a(arm_mpu.c.obj)
                0x000000000000c200                z_arm_mpu_init
 .text.__stdout_hook_install
                0x000000000000c24c        0xc zephyr/lib/libc/minimal/liblib__libc__minimal.a(stdout_console.c.obj)
                0x000000000000c24c                __stdout_hook_install
 .text.remoteproc_mgr_boot
                0x000000000000c258       0x10 zephyr/boards/arm/nrf5340dk_nrf5340/libboards__arm__nrf5340dk_nrf5340.a(nrf5340_cpunet_reset.c.obj)
 .text.xoshiro128_initialize
                0x000000000000c268       0x18 zephyr/subsys/random/libsubsys__random.a(rand32_xoshiro128.c.obj)
 .text.bt_hex   0x000000000000c280       0x44 zephyr/subsys/bluetooth/common/libsubsys__bluetooth__common.a(bt_str.c.obj)
                0x000000000000c280                bt_hex
 .text.bt_addr_le_str
                0x000000000000c2c4       0x7c zephyr/subsys/bluetooth/common/libsubsys__bluetooth__common.a(bt_str.c.obj)
                0x000000000000c2c4                bt_addr_le_str
 .text.long_wq_init
                0x000000000000c340       0x38 zephyr/subsys/bluetooth/host/libsubsys__bluetooth__host.a(long_wq.c.obj)
 .text.bt_long_wq_schedule
                0x000000000000c378        0xc zephyr/subsys/bluetooth/host/libsubsys__bluetooth__host.a(long_wq.c.obj)
                0x000000000000c378                bt_long_wq_schedule
 .text.uuid_to_uuid128
                0x000000000000c384       0x6c zephyr/subsys/bluetooth/host/libsubsys__bluetooth__host.a(uuid.c.obj)
 .text.bt_buf_get_rx
                0x000000000000c3f0       0x2c zephyr/subsys/bluetooth/host/libsubsys__bluetooth__host.a(buf.c.obj)
                0x000000000000c3f0                bt_buf_get_rx
 .text.bt_buf_get_cmd_complete
                0x000000000000c41c       0x38 zephyr/subsys/bluetooth/host/libsubsys__bluetooth__host.a(buf.c.obj)
                0x000000000000c41c                bt_buf_get_cmd_complete
 .text.bt_buf_get_evt
                0x000000000000c454       0x58 zephyr/subsys/bluetooth/host/libsubsys__bluetooth__host.a(buf.c.obj)
                0x000000000000c454                bt_buf_get_evt
 .text.ver_str  0x000000000000c4ac       0x3c zephyr/subsys/bluetooth/host/libsubsys__bluetooth__host.a(hci_core.c.obj)
 .text.hci_disconn_complete_prio
                0x000000000000c4e8       0x3c zephyr/subsys/bluetooth/host/libsubsys__bluetooth__host.a(hci_core.c.obj)
 .text.find_pending_connect.part.0
                0x000000000000c524       0x2c zephyr/subsys/bluetooth/host/libsubsys__bluetooth__host.a(hci_core.c.obj)
 .text.hci_data_buf_overflow
                0x000000000000c550       0x30 zephyr/subsys/bluetooth/host/libsubsys__bluetooth__host.a(hci_core.c.obj)
 .text.le_conn_param_neg_reply.part.0
                0x000000000000c580       0x24 zephyr/subsys/bluetooth/host/libsubsys__bluetooth__host.a(hci_core.c.obj)
 .text.rx_queue_put
                0x000000000000c5a4       0x50 zephyr/subsys/bluetooth/host/libsubsys__bluetooth__host.a(hci_core.c.obj)
 .text.handle_event.part.0
                0x000000000000c5f4       0x48 zephyr/subsys/bluetooth/host/libsubsys__bluetooth__host.a(hci_core.c.obj)
 .text.hci_hardware_error
                0x000000000000c63c       0x34 zephyr/subsys/bluetooth/host/libsubsys__bluetooth__host.a(hci_core.c.obj)
 .text.le_data_len_change
                0x000000000000c670       0x40 zephyr/subsys/bluetooth/host/libsubsys__bluetooth__host.a(hci_core.c.obj)
 .text.le_phy_update_complete
                0x000000000000c6b0       0x44 zephyr/subsys/bluetooth/host/libsubsys__bluetooth__host.a(hci_core.c.obj)
 .text.hci_disconn_complete
                0x000000000000c6f4       0x58 zephyr/subsys/bluetooth/host/libsubsys__bluetooth__host.a(hci_core.c.obj)
 .text.handle_event
                0x000000000000c74c       0x60 zephyr/subsys/bluetooth/host/libsubsys__bluetooth__host.a(hci_core.c.obj)
 .text.rx_work_handler
                0x000000000000c7ac      0x190 zephyr/subsys/bluetooth/host/libsubsys__bluetooth__host.a(hci_core.c.obj)
 .text.hci_le_meta_event
                0x000000000000c93c       0x20 zephyr/subsys/bluetooth/host/libsubsys__bluetooth__host.a(hci_core.c.obj)
 .text.le_remote_feat_complete
                0x000000000000c95c       0x60 zephyr/subsys/bluetooth/host/libsubsys__bluetooth__host.a(hci_core.c.obj)
 .text.hci_cmd_done
                0x000000000000c9bc      0x130 zephyr/subsys/bluetooth/host/libsubsys__bluetooth__host.a(hci_core.c.obj)
 .text.hci_cmd_status
                0x000000000000caec       0x2c zephyr/subsys/bluetooth/host/libsubsys__bluetooth__host.a(hci_core.c.obj)
 .text.hci_cmd_complete
                0x000000000000cb18       0x30 zephyr/subsys/bluetooth/host/libsubsys__bluetooth__host.a(hci_core.c.obj)
 .text.hci_num_completed_packets
                0x000000000000cb48      0x150 zephyr/subsys/bluetooth/host/libsubsys__bluetooth__host.a(hci_core.c.obj)
 .text.le_conn_update_complete
                0x000000000000cc98       0xd4 zephyr/subsys/bluetooth/host/libsubsys__bluetooth__host.a(hci_core.c.obj)
 .text.bt_hci_cmd_state_set_init
                0x000000000000cd6c       0x24 zephyr/subsys/bluetooth/host/libsubsys__bluetooth__host.a(hci_core.c.obj)
                0x000000000000cd6c                bt_hci_cmd_state_set_init
 .text.bt_hci_cmd_create
                0x000000000000cd90       0x74 zephyr/subsys/bluetooth/host/libsubsys__bluetooth__host.a(hci_core.c.obj)
                0x000000000000cd90                bt_hci_cmd_create
 .text.bt_hci_cmd_send_sync
                0x000000000000ce04      0x100 zephyr/subsys/bluetooth/host/libsubsys__bluetooth__host.a(hci_core.c.obj)
                0x000000000000ce04                bt_hci_cmd_send_sync
 .text.hci_le_read_max_data_len
                0x000000000000cf04       0x50 zephyr/subsys/bluetooth/host/libsubsys__bluetooth__host.a(hci_core.c.obj)
 .text.bt_hci_le_rand
                0x000000000000cf54       0x58 zephyr/subsys/bluetooth/host/libsubsys__bluetooth__host.a(hci_core.c.obj)
                0x000000000000cf54                bt_hci_le_rand
 .text.bt_hci_le_enh_conn_complete
                0x000000000000cfac      0x2e4 zephyr/subsys/bluetooth/host/libsubsys__bluetooth__host.a(hci_core.c.obj)
                0x000000000000cfac                bt_hci_le_enh_conn_complete
 .text.le_legacy_conn_complete
                0x000000000000d290       0x6c zephyr/subsys/bluetooth/host/libsubsys__bluetooth__host.a(hci_core.c.obj)
 .text.bt_send  0x000000000000d2fc       0x10 zephyr/subsys/bluetooth/host/libsubsys__bluetooth__host.a(hci_core.c.obj)
                0x000000000000d2fc                bt_send
 .text.bt_hci_cmd_send
                0x000000000000d30c       0x6c zephyr/subsys/bluetooth/host/libsubsys__bluetooth__host.a(hci_core.c.obj)
                0x000000000000d30c                bt_hci_cmd_send
 .text.bt_hci_host_num_completed_packets
                0x000000000000d378       0xe4 zephyr/subsys/bluetooth/host/libsubsys__bluetooth__host.a(hci_core.c.obj)
                0x000000000000d378                bt_hci_host_num_completed_packets
 .text.le_conn_param_req
                0x000000000000d45c       0xd4 zephyr/subsys/bluetooth/host/libsubsys__bluetooth__host.a(hci_core.c.obj)
 .text.hci_tx_thread
                0x000000000000d530      0x194 zephyr/subsys/bluetooth/host/libsubsys__bluetooth__host.a(hci_core.c.obj)
 .text.hci_event_prio
                0x000000000000d6c4       0xa4 zephyr/subsys/bluetooth/host/libsubsys__bluetooth__host.a(hci_core.c.obj)
                0x000000000000d6c4                hci_event_prio
 .text.bt_recv  0x000000000000d768       0x68 zephyr/subsys/bluetooth/host/libsubsys__bluetooth__host.a(hci_core.c.obj)
                0x000000000000d768                bt_recv
 .text.bt_hci_driver_register
                0x000000000000d7d0       0x28 zephyr/subsys/bluetooth/host/libsubsys__bluetooth__host.a(hci_core.c.obj)
                0x000000000000d7d0                bt_hci_driver_register
 .text.bt_finalize_init
                0x000000000000d7f8      0x154 zephyr/subsys/bluetooth/host/libsubsys__bluetooth__host.a(hci_core.c.obj)
                0x000000000000d7f8                bt_finalize_init
 .text.bt_init  0x000000000000d94c      0x598 zephyr/subsys/bluetooth/host/libsubsys__bluetooth__host.a(hci_core.c.obj)
 .text.init_work
                0x000000000000dee4       0x18 zephyr/subsys/bluetooth/host/libsubsys__bluetooth__host.a(hci_core.c.obj)
 .text.bt_enable
                0x000000000000defc      0x124 zephyr/subsys/bluetooth/host/libsubsys__bluetooth__host.a(hci_core.c.obj)
                0x000000000000defc                bt_enable
 .text.bt_is_ready
                0x000000000000e020       0x10 zephyr/subsys/bluetooth/host/libsubsys__bluetooth__host.a(hci_core.c.obj)
                0x000000000000e020                bt_is_ready
 .text.bt_get_name
                0x000000000000e030        0x8 zephyr/subsys/bluetooth/host/libsubsys__bluetooth__host.a(hci_core.c.obj)
                0x000000000000e030                bt_get_name
 .text.id_find  0x000000000000e038       0x30 zephyr/subsys/bluetooth/host/libsubsys__bluetooth__host.a(id.c.obj)
 .text.set_random_address
                0x000000000000e068       0x58 zephyr/subsys/bluetooth/host/libsubsys__bluetooth__host.a(id.c.obj)
 .text.id_create.constprop.0
                0x000000000000e0c0       0x64 zephyr/subsys/bluetooth/host/libsubsys__bluetooth__host.a(id.c.obj)
 .text.bt_id_create
                0x000000000000e124       0xa8 zephyr/subsys/bluetooth/host/libsubsys__bluetooth__host.a(id.c.obj)
                0x000000000000e124                bt_id_create
 .text.bt_id_read_public_addr
                0x000000000000e1cc       0x88 zephyr/subsys/bluetooth/host/libsubsys__bluetooth__host.a(id.c.obj)
                0x000000000000e1cc                bt_id_read_public_addr
 .text.bt_setup_public_id_addr
                0x000000000000e254       0x20 zephyr/subsys/bluetooth/host/libsubsys__bluetooth__host.a(id.c.obj)
                0x000000000000e254                bt_setup_public_id_addr
 .text.bt_read_static_addr
                0x000000000000e274       0xa4 zephyr/subsys/bluetooth/host/libsubsys__bluetooth__host.a(id.c.obj)
                0x000000000000e274                bt_read_static_addr
 .text.bt_setup_random_id_addr
                0x000000000000e318       0x5c zephyr/subsys/bluetooth/host/libsubsys__bluetooth__host.a(id.c.obj)
                0x000000000000e318                bt_setup_random_id_addr
 .text.bt_id_set_adv_own_addr
                0x000000000000e374       0xb4 zephyr/subsys/bluetooth/host/libsubsys__bluetooth__host.a(id.c.obj)
                0x000000000000e374                bt_id_set_adv_own_addr
 .text.bt_id_init
                0x000000000000e428       0x60 zephyr/subsys/bluetooth/host/libsubsys__bluetooth__host.a(id.c.obj)
                0x000000000000e428                bt_id_init
 .text.hci_set_ad
                0x000000000000e488       0xe0 zephyr/subsys/bluetooth/host/libsubsys__bluetooth__host.a(adv.c.obj)
 .text.adv_is_directed
                0x000000000000e568       0x18 zephyr/subsys/bluetooth/host/libsubsys__bluetooth__host.a(adv.c.obj)
 .text.le_adv_start_add_conn
                0x000000000000e580       0x60 zephyr/subsys/bluetooth/host/libsubsys__bluetooth__host.a(adv.c.obj)
 .text.valid_adv_param
                0x000000000000e5e0       0x84 zephyr/subsys/bluetooth/host/libsubsys__bluetooth__host.a(adv.c.obj)
 .text.bt_le_adv_lookup_legacy
                0x000000000000e664        0x8 zephyr/subsys/bluetooth/host/libsubsys__bluetooth__host.a(adv.c.obj)
                0x000000000000e664                bt_le_adv_lookup_legacy
 .text.bt_le_adv_start_legacy
                0x000000000000e66c      0x274 zephyr/subsys/bluetooth/host/libsubsys__bluetooth__host.a(adv.c.obj)
                0x000000000000e66c                bt_le_adv_start_legacy
 .text.bt_le_adv_start
                0x000000000000e8e0       0x64 zephyr/subsys/bluetooth/host/libsubsys__bluetooth__host.a(adv.c.obj)
                0x000000000000e8e0                bt_le_adv_start
 .text.bt_le_adv_stop
                0x000000000000e944       0x78 zephyr/subsys/bluetooth/host/libsubsys__bluetooth__host.a(adv.c.obj)
                0x000000000000e944                bt_le_adv_stop
 .text.adv_timeout
                0x000000000000e9bc       0x38 zephyr/subsys/bluetooth/host/libsubsys__bluetooth__host.a(adv.c.obj)
 .text.bt_le_adv_resume
                0x000000000000e9f4       0xf4 zephyr/subsys/bluetooth/host/libsubsys__bluetooth__host.a(adv.c.obj)
                0x000000000000e9f4                bt_le_adv_resume
 .text.prng_reseed.constprop.0
                0x000000000000eae8       0x6c zephyr/subsys/bluetooth/host/libsubsys__bluetooth__host.a(crypto.c.obj)
 .text.prng_init
                0x000000000000eb54       0x50 zephyr/subsys/bluetooth/host/libsubsys__bluetooth__host.a(crypto.c.obj)
                0x000000000000eb54                prng_init
 .text.bt_rand  0x000000000000eba4       0x3c zephyr/subsys/bluetooth/host/libsubsys__bluetooth__host.a(crypto.c.obj)
                0x000000000000eba4                bt_rand
 .text.notify_connected
                0x000000000000ebe0       0x3c zephyr/subsys/bluetooth/host/libsubsys__bluetooth__host.a(conn.c.obj)
 .text.bt_conn_create_pdu_timeout.part.0
                0x000000000000ec1c       0x28 zephyr/subsys/bluetooth/host/libsubsys__bluetooth__host.a(conn.c.obj)
 .text.tx_notify
                0x000000000000ec44       0x60 zephyr/subsys/bluetooth/host/libsubsys__bluetooth__host.a(conn.c.obj)
 .text.conn_tx_destroy
                0x000000000000eca4       0x2c zephyr/subsys/bluetooth/host/libsubsys__bluetooth__host.a(conn.c.obj)
 .text.send_frag
                0x000000000000ecd0      0x1c0 zephyr/subsys/bluetooth/host/libsubsys__bluetooth__host.a(conn.c.obj)
 .text.bt_conn_get_pkts
                0x000000000000ee90       0x18 zephyr/subsys/bluetooth/host/libsubsys__bluetooth__host.a(conn.c.obj)
                0x000000000000ee90                bt_conn_get_pkts
 .text.bt_conn_new
                0x000000000000eea8       0x5c zephyr/subsys/bluetooth/host/libsubsys__bluetooth__host.a(conn.c.obj)
                0x000000000000eea8                bt_conn_new
 .text.bt_conn_recv
                0x000000000000ef04      0x138 zephyr/subsys/bluetooth/host/libsubsys__bluetooth__host.a(conn.c.obj)
                0x000000000000ef04                bt_conn_recv
 .text.bt_conn_send_cb
                0x000000000000f03c       0xe0 zephyr/subsys/bluetooth/host/libsubsys__bluetooth__host.a(conn.c.obj)
                0x000000000000f03c                bt_conn_send_cb
 .text.bt_conn_prepare_events
                0x000000000000f11c       0x94 zephyr/subsys/bluetooth/host/libsubsys__bluetooth__host.a(conn.c.obj)
                0x000000000000f11c                bt_conn_prepare_events
 .text.bt_conn_lookup_handle
                0x000000000000f1b0       0x10 zephyr/subsys/bluetooth/host/libsubsys__bluetooth__host.a(conn.c.obj)
                0x000000000000f1b0                bt_conn_lookup_handle
 .text.bt_conn_set_state
                0x000000000000f1c0      0x1fc zephyr/subsys/bluetooth/host/libsubsys__bluetooth__host.a(conn.c.obj)
                0x000000000000f1c0                bt_conn_set_state
 .text.bt_conn_index
                0x000000000000f3bc       0x18 zephyr/subsys/bluetooth/host/libsubsys__bluetooth__host.a(conn.c.obj)
                0x000000000000f3bc                bt_conn_index
 .text.bt_conn_create_pdu_timeout
                0x000000000000f3d4       0x2c zephyr/subsys/bluetooth/host/libsubsys__bluetooth__host.a(conn.c.obj)
                0x000000000000f3d4                bt_conn_create_pdu_timeout
 .text.notify_le_param_updated
                0x000000000000f400       0x88 zephyr/subsys/bluetooth/host/libsubsys__bluetooth__host.a(conn.c.obj)
                0x000000000000f400                notify_le_param_updated
 .text.le_param_req
                0x000000000000f488       0x74 zephyr/subsys/bluetooth/host/libsubsys__bluetooth__host.a(conn.c.obj)
                0x000000000000f488                le_param_req
 .text.bt_conn_cb_register
                0x000000000000f4fc       0x10 zephyr/subsys/bluetooth/host/libsubsys__bluetooth__host.a(conn.c.obj)
                0x000000000000f4fc                bt_conn_cb_register
 .text.bt_conn_add_le
                0x000000000000f50c       0x34 zephyr/subsys/bluetooth/host/libsubsys__bluetooth__host.a(conn.c.obj)
                0x000000000000f50c                bt_conn_add_le
 .text.bt_conn_lookup_addr_le
                0x000000000000f540       0x34 zephyr/subsys/bluetooth/host/libsubsys__bluetooth__host.a(conn.c.obj)
                0x000000000000f540                bt_conn_lookup_addr_le
 .text.bt_conn_exists_le
                0x000000000000f574       0x60 zephyr/subsys/bluetooth/host/libsubsys__bluetooth__host.a(conn.c.obj)
                0x000000000000f574                bt_conn_exists_le
 .text.bt_conn_lookup_state_le
                0x000000000000f5d4       0x44 zephyr/subsys/bluetooth/host/libsubsys__bluetooth__host.a(conn.c.obj)
                0x000000000000f5d4                bt_conn_lookup_state_le
 .text.send_conn_le_param_update
                0x000000000000f618       0x68 zephyr/subsys/bluetooth/host/libsubsys__bluetooth__host.a(conn.c.obj)
 .text.deferred_work
                0x000000000000f680      0x118 zephyr/subsys/bluetooth/host/libsubsys__bluetooth__host.a(conn.c.obj)
 .text.bt_conn_create_frag_timeout
                0x000000000000f798        0xc zephyr/subsys/bluetooth/host/libsubsys__bluetooth__host.a(conn.c.obj)
                0x000000000000f798                bt_conn_create_frag_timeout
 .text.bt_conn_process_tx
                0x000000000000f7a4      0x114 zephyr/subsys/bluetooth/host/libsubsys__bluetooth__host.a(conn.c.obj)
                0x000000000000f7a4                bt_conn_process_tx
 .text.bt_conn_lookup_index
                0x000000000000f8b8       0x10 zephyr/subsys/bluetooth/host/libsubsys__bluetooth__host.a(conn.c.obj)
                0x000000000000f8b8                bt_conn_lookup_index
 .text.bt_conn_init
                0x000000000000f8c8       0x44 zephyr/subsys/bluetooth/host/libsubsys__bluetooth__host.a(conn.c.obj)
                0x000000000000f8c8                bt_conn_init
 .text.l2cap_create_le_sig_pdu.part.0
                0x000000000000f90c       0x2c zephyr/subsys/bluetooth/host/libsubsys__bluetooth__host.a(l2cap.c.obj)
 .text.l2cap_accept.part.0
                0x000000000000f938       0x30 zephyr/subsys/bluetooth/host/libsubsys__bluetooth__host.a(l2cap.c.obj)
 .text.l2cap_accept
                0x000000000000f968       0x1c zephyr/subsys/bluetooth/host/libsubsys__bluetooth__host.a(l2cap.c.obj)
 .text.bt_l2cap_connected
                0x000000000000f984       0x8c zephyr/subsys/bluetooth/host/libsubsys__bluetooth__host.a(l2cap.c.obj)
                0x000000000000f984                bt_l2cap_connected
 .text.l2cap_recv
                0x000000000000fa10       0xec zephyr/subsys/bluetooth/host/libsubsys__bluetooth__host.a(l2cap.c.obj)
 .text.bt_l2cap_recv
                0x000000000000fafc       0x7c zephyr/subsys/bluetooth/host/libsubsys__bluetooth__host.a(l2cap.c.obj)
                0x000000000000fafc                bt_l2cap_recv
 .text.bt_l2cap_update_conn_param
                0x000000000000fb78       0x64 zephyr/subsys/bluetooth/host/libsubsys__bluetooth__host.a(l2cap.c.obj)
                0x000000000000fb78                bt_l2cap_update_conn_param
 .text.att_op_get_type
                0x000000000000fbdc       0x74 zephyr/subsys/bluetooth/host/libsubsys__bluetooth__host.a(att.c.obj)
 .text.bt_att_released
                0x000000000000fc50       0x18 zephyr/subsys/bluetooth/host/libsubsys__bluetooth__host.a(att.c.obj)
 .text.tx_meta_data_free
                0x000000000000fc68       0x1c zephyr/subsys/bluetooth/host/libsubsys__bluetooth__host.a(att.c.obj)
 .text.find_type_cb
                0x000000000000fc84      0x180 zephyr/subsys/bluetooth/host/libsubsys__bluetooth__host.a(att.c.obj)
 .text.chan_send
                0x000000000000fe04       0xf0 zephyr/subsys/bluetooth/host/libsubsys__bluetooth__host.a(att.c.obj)
 .text.att_get  0x000000000000fef4       0x68 zephyr/subsys/bluetooth/host/libsubsys__bluetooth__host.a(att.c.obj)
 .text.bt_att_connected
                0x000000000000ff5c       0x3c zephyr/subsys/bluetooth/host/libsubsys__bluetooth__host.a(att.c.obj)
 .text.read_group_cb
                0x000000000000ff98       0xac zephyr/subsys/bluetooth/host/libsubsys__bluetooth__host.a(att.c.obj)
 .text.read_type_cb
                0x0000000000010044       0xa0 zephyr/subsys/bluetooth/host/libsubsys__bluetooth__host.a(att.c.obj)
 .text.bt_att_accept
                0x00000000000100e4      0x110 zephyr/subsys/bluetooth/host/libsubsys__bluetooth__host.a(att.c.obj)
 .text.bt_att_chan_create_pdu
                0x00000000000101f4       0xe8 zephyr/subsys/bluetooth/host/libsubsys__bluetooth__host.a(att.c.obj)
                0x00000000000101f4                bt_att_chan_create_pdu
 .text.bt_att_recv
                0x00000000000102dc      0x160 zephyr/subsys/bluetooth/host/libsubsys__bluetooth__host.a(att.c.obj)
 .text.att_write_rsp.constprop.0
                0x000000000001043c       0xc8 zephyr/subsys/bluetooth/host/libsubsys__bluetooth__host.a(att.c.obj)
 .text.bt_att_create_pdu
                0x0000000000010504       0x74 zephyr/subsys/bluetooth/host/libsubsys__bluetooth__host.a(att.c.obj)
                0x0000000000010504                bt_att_create_pdu
 .text.att_read_group_req
                0x0000000000010578       0xfc zephyr/subsys/bluetooth/host/libsubsys__bluetooth__host.a(att.c.obj)
 .text.att_read_mult_vl_req
                0x0000000000010674       0xa8 zephyr/subsys/bluetooth/host/libsubsys__bluetooth__host.a(att.c.obj)
 .text.att_read_mult_req
                0x000000000001071c       0xa8 zephyr/subsys/bluetooth/host/libsubsys__bluetooth__host.a(att.c.obj)
 .text.att_read_rsp
                0x00000000000107c4       0xa0 zephyr/subsys/bluetooth/host/libsubsys__bluetooth__host.a(att.c.obj)
 .text.att_read_type_req
                0x0000000000010864       0xc4 zephyr/subsys/bluetooth/host/libsubsys__bluetooth__host.a(att.c.obj)
 .text.att_find_type_req
                0x0000000000010928       0xd0 zephyr/subsys/bluetooth/host/libsubsys__bluetooth__host.a(att.c.obj)
 .text.att_find_info_req
                0x00000000000109f8       0x78 zephyr/subsys/bluetooth/host/libsubsys__bluetooth__host.a(att.c.obj)
 .text.bt_att_init
                0x0000000000010a70       0x38 zephyr/subsys/bluetooth/host/libsubsys__bluetooth__host.a(att.c.obj)
                0x0000000000010a70                bt_att_init
 .text.bt_att_req_alloc
                0x0000000000010aa8       0x44 zephyr/subsys/bluetooth/host/libsubsys__bluetooth__host.a(att.c.obj)
                0x0000000000010aa8                bt_att_req_alloc
 .text.bt_att_req_free
                0x0000000000010aec       0x30 zephyr/subsys/bluetooth/host/libsubsys__bluetooth__host.a(att.c.obj)
                0x0000000000010aec                bt_att_req_free
 .text.att_handle_rsp
                0x0000000000010b1c       0x8c zephyr/subsys/bluetooth/host/libsubsys__bluetooth__host.a(att.c.obj)
 .text.bt_att_disconnected
                0x0000000000010ba8       0xd0 zephyr/subsys/bluetooth/host/libsubsys__bluetooth__host.a(att.c.obj)
 .text.att_timeout
                0x0000000000010c78       0x30 zephyr/subsys/bluetooth/host/libsubsys__bluetooth__host.a(att.c.obj)
 .text.find_cf_cfg
                0x0000000000010ca8       0x30 zephyr/subsys/bluetooth/host/libsubsys__bluetooth__host.a(gatt.c.obj)
 .text.find_sc_cfg
                0x0000000000010cd8       0x20 zephyr/subsys/bluetooth/host/libsubsys__bluetooth__host.a(gatt.c.obj)
 .text.find_ccc_cfg
                0x0000000000010cf8       0x28 zephyr/subsys/bluetooth/host/libsubsys__bluetooth__host.a(gatt.c.obj)
 .text.bt_gatt_attr_write_ccc
                0x0000000000010d20       0xc8 zephyr/subsys/bluetooth/host/libsubsys__bluetooth__host.a(gatt.c.obj)
                0x0000000000010d20                bt_gatt_attr_write_ccc
 .text.clear_cf_cfg
                0x0000000000010de8       0x30 zephyr/subsys/bluetooth/host/libsubsys__bluetooth__host.a(gatt.c.obj)
 .text.sc_save  0x0000000000010e18       0x6c zephyr/subsys/bluetooth/host/libsubsys__bluetooth__host.a(gatt.c.obj)
 .text.disconnected_cb
                0x0000000000010e84       0xa0 zephyr/subsys/bluetooth/host/libsubsys__bluetooth__host.a(gatt.c.obj)
 .text.read_ppcp
                0x0000000000010f24       0x38 zephyr/subsys/bluetooth/host/libsubsys__bluetooth__host.a(gatt.c.obj)
 .text.cf_write
                0x0000000000010f5c       0xa4 zephyr/subsys/bluetooth/host/libsubsys__bluetooth__host.a(gatt.c.obj)
 .text.sc_indicate_rsp
                0x0000000000011000       0x4c zephyr/subsys/bluetooth/host/libsubsys__bluetooth__host.a(gatt.c.obj)
 .text.bt_gatt_init
                0x000000000001104c       0x84 zephyr/subsys/bluetooth/host/libsubsys__bluetooth__host.a(gatt.c.obj)
                0x000000000001104c                bt_gatt_init
 .text.bt_gatt_attr_get_handle
                0x00000000000110d0       0x60 zephyr/subsys/bluetooth/host/libsubsys__bluetooth__host.a(gatt.c.obj)
                0x00000000000110d0                bt_gatt_attr_get_handle
 .text.bt_gatt_foreach_attr_type
                0x0000000000011130       0xb4 zephyr/subsys/bluetooth/host/libsubsys__bluetooth__host.a(gatt.c.obj)
                0x0000000000011130                bt_gatt_foreach_attr_type
 .text.db_hash_gen
                0x00000000000111e4       0x88 zephyr/subsys/bluetooth/host/libsubsys__bluetooth__host.a(gatt.c.obj)
 .text.db_hash_read
                0x000000000001126c       0x74 zephyr/subsys/bluetooth/host/libsubsys__bluetooth__host.a(gatt.c.obj)
 .text.db_hash_process
                0x00000000000112e0       0x14 zephyr/subsys/bluetooth/host/libsubsys__bluetooth__host.a(gatt.c.obj)
 .text.bt_gatt_attr_next
                0x00000000000112f4       0x24 zephyr/subsys/bluetooth/host/libsubsys__bluetooth__host.a(gatt.c.obj)
                0x00000000000112f4                bt_gatt_attr_next
 .text.gatt_indicate
                0x0000000000011318       0xf8 zephyr/subsys/bluetooth/host/libsubsys__bluetooth__host.a(gatt.c.obj)
 .text.bt_gatt_indicate
                0x0000000000011410       0xf0 zephyr/subsys/bluetooth/host/libsubsys__bluetooth__host.a(gatt.c.obj)
                0x0000000000011410                bt_gatt_indicate
 .text.sc_process
                0x0000000000011500       0x60 zephyr/subsys/bluetooth/host/libsubsys__bluetooth__host.a(gatt.c.obj)
 .text.update_ccc
                0x0000000000011560       0xec zephyr/subsys/bluetooth/host/libsubsys__bluetooth__host.a(gatt.c.obj)
 .text.gatt_notify
                0x000000000001164c       0xd0 zephyr/subsys/bluetooth/host/libsubsys__bluetooth__host.a(gatt.c.obj)
 .text.bt_gatt_notify_cb
                0x000000000001171c       0xe8 zephyr/subsys/bluetooth/host/libsubsys__bluetooth__host.a(gatt.c.obj)
                0x000000000001171c                bt_gatt_notify_cb
 .text.notify_cb
                0x0000000000011804      0x110 zephyr/subsys/bluetooth/host/libsubsys__bluetooth__host.a(gatt.c.obj)
 .text.bt_gatt_connected
                0x0000000000011914       0x20 zephyr/subsys/bluetooth/host/libsubsys__bluetooth__host.a(gatt.c.obj)
                0x0000000000011914                bt_gatt_connected
 .text.bt_gatt_att_max_mtu_changed
                0x0000000000011934       0x28 zephyr/subsys/bluetooth/host/libsubsys__bluetooth__host.a(gatt.c.obj)
                0x0000000000011934                bt_gatt_att_max_mtu_changed
 .text.bt_gatt_disconnected
                0x000000000001195c       0x48 zephyr/subsys/bluetooth/host/libsubsys__bluetooth__host.a(gatt.c.obj)
                0x000000000001195c                bt_gatt_disconnected
 .text.bt_smp_accept.part.0
                0x00000000000119a4       0x30 zephyr/subsys/bluetooth/host/libsubsys__bluetooth__host.a(smp_null.c.obj)
 .text.bt_smp_accept
                0x00000000000119d4       0x1c zephyr/subsys/bluetooth/host/libsubsys__bluetooth__host.a(smp_null.c.obj)
 .text.net_buf_pool_get
                0x00000000000119f0       0x10 zephyr/subsys/net/libsubsys__net.a(buf.c.obj)
                0x00000000000119f0                net_buf_pool_get
 .text.net_buf_id
                0x0000000000011a00       0x20 zephyr/subsys/net/libsubsys__net.a(buf.c.obj)
                0x0000000000011a00                net_buf_id
 .text.fixed_data_alloc
                0x0000000000011a20       0x30 zephyr/subsys/net/libsubsys__net.a(buf.c.obj)
 .text.net_buf_alloc_len
                0x0000000000011a50      0x124 zephyr/subsys/net/libsubsys__net.a(buf.c.obj)
                0x0000000000011a50                net_buf_alloc_len
 .text.net_buf_unref
                0x0000000000011b74       0x64 zephyr/subsys/net/libsubsys__net.a(buf.c.obj)
                0x0000000000011b74                net_buf_unref
 .text.adc_gain_invert
                0x0000000000011bd8       0x2c zephyr/drivers/adc/libdrivers__adc.a(adc_common.c.obj)
                0x0000000000011bd8                adc_gain_invert
 .text.adc_context_start_sampling
                0x0000000000011c04       0x1c zephyr/drivers/adc/libdrivers__adc.a(adc_nrfx_saadc.c.obj)
 .text.adc_nrfx_channel_setup
                0x0000000000011c20      0x10c zephyr/drivers/adc/libdrivers__adc.a(adc_nrfx_saadc.c.obj)
 .text.adc_nrfx_read
                0x0000000000011d2c      0x224 zephyr/drivers/adc/libdrivers__adc.a(adc_nrfx_saadc.c.obj)
 .text.init_saadc
                0x0000000000011f50       0x44 zephyr/drivers/adc/libdrivers__adc.a(adc_nrfx_saadc.c.obj)
 .text.saadc_irq_handler
                0x0000000000011f94       0xc8 zephyr/drivers/adc/libdrivers__adc.a(adc_nrfx_saadc.c.obj)
 .text.bt_rpmsg_send
                0x000000000001205c       0x78 zephyr/drivers/bluetooth/libdrivers__bluetooth.a(rpmsg.c.obj)
 .text.bt_rpmsg_init
                0x00000000000120d4       0x40 zephyr/drivers/bluetooth/libdrivers__bluetooth.a(rpmsg.c.obj)
 .text.hci_ept_bound
                0x0000000000012114        0xc zephyr/drivers/bluetooth/libdrivers__bluetooth.a(rpmsg.c.obj)
 .text.bt_rpmsg_open
                0x0000000000012120       0x8c zephyr/drivers/bluetooth/libdrivers__bluetooth.a(rpmsg.c.obj)
 .text.hci_ept_recv
                0x00000000000121ac      0x214 zephyr/drivers/bluetooth/libdrivers__bluetooth.a(rpmsg.c.obj)
 .text.onoff_stop
                0x00000000000123c0       0x30 zephyr/drivers/clock_control/libdrivers__clock_control.a(clock_control_nrf.c.obj)
 .text.onoff_start
                0x00000000000123f0       0x44 zephyr/drivers/clock_control/libdrivers__clock_control.a(clock_control_nrf.c.obj)
 .text.clk_init
                0x0000000000012434       0x64 zephyr/drivers/clock_control/libdrivers__clock_control.a(clock_control_nrf.c.obj)
 .text.clkstarted_handle.constprop.0
                0x0000000000012498       0x34 zephyr/drivers/clock_control/libdrivers__clock_control.a(clock_control_nrf.c.obj)
 .text.clock_event_handler
                0x00000000000124cc       0x30 zephyr/drivers/clock_control/libdrivers__clock_control.a(clock_control_nrf.c.obj)
 .text.generic_hfclk_start
                0x00000000000124fc       0x64 zephyr/drivers/clock_control/libdrivers__clock_control.a(clock_control_nrf.c.obj)
 .text.api_blocking_start
                0x0000000000012560       0x3c zephyr/drivers/clock_control/libdrivers__clock_control.a(clock_control_nrf.c.obj)
 .text.generic_hfclk_stop
                0x000000000001259c       0x34 zephyr/drivers/clock_control/libdrivers__clock_control.a(clock_control_nrf.c.obj)
 .text.z_nrf_clock_control_lf_on
                0x00000000000125d0       0xf8 zephyr/drivers/clock_control/libdrivers__clock_control.a(clock_control_nrf.c.obj)
                0x00000000000125d0                z_nrf_clock_control_lf_on
 .text.uart_console_init
                0x00000000000126c8       0x28 zephyr/drivers/console/libdrivers__console.a(uart_console.c.obj)
 .text.console_out
                0x00000000000126f0       0x28 zephyr/drivers/console/libdrivers__console.a(uart_console.c.obj)
 .text.gpio_nrfx_pin_interrupt_configure
                0x0000000000012718       0xd8 zephyr/drivers/gpio/libdrivers__gpio.a(gpio_nrfx.c.obj)
 .text.gpio_nrfx_init
                0x00000000000127f0       0x38 zephyr/drivers/gpio/libdrivers__gpio.a(gpio_nrfx.c.obj)
 .text.nrfx_gpio_handler
                0x0000000000012828       0x4c zephyr/drivers/gpio/libdrivers__gpio.a(gpio_nrfx.c.obj)
 .text.gpio_nrfx_pin_configure
                0x0000000000012874      0x124 zephyr/drivers/gpio/libdrivers__gpio.a(gpio_nrfx.c.obj)
 .text.mbox_nrf_init
                0x0000000000012998       0xb4 zephyr/drivers/mbox/libdrivers__mbox.a(mbox_nrfx_ipc.c.obj)
 .text.mbox_nrf_set_enabled
                0x0000000000012a4c       0xa0 zephyr/drivers/mbox/libdrivers__mbox.a(mbox_nrfx_ipc.c.obj)
 .text.mbox_nrf_send
                0x0000000000012aec       0x54 zephyr/drivers/mbox/libdrivers__mbox.a(mbox_nrfx_ipc.c.obj)
 .text.mbox_dispatcher
                0x0000000000012b40       0x7c zephyr/drivers/mbox/libdrivers__mbox.a(mbox_nrfx_ipc.c.obj)
 .text.pinctrl_configure_pins
                0x0000000000012bbc      0x180 zephyr/drivers/pinctrl/libdrivers__pinctrl.a(pinctrl_nrf.c.obj)
                0x0000000000012bbc                pinctrl_configure_pins
 .text.uarte_nrfx_configure
                0x0000000000012d3c      0x17c zephyr/drivers/serial/libdrivers__serial.a(uart_nrfx_uarte.c.obj)
 .text.uarte_0_init
                0x0000000000012eb8      0x10c zephyr/drivers/serial/libdrivers__serial.a(uart_nrfx_uarte.c.obj)
 .text.uarte_nrfx_poll_out
                0x0000000000012fc4       0xcc zephyr/drivers/serial/libdrivers__serial.a(uart_nrfx_uarte.c.obj)
 .text.compare_int_lock
                0x0000000000013090       0x40 zephyr/drivers/timer/libdrivers__timer.a(nrf_rtc_timer.c.obj)
 .text.sys_clock_timeout_handler
                0x00000000000130d0       0x48 zephyr/drivers/timer/libdrivers__timer.a(nrf_rtc_timer.c.obj)
 .text.compare_int_unlock
                0x0000000000013118       0x4c zephyr/drivers/timer/libdrivers__timer.a(nrf_rtc_timer.c.obj)
 .text.z_nrf_rtc_timer_compare_evt_address_get
                0x0000000000013164       0x10 zephyr/drivers/timer/libdrivers__timer.a(nrf_rtc_timer.c.obj)
                0x0000000000013164                z_nrf_rtc_timer_compare_evt_address_get
 .text.z_nrf_rtc_timer_compare_read
                0x0000000000013174       0x10 zephyr/drivers/timer/libdrivers__timer.a(nrf_rtc_timer.c.obj)
                0x0000000000013174                z_nrf_rtc_timer_compare_read
 .text.z_nrf_rtc_timer_read
                0x0000000000013184       0x44 zephyr/drivers/timer/libdrivers__timer.a(nrf_rtc_timer.c.obj)
                0x0000000000013184                z_nrf_rtc_timer_read
 .text.compare_set
                0x00000000000131c8      0x114 zephyr/drivers/timer/libdrivers__timer.a(nrf_rtc_timer.c.obj)
 .text.sys_clock_driver_init
                0x00000000000132dc       0xa4 zephyr/drivers/timer/libdrivers__timer.a(nrf_rtc_timer.c.obj)
 .text.rtc_nrf_isr
                0x0000000000013380      0x100 zephyr/drivers/timer/libdrivers__timer.a(nrf_rtc_timer.c.obj)
                0x0000000000013380                rtc_nrf_isr
 .text.z_nrf_rtc_timer_chan_alloc
                0x0000000000013480       0x3c zephyr/drivers/timer/libdrivers__timer.a(nrf_rtc_timer.c.obj)
                0x0000000000013480                z_nrf_rtc_timer_chan_alloc
 .text.z_nrf_rtc_timer_chan_free
                0x00000000000134bc       0x1c zephyr/drivers/timer/libdrivers__timer.a(nrf_rtc_timer.c.obj)
                0x00000000000134bc                z_nrf_rtc_timer_chan_free
 .text.sys_clock_set_timeout
                0x00000000000134d8       0x64 zephyr/drivers/timer/libdrivers__timer.a(nrf_rtc_timer.c.obj)
                0x00000000000134d8                sys_clock_set_timeout
 .text.sys_clock_elapsed
                0x000000000001353c       0x14 zephyr/drivers/timer/libdrivers__timer.a(nrf_rtc_timer.c.obj)
                0x000000000001353c                sys_clock_elapsed
 .text.get_buttons.part.0
                0x0000000000013550       0x28 modules/nrf/lib/dk_buttons_and_leds/lib..__nrf__lib__dk_buttons_and_leds.a(dk_buttons_and_leds.c.obj)
 .text.get_buttons
                0x0000000000013578       0x5c modules/nrf/lib/dk_buttons_and_leds/lib..__nrf__lib__dk_buttons_and_leds.a(dk_buttons_and_leds.c.obj)
 .text.dk_set_leds_state.part.0
                0x00000000000135d4       0x68 modules/nrf/lib/dk_buttons_and_leds/lib..__nrf__lib__dk_buttons_and_leds.a(dk_buttons_and_leds.c.obj)
 .text.callback_ctrl
                0x000000000001363c       0xa4 modules/nrf/lib/dk_buttons_and_leds/lib..__nrf__lib__dk_buttons_and_leds.a(dk_buttons_and_leds.c.obj)
 .text.button_pressed
                0x00000000000136e0       0x80 modules/nrf/lib/dk_buttons_and_leds/lib..__nrf__lib__dk_buttons_and_leds.a(dk_buttons_and_leds.c.obj)
 .text.buttons_scan_fn
                0x0000000000013760      0x114 modules/nrf/lib/dk_buttons_and_leds/lib..__nrf__lib__dk_buttons_and_leds.a(dk_buttons_and_leds.c.obj)
 .text.dk_leds_init
                0x0000000000013874       0x54 modules/nrf/lib/dk_buttons_and_leds/lib..__nrf__lib__dk_buttons_and_leds.a(dk_buttons_and_leds.c.obj)
                0x0000000000013874                dk_leds_init
 .text.dk_read_buttons
                0x00000000000138c8       0x20 modules/nrf/lib/dk_buttons_and_leds/lib..__nrf__lib__dk_buttons_and_leds.a(dk_buttons_and_leds.c.obj)
                0x00000000000138c8                dk_read_buttons
 .text.dk_buttons_init
                0x00000000000138e8      0x124 modules/nrf/lib/dk_buttons_and_leds/lib..__nrf__lib__dk_buttons_and_leds.a(dk_buttons_and_leds.c.obj)
                0x00000000000138e8                dk_buttons_init
 .text.dk_set_led
                0x0000000000013a0c       0x64 modules/nrf/lib/dk_buttons_and_leds/lib..__nrf__lib__dk_buttons_and_leds.a(dk_buttons_and_leds.c.obj)
                0x0000000000013a0c                dk_set_led
 .text.k_sys_fatal_error_handler
                0x0000000000013a70       0x2c modules/nrf/lib/fatal_error/lib..__nrf__lib__fatal_error.a(fatal_error.c.obj)
                0x0000000000013a70                k_sys_fatal_error_handler
 .text.tfm_ns_interface_dispatch
                0x0000000000013a9c       0x64 modules/trusted-firmware-m/libtfm_api.a(interface.c.obj)
                0x0000000000013a9c                tfm_ns_interface_dispatch
 .text.tfm_platform_ioctl
                0x0000000000013b00       0x4c modules/trusted-firmware-m/libtfm_api.a(tfm_platform_api.c.obj)
                0x0000000000013b00                tfm_platform_ioctl
 .text.psa_generate_random
                0x0000000000013b4c       0x40 modules/trusted-firmware-m/libtfm_api.a(tfm_crypto_api.c.obj)
                0x0000000000013b4c                psa_generate_random
 .text.psa_call
                0x0000000000013b8c       0x38 modules/trusted-firmware-m/libtfm_api.a(tfm_psa_ns_api.c.obj)
                0x0000000000013b8c                psa_call
 .text.nrfx_flag32_alloc
                0x0000000000013bc4       0x38 modules/hal_nordic/nrfx/libmodules__hal_nordic__nrfx.a(nrfx_flag32_allocator.c.obj)
                0x0000000000013bc4                nrfx_flag32_alloc
 .text.nrfx_flag32_free
                0x0000000000013bfc       0x38 modules/hal_nordic/nrfx/libmodules__hal_nordic__nrfx.a(nrfx_flag32_allocator.c.obj)
                0x0000000000013bfc                nrfx_flag32_free
 .text.clock_stop
                0x0000000000013c34      0x17c modules/hal_nordic/nrfx/libmodules__hal_nordic__nrfx.a(nrfx_clock.c.obj)
 .text.nrfx_clock_init
                0x0000000000013db0       0x20 modules/hal_nordic/nrfx/libmodules__hal_nordic__nrfx.a(nrfx_clock.c.obj)
                0x0000000000013db0                nrfx_clock_init
 .text.nrfx_clock_enable
                0x0000000000013dd0       0x28 modules/hal_nordic/nrfx/libmodules__hal_nordic__nrfx.a(nrfx_clock.c.obj)
                0x0000000000013dd0                nrfx_clock_enable
 .text.nrfx_clock_start
                0x0000000000013df8       0xb8 modules/hal_nordic/nrfx/libmodules__hal_nordic__nrfx.a(nrfx_clock.c.obj)
                0x0000000000013df8                nrfx_clock_start
 .text.nrfx_power_clock_irq_handler
                0x0000000000013eb0       0xac modules/hal_nordic/nrfx/libmodules__hal_nordic__nrfx.a(nrfx_clock.c.obj)
                0x0000000000013eb0                nrfx_power_clock_irq_handler
 .text.nrfx_dppi_channel_alloc
                0x0000000000013f5c        0xc modules/hal_nordic/nrfx/libmodules__hal_nordic__nrfx.a(nrfx_dppi.c.obj)
                0x0000000000013f5c                nrfx_dppi_channel_alloc
 .text.nrfx_dppi_channel_free
                0x0000000000013f68       0x1c modules/hal_nordic/nrfx/libmodules__hal_nordic__nrfx.a(nrfx_dppi.c.obj)
                0x0000000000013f68                nrfx_dppi_channel_free
 .text.nrf_gpio_pin_port_decode
                0x0000000000013f84       0x20 modules/hal_nordic/nrfx/libmodules__hal_nordic__nrfx.a(nrfx_gpiote.c.obj)
 .text.pin_in_use_by_te
                0x0000000000013fa4       0x14 modules/hal_nordic/nrfx/libmodules__hal_nordic__nrfx.a(nrfx_gpiote.c.obj)
 .text.call_handler
                0x0000000000013fb8       0x3c modules/hal_nordic/nrfx/libmodules__hal_nordic__nrfx.a(nrfx_gpiote.c.obj)
 .text.release_handler
                0x0000000000013ff4       0x54 modules/hal_nordic/nrfx/libmodules__hal_nordic__nrfx.a(nrfx_gpiote.c.obj)
 .text.pin_handler_trigger_uninit
                0x0000000000014048       0x3c modules/hal_nordic/nrfx/libmodules__hal_nordic__nrfx.a(nrfx_gpiote.c.obj)
 .text.nrfx_gpiote_input_configure
                0x0000000000014084      0x15c modules/hal_nordic/nrfx/libmodules__hal_nordic__nrfx.a(nrfx_gpiote.c.obj)
                0x0000000000014084                nrfx_gpiote_input_configure
 .text.nrfx_gpiote_output_configure
                0x00000000000141e0       0xe8 modules/hal_nordic/nrfx/libmodules__hal_nordic__nrfx.a(nrfx_gpiote.c.obj)
                0x00000000000141e0                nrfx_gpiote_output_configure
 .text.nrfx_gpiote_global_callback_set
                0x00000000000142c8        0xc modules/hal_nordic/nrfx/libmodules__hal_nordic__nrfx.a(nrfx_gpiote.c.obj)
                0x00000000000142c8                nrfx_gpiote_global_callback_set
 .text.nrfx_gpiote_channel_get
                0x00000000000142d4       0x2c modules/hal_nordic/nrfx/libmodules__hal_nordic__nrfx.a(nrfx_gpiote.c.obj)
                0x00000000000142d4                nrfx_gpiote_channel_get
 .text.nrfx_gpiote_init
                0x0000000000014300       0x50 modules/hal_nordic/nrfx/libmodules__hal_nordic__nrfx.a(nrfx_gpiote.c.obj)
                0x0000000000014300                nrfx_gpiote_init
 .text.nrfx_gpiote_is_init
                0x0000000000014350       0x14 modules/hal_nordic/nrfx/libmodules__hal_nordic__nrfx.a(nrfx_gpiote.c.obj)
                0x0000000000014350                nrfx_gpiote_is_init
 .text.nrfx_gpiote_channel_free
                0x0000000000014364        0xc modules/hal_nordic/nrfx/libmodules__hal_nordic__nrfx.a(nrfx_gpiote.c.obj)
                0x0000000000014364                nrfx_gpiote_channel_free
 .text.nrfx_gpiote_channel_alloc
                0x0000000000014370        0xc modules/hal_nordic/nrfx/libmodules__hal_nordic__nrfx.a(nrfx_gpiote.c.obj)
                0x0000000000014370                nrfx_gpiote_channel_alloc
 .text.nrfx_gpiote_trigger_enable
                0x000000000001437c       0x8c modules/hal_nordic/nrfx/libmodules__hal_nordic__nrfx.a(nrfx_gpiote.c.obj)
                0x000000000001437c                nrfx_gpiote_trigger_enable
 .text.nrfx_gpiote_trigger_disable
                0x0000000000014408       0x50 modules/hal_nordic/nrfx/libmodules__hal_nordic__nrfx.a(nrfx_gpiote.c.obj)
                0x0000000000014408                nrfx_gpiote_trigger_disable
 .text.nrfx_gpiote_pin_uninit
                0x0000000000014458       0x50 modules/hal_nordic/nrfx/libmodules__hal_nordic__nrfx.a(nrfx_gpiote.c.obj)
                0x0000000000014458                nrfx_gpiote_pin_uninit
 .text.nrfx_gpiote_irq_handler
                0x00000000000144a8      0x1b0 modules/hal_nordic/nrfx/libmodules__hal_nordic__nrfx.a(nrfx_gpiote.c.obj)
                0x00000000000144a8                nrfx_gpiote_irq_handler
 .text.nrfx_ipc_init
                0x0000000000014658       0x30 modules/hal_nordic/nrfx/libmodules__hal_nordic__nrfx.a(nrfx_ipc.c.obj)
                0x0000000000014658                nrfx_ipc_init
 .text.nrfx_ipc_config_load
                0x0000000000014688       0x40 modules/hal_nordic/nrfx/libmodules__hal_nordic__nrfx.a(nrfx_ipc.c.obj)
                0x0000000000014688                nrfx_ipc_config_load
 .text.nrfx_ipc_receive_event_enable
                0x00000000000146c8       0x10 modules/hal_nordic/nrfx/libmodules__hal_nordic__nrfx.a(nrfx_ipc.c.obj)
                0x00000000000146c8                nrfx_ipc_receive_event_enable
 .text.nrfx_ipc_receive_event_disable
                0x00000000000146d8       0x10 modules/hal_nordic/nrfx/libmodules__hal_nordic__nrfx.a(nrfx_ipc.c.obj)
                0x00000000000146d8                nrfx_ipc_receive_event_disable
 .text.nrfx_ipc_irq_handler
                0x00000000000146e8       0x40 modules/hal_nordic/nrfx/libmodules__hal_nordic__nrfx.a(nrfx_ipc.c.obj)
                0x00000000000146e8                nrfx_ipc_irq_handler
 .text.metal_generic_dev_open
                0x0000000000014728       0x40 modules/libmetal/libmetal/lib/libmetal.a(device.c.obj)
                0x0000000000014728                metal_generic_dev_open
 .text.metal_bus_unregister
                0x0000000000014768       0x3c modules/libmetal/libmetal/lib/libmetal.a(device.c.obj)
                0x0000000000014768                metal_bus_unregister
 .text.metal_bus_find
                0x00000000000147a4       0x3c modules/libmetal/libmetal/lib/libmetal.a(device.c.obj)
                0x00000000000147a4                metal_bus_find
 .text.metal_bus_register
                0x00000000000147e0       0x68 modules/libmetal/libmetal/lib/libmetal.a(device.c.obj)
                0x00000000000147e0                metal_bus_register
 .text.metal_register_generic_device
                0x0000000000014848       0x40 modules/libmetal/libmetal/lib/libmetal.a(device.c.obj)
                0x0000000000014848                metal_register_generic_device
 .text.metal_init
                0x0000000000014888       0x40 modules/libmetal/libmetal/lib/libmetal.a(init.c.obj)
                0x0000000000014888                metal_init
 .text.metal_finish
                0x00000000000148c8       0x18 modules/libmetal/libmetal/lib/libmetal.a(init.c.obj)
                0x00000000000148c8                metal_finish
 .text.metal_sys_init
                0x00000000000148e0       0x10 modules/libmetal/libmetal/lib/libmetal.a(init.c.obj)
                0x00000000000148e0                metal_sys_init
 .text.metal_sys_finish
                0x00000000000148f0        0xc modules/libmetal/libmetal/lib/libmetal.a(init.c.obj)
                0x00000000000148f0                metal_sys_finish
 .text.metal_zephyr_log_handler
                0x00000000000148fc       0x3c modules/libmetal/libmetal/lib/libmetal.a(log.c.obj)
                0x00000000000148fc                metal_zephyr_log_handler
 .text.virtio_create_virtqueues
                0x0000000000014938       0xa0 modules/open-amp/open-amp/lib/libopen_amp.a(virtio.c.obj)
                0x0000000000014938                virtio_create_virtqueues
 .text.virtqueue_free
                0x00000000000149d8       0x38 modules/open-amp/open-amp/lib/libopen_amp.a(virtqueue.c.obj)
                0x00000000000149d8                virtqueue_free
 .text.virtqueue_add_consumed_buffer
                0x0000000000014a10       0x38 modules/open-amp/open-amp/lib/libopen_amp.a(virtqueue.c.obj)
                0x0000000000014a10                virtqueue_add_consumed_buffer
 .text.rpmsg_send_offchannel_raw
                0x0000000000014a48       0x2c modules/open-amp/open-amp/lib/libopen_amp.a(rpmsg.c.obj)
                0x0000000000014a48                rpmsg_send_offchannel_raw
 .text.rpmsg_send_offchannel_nocopy
                0x0000000000014a74       0x2c modules/open-amp/open-amp/lib/libopen_amp.a(rpmsg.c.obj)
                0x0000000000014a74                rpmsg_send_offchannel_nocopy
 .text.rpmsg_register_endpoint
                0x0000000000014aa0       0x40 modules/open-amp/open-amp/lib/libopen_amp.a(rpmsg.c.obj)
                0x0000000000014aa0                rpmsg_register_endpoint
 .text.rpmsg_create_ept
                0x0000000000014ae0      0x100 modules/open-amp/open-amp/lib/libopen_amp.a(rpmsg.c.obj)
                0x0000000000014ae0                rpmsg_create_ept
 .text.rpmsg_virtio_send_offchannel_raw
                0x0000000000014be0       0x5c modules/open-amp/open-amp/lib/libopen_amp.a(rpmsg_virtio.c.obj)
 .text.rpmsg_virtio_get_buffer_size
                0x0000000000014c3c       0x4c modules/open-amp/open-amp/lib/libopen_amp.a(rpmsg_virtio.c.obj)
                0x0000000000014c3c                rpmsg_virtio_get_buffer_size
 .text.rpmsg_init_vdev_with_config
                0x0000000000014c88      0x254 modules/open-amp/open-amp/lib/libopen_amp.a(rpmsg_virtio.c.obj)
                0x0000000000014c88                rpmsg_init_vdev_with_config
 .text.rpmsg_init_vdev
                0x0000000000014edc       0x2c modules/open-amp/open-amp/lib/libopen_amp.a(rpmsg_virtio.c.obj)
                0x0000000000014edc                rpmsg_init_vdev
 .text.z_fatal_error
                0x0000000000014f08       0xfc zephyr/kernel/libkernel.a(fatal.c.obj)
                0x0000000000014f08                z_fatal_error
 .text.z_sys_init_run_level
                0x0000000000015004       0x48 zephyr/kernel/libkernel.a(init.c.obj)
 .text.bg_thread_main
                0x000000000001504c       0x34 zephyr/kernel/libkernel.a(init.c.obj)
 .text.z_bss_zero
                0x0000000000015080       0x18 zephyr/kernel/libkernel.a(init.c.obj)
                0x0000000000015080                z_bss_zero
 .text.z_init_cpu
                0x0000000000015098       0x68 zephyr/kernel/libkernel.a(init.c.obj)
                0x0000000000015098                z_init_cpu
 .text.z_cstart
                0x0000000000015100       0xe4 zephyr/kernel/libkernel.a(init.c.obj)
                0x0000000000015100                z_cstart
 .text.statics_init
                0x00000000000151e4       0x24 zephyr/kernel/libkernel.a(kheap.c.obj)
 .text.init_mem_slab_module
                0x0000000000015208       0x24 zephyr/kernel/libkernel.a(mem_slab.c.obj)
 .text.k_mem_slab_alloc
                0x000000000001522c       0x5c zephyr/kernel/libkernel.a(mem_slab.c.obj)
                0x000000000001522c                k_mem_slab_alloc
 .text.z_setup_new_thread
                0x0000000000015288       0x60 zephyr/kernel/libkernel.a(thread.c.obj)
                0x0000000000015288                z_setup_new_thread
 .text.z_impl_k_thread_create
                0x00000000000152e8       0x58 zephyr/kernel/libkernel.a(thread.c.obj)
                0x00000000000152e8                z_impl_k_thread_create
 .text.z_init_static_threads
                0x0000000000015340       0xb8 zephyr/kernel/libkernel.a(thread.c.obj)
                0x0000000000015340                z_init_static_threads
 .text.idle     0x00000000000153f8       0x38 zephyr/kernel/libkernel.a(idle.c.obj)
                0x00000000000153f8                idle
 .text.z_impl_k_mutex_lock
                0x0000000000015430       0xf4 zephyr/kernel/libkernel.a(mutex.c.obj)
                0x0000000000015430                z_impl_k_mutex_lock
 .text.z_impl_k_mutex_unlock
                0x0000000000015524       0x78 zephyr/kernel/libkernel.a(mutex.c.obj)
                0x0000000000015524                z_impl_k_mutex_unlock
 .text.z_impl_k_queue_get
                0x000000000001559c       0x68 zephyr/kernel/libkernel.a(queue.c.obj)
                0x000000000001559c                z_impl_k_queue_get
 .text.z_impl_k_sem_give
                0x0000000000015604       0x4c zephyr/kernel/libkernel.a(sem.c.obj)
                0x0000000000015604                z_impl_k_sem_give
 .text.z_impl_k_sem_take
                0x0000000000015650       0x50 zephyr/kernel/libkernel.a(sem.c.obj)
                0x0000000000015650                z_impl_k_sem_take
 .text.k_sys_work_q_init
                0x00000000000156a0       0x34 zephyr/kernel/libkernel.a(system_work_q.c.obj)
 .text.work_queue_main
                0x00000000000156d4      0x138 zephyr/kernel/libkernel.a(work.c.obj)
 .text.cancel_sync_locked
                0x000000000001580c       0x3c zephyr/kernel/libkernel.a(work.c.obj)
 .text.submit_to_queue_locked
                0x0000000000015848       0xb4 zephyr/kernel/libkernel.a(work.c.obj)
 .text.k_work_submit
                0x00000000000158fc        0xc zephyr/kernel/libkernel.a(work.c.obj)
                0x00000000000158fc                k_work_submit
 .text.k_work_queue_start
                0x0000000000015908       0x70 zephyr/kernel/libkernel.a(work.c.obj)
                0x0000000000015908                k_work_queue_start
 .text.k_work_queue_drain
                0x0000000000015978       0x7c zephyr/kernel/libkernel.a(work.c.obj)
                0x0000000000015978                k_work_queue_drain
 .text.k_work_schedule_for_queue
                0x00000000000159f4       0x54 zephyr/kernel/libkernel.a(work.c.obj)
                0x00000000000159f4                k_work_schedule_for_queue
 .text.k_work_schedule
                0x0000000000015a48        0xc zephyr/kernel/libkernel.a(work.c.obj)
                0x0000000000015a48                k_work_schedule
 .text.k_work_reschedule_for_queue
                0x0000000000015a54       0x5c zephyr/kernel/libkernel.a(work.c.obj)
                0x0000000000015a54                k_work_reschedule_for_queue
 .text.k_work_reschedule
                0x0000000000015ab0        0xc zephyr/kernel/libkernel.a(work.c.obj)
                0x0000000000015ab0                k_work_reschedule
 .text.sliceable
                0x0000000000015abc       0x3c zephyr/kernel/libkernel.a(sched.c.obj)
 .text.slice_timeout
                0x0000000000015af8       0x20 zephyr/kernel/libkernel.a(sched.c.obj)
 .text.z_reset_time_slice
                0x0000000000015b18       0x50 zephyr/kernel/libkernel.a(sched.c.obj)
                0x0000000000015b18                z_reset_time_slice
 .text.update_cache
                0x0000000000015b68       0x3c zephyr/kernel/libkernel.a(sched.c.obj)
 .text.move_thread_to_end_of_prio_q
                0x0000000000015ba4       0x74 zephyr/kernel/libkernel.a(sched.c.obj)
 .text.ready_thread
                0x0000000000015c18       0x68 zephyr/kernel/libkernel.a(sched.c.obj)
 .text.unready_thread
                0x0000000000015c80       0x30 zephyr/kernel/libkernel.a(sched.c.obj)
 .text.pend_locked
                0x0000000000015cb0       0x30 zephyr/kernel/libkernel.a(sched.c.obj)
 .text.z_time_slice
                0x0000000000015ce0       0x60 zephyr/kernel/libkernel.a(sched.c.obj)
                0x0000000000015ce0                z_time_slice
 .text.z_pend_curr
                0x0000000000015d40       0x3c zephyr/kernel/libkernel.a(sched.c.obj)
                0x0000000000015d40                z_pend_curr
 .text.z_set_prio
                0x0000000000015d7c       0x8c zephyr/kernel/libkernel.a(sched.c.obj)
                0x0000000000015d7c                z_set_prio
 .text.z_reschedule
                0x0000000000015e08       0x24 zephyr/kernel/libkernel.a(sched.c.obj)
                0x0000000000015e08                z_reschedule
 .text.z_sched_start
                0x0000000000015e2c       0x3c zephyr/kernel/libkernel.a(sched.c.obj)
                0x0000000000015e2c                z_sched_start
 .text.z_impl_k_thread_suspend
                0x0000000000015e68       0x64 zephyr/kernel/libkernel.a(sched.c.obj)
                0x0000000000015e68                z_impl_k_thread_suspend
 .text.k_sched_lock
                0x0000000000015ecc       0x28 zephyr/kernel/libkernel.a(sched.c.obj)
                0x0000000000015ecc                k_sched_lock
 .text.k_sched_unlock
                0x0000000000015ef4       0x38 zephyr/kernel/libkernel.a(sched.c.obj)
                0x0000000000015ef4                k_sched_unlock
 .text.z_sched_init
                0x0000000000015f2c       0x10 zephyr/kernel/libkernel.a(sched.c.obj)
                0x0000000000015f2c                z_sched_init
 .text.z_impl_k_yield
                0x0000000000015f3c       0x7c zephyr/kernel/libkernel.a(sched.c.obj)
                0x0000000000015f3c                z_impl_k_yield
 .text.z_tick_sleep
                0x0000000000015fb8       0x88 zephyr/kernel/libkernel.a(sched.c.obj)
 .text.z_impl_k_sleep
                0x0000000000016040       0x34 zephyr/kernel/libkernel.a(sched.c.obj)
                0x0000000000016040                z_impl_k_sleep
 .text.z_impl_z_current_get
                0x0000000000016074        0xc zephyr/kernel/libkernel.a(sched.c.obj)
                0x0000000000016074                z_impl_z_current_get
 .text.z_thread_abort
                0x0000000000016080       0xc0 zephyr/kernel/libkernel.a(sched.c.obj)
                0x0000000000016080                z_thread_abort
 .text.z_sched_wait
                0x0000000000016140       0x24 zephyr/kernel/libkernel.a(sched.c.obj)
                0x0000000000016140                z_sched_wait
 .text.z_data_copy
                0x0000000000016164       0x34 zephyr/kernel/libkernel.a(xip.c.obj)
                0x0000000000016164                z_data_copy
 .text.elapsed  0x0000000000016198       0x14 zephyr/kernel/libkernel.a(timeout.c.obj)
 .text.next_timeout
                0x00000000000161ac       0x40 zephyr/kernel/libkernel.a(timeout.c.obj)
 .text.remove_timeout
                0x00000000000161ec       0x38 zephyr/kernel/libkernel.a(timeout.c.obj)
 .text.z_add_timeout
                0x0000000000016224       0xec zephyr/kernel/libkernel.a(timeout.c.obj)
                0x0000000000016224                z_add_timeout
 .text.sys_clock_announce
                0x0000000000016310       0xd4 zephyr/kernel/libkernel.a(timeout.c.obj)
                0x0000000000016310                sys_clock_announce
 .text.sys_clock_tick_get
                0x00000000000163e4       0x34 zephyr/kernel/libkernel.a(timeout.c.obj)
                0x00000000000163e4                sys_clock_tick_get
 .text.z_timer_expiration_handler
                0x0000000000016418       0xe4 zephyr/kernel/libkernel.a(timer.c.obj)
                0x0000000000016418                z_timer_expiration_handler
 .text.z_impl_k_timer_start
                0x00000000000164fc       0x60 zephyr/kernel/libkernel.a(timer.c.obj)
                0x00000000000164fc                z_impl_k_timer_start
 .text.z_impl_k_poll
                0x000000000001655c       0xb8 zephyr/kernel/libkernel.a(poll.c.obj)
                0x000000000001655c                z_impl_k_poll
 .text.z_impl_k_poll_signal_raise
                0x0000000000016614       0x50 zephyr/kernel/libkernel.a(poll.c.obj)
                0x0000000000016614                z_impl_k_poll_signal_raise
 .text.k_aligned_alloc
                0x0000000000016664       0x10 zephyr/kernel/libkernel.a(mempool.c.obj)
                0x0000000000016664                k_aligned_alloc
 .text.k_thread_system_pool_assign
                0x0000000000016674        0xc zephyr/kernel/libkernel.a(mempool.c.obj)
                0x0000000000016674                k_thread_system_pool_assign
 .text.z_thread_aligned_alloc
                0x0000000000016680       0x30 zephyr/kernel/libkernel.a(mempool.c.obj)
                0x0000000000016680                z_thread_aligned_alloc
 .text.boot_banner
                0x00000000000166b0        0xc zephyr/kernel/libkernel.a(banner.c.obj)
                0x00000000000166b0                boot_banner
 .text.app_led_cb
                0x00000000000166bc        0x8 app/libapp.a(main.c.obj)
 .text.indicate_cb
                0x00000000000166c4        0x2 app/libapp.a(my_lbs.c.obj)
 .text.cbpprintf_external
                0x00000000000166c6       0x62 zephyr/libzephyr.a(cbprintf_packaged.c.obj)
                0x00000000000166c6                cbpprintf_external
 .text.is_ptr   0x0000000000016728       0x4a zephyr/libzephyr.a(cbprintf_packaged.c.obj)
                0x0000000000016728                is_ptr
 .text.arch_printk_char_out
                0x0000000000016772        0x4 zephyr/libzephyr.a(printk.c.obj)
                0x0000000000016772                arch_printk_char_out
 .text.str_out  0x0000000000016776       0x26 zephyr/libzephyr.a(printk.c.obj)
 .text.vprintk  0x000000000001679c        0x4 zephyr/libzephyr.a(printk.c.obj)
                0x000000000001679c                vprintk
 .text.printk   0x00000000000167a0       0x1a zephyr/libzephyr.a(printk.c.obj)
                0x00000000000167a0                printk
 .text.snprintk
                0x00000000000167ba       0x1a zephyr/libzephyr.a(printk.c.obj)
                0x00000000000167ba                snprintk
 .text.z_thread_entry
                0x00000000000167d4       0x14 zephyr/libzephyr.a(thread_entry.c.obj)
                0x00000000000167d4                z_thread_entry
 .text.chunk_size
                0x00000000000167e8        0xa zephyr/libzephyr.a(heap.c.obj)
 .text.free_list_add
                0x00000000000167f2       0x4e zephyr/libzephyr.a(heap.c.obj)
 .text.free_list_remove_bidx
                0x0000000000016840       0x3a zephyr/libzephyr.a(heap.c.obj)
 .text.free_list_remove
                0x000000000001687a       0x1a zephyr/libzephyr.a(heap.c.obj)
 .text.alloc_chunk
                0x0000000000016894       0x6e zephyr/libzephyr.a(heap.c.obj)
 .text.merge_chunks
                0x0000000000016902       0x2c zephyr/libzephyr.a(heap.c.obj)
 .text.split_chunks
                0x000000000001692e       0x34 zephyr/libzephyr.a(heap.c.obj)
 .text.free_chunk
                0x0000000000016962       0x62 zephyr/libzephyr.a(heap.c.obj)
 .text.sys_heap_free
                0x00000000000169c4       0x1e zephyr/libzephyr.a(heap.c.obj)
                0x00000000000169c4                sys_heap_free
 .text.sys_heap_alloc
                0x00000000000169e2       0x52 zephyr/libzephyr.a(heap.c.obj)
                0x00000000000169e2                sys_heap_alloc
 .text.sys_heap_aligned_alloc
                0x0000000000016a34       0xce zephyr/libzephyr.a(heap.c.obj)
                0x0000000000016a34                sys_heap_aligned_alloc
 .text.sys_heap_init
                0x0000000000016b02       0x70 zephyr/libzephyr.a(heap.c.obj)
                0x0000000000016b02                sys_heap_init
 .text.process_recheck
                0x0000000000016b72       0x38 zephyr/libzephyr.a(onoff.c.obj)
 .text.validate_args
                0x0000000000016baa       0x20 zephyr/libzephyr.a(onoff.c.obj)
 .text.notify_one
                0x0000000000016bca       0x2c zephyr/libzephyr.a(onoff.c.obj)
 .text.transition_complete
                0x0000000000016bf6       0x1c zephyr/libzephyr.a(onoff.c.obj)
 .text.onoff_manager_init
                0x0000000000016c12       0x26 zephyr/libzephyr.a(onoff.c.obj)
                0x0000000000016c12                onoff_manager_init
 .text.onoff_request
                0x0000000000016c38       0xb0 zephyr/libzephyr.a(onoff.c.obj)
                0x0000000000016c38                onoff_request
 .text.sys_notify_validate
                0x0000000000016ce8       0x28 zephyr/libzephyr.a(notify.c.obj)
                0x0000000000016ce8                sys_notify_validate
 .text.sys_notify_finalize
                0x0000000000016d10       0x32 zephyr/libzephyr.a(notify.c.obj)
                0x0000000000016d10                sys_notify_finalize
 .text.encode_uint
                0x0000000000016d42       0x8c zephyr/libzephyr.a(cbprintf_complete.c.obj)
 .text.outs     0x0000000000016dce       0x2e zephyr/libzephyr.a(cbprintf_complete.c.obj)
 .text.assert_print
                0x0000000000016dfc       0x1a zephyr/libzephyr.a(assert.c.obj)
                0x0000000000016dfc                assert_print
 .text.free_space
                0x0000000000016e16       0x26 zephyr/libzephyr.a(mpsc_pbuf.c.obj)
 .text.get_usage
                0x0000000000016e3c       0x22 zephyr/libzephyr.a(mpsc_pbuf.c.obj)
 .text.idx_inc  0x0000000000016e5e       0x1c zephyr/libzephyr.a(mpsc_pbuf.c.obj)
 .text.rd_idx_inc
                0x0000000000016e7a       0x18 zephyr/libzephyr.a(mpsc_pbuf.c.obj)
 .text.add_skip_item
                0x0000000000016e92       0x3e zephyr/libzephyr.a(mpsc_pbuf.c.obj)
 .text.drop_item_locked
                0x0000000000016ed0       0xee zephyr/libzephyr.a(mpsc_pbuf.c.obj)
 .text.post_drop_action
                0x0000000000016fbe       0x36 zephyr/libzephyr.a(mpsc_pbuf.c.obj)
 .text.max_utilization_update
                0x0000000000016ff4       0x1a zephyr/libzephyr.a(mpsc_pbuf.c.obj)
 .text.mpsc_pbuf_init
                0x000000000001700e       0x42 zephyr/libzephyr.a(mpsc_pbuf.c.obj)
                0x000000000001700e                mpsc_pbuf_init
 .text.mpsc_pbuf_alloc
                0x0000000000017050       0xfc zephyr/libzephyr.a(mpsc_pbuf.c.obj)
                0x0000000000017050                mpsc_pbuf_alloc
 .text.mpsc_pbuf_commit
                0x000000000001714c       0x40 zephyr/libzephyr.a(mpsc_pbuf.c.obj)
                0x000000000001714c                mpsc_pbuf_commit
 .text.mpsc_pbuf_claim
                0x000000000001718c       0xa4 zephyr/libzephyr.a(mpsc_pbuf.c.obj)
                0x000000000001718c                mpsc_pbuf_claim
 .text.mpsc_pbuf_free
                0x0000000000017230       0x78 zephyr/libzephyr.a(mpsc_pbuf.c.obj)
                0x0000000000017230                mpsc_pbuf_free
 .text.mpsc_pbuf_is_pending
                0x00000000000172a8       0x1a zephyr/libzephyr.a(mpsc_pbuf.c.obj)
                0x00000000000172a8                mpsc_pbuf_is_pending
 .text._ConfigAbsSyms
                0x00000000000172c2        0x2 zephyr/libzephyr.a(configs.c.obj)
                0x00000000000172c2                _ConfigAbsSyms
 .text.nordicsemi_nrf53_init
                0x00000000000172c4       0x56 zephyr/libzephyr.a(soc.c.obj)
 .text.pm_state_set
                0x000000000001731a       0x18 zephyr/libzephyr.a(power.c.obj)
                0x000000000001731a                pm_state_set
 .text.pm_state_exit_post_ops
                0x0000000000017332        0xc zephyr/libzephyr.a(power.c.obj)
                0x0000000000017332                pm_state_exit_post_ops
 .text.soc_secure_gpio_pin_mcu_select
                0x000000000001733e        0xe zephyr/libzephyr.a(soc_secure.c.obj)
                0x000000000001733e                soc_secure_gpio_pin_mcu_select
 .text.z_log_msg_static_create.constprop.0